Component: ARM Compiler 5.06 update 6 (build 750) Tool: armlink [4d35ed]

==============================================================================

Section Cross References

    main.o(.text) refers to misc.o(.text) for NVIC_PriorityGroupConfig
    main.o(.text) refers to delay.o(.text) for delay_init
    main.o(.text) refers to usart.o(.text) for uart_init
    main.o(.text) refers to exti.o(.text) for exti_init
    main.o(.text) refers to lcd.o(.text) for LCD_Init
    main.o(.text) refers to touch.o(.text) for TP_Save_Adjdata
    main.o(.text) refers to rand.o(.text) for srand
    main.o(.text) refers to image2lcd.o(.text) for image_display
    main.o(.text) refers to vl53l0x.o(.text) for vl53l0x_init
    main.o(.text) refers to pwm.o(.text) for TIM1_PWM_Init
    main.o(.text) refers to tim.o(.text) for tim2_init
    main.o(.text) refers to led.o(.text) for Fan_Init
    main.o(.text) refers to image1.o(.constdata) for gImage_image1
    main.o(.text) refers to touch.o(.data) for tp_dev
    main.o(.text) refers to vl53l0x.o(.bss) for vl53l0x_dev
    system_stm32f10x.o(.text) refers to system_stm32f10x.o(.data) for SystemCoreClock
    key.o(.text) refers to stm32f10x_rcc.o(.text) for RCC_APB2PeriphClockCmd
    key.o(.text) refers to stm32f10x_gpio.o(.text) for GPIO_PinRemapConfig
    key.o(.text) refers to delay.o(.text) for delay_ms
    key.o(.text) refers to key.o(.data) for key_up
    pid.o(.text) refers to _printf_percent.o(.ARM.Collect$$_printf_percent$$00000000) for _printf_percent
    pid.o(.text) refers to _printf_d.o(.ARM.Collect$$_printf_percent$$00000009) for _printf_d
    pid.o(.text) refers to _printf_dec.o(.text) for _printf_int_dec
    pid.o(.text) refers to delay.o(.text) for delay_ms
    pid.o(.text) refers to lcd.o(.text) for LCD_ShowString
    pid.o(.text) refers to pid.o(.data) for myData
    pid.o(.text) refers to touch.o(.data) for tp_dev
    pid.o(.text) refers to fflt_clz.o(x$fpl$fflt) for __aeabi_i2f
    pid.o(.text) refers to fmul.o(x$fpl$fmul) for __aeabi_fmul
    pid.o(.text) refers to faddsub_clz.o(x$fpl$fsub) for __aeabi_fsub
    pid.o(.text) refers to faddsub_clz.o(x$fpl$fadd) for __aeabi_fadd
    pid.o(.text) refers to frleqf.o(x$fpl$frleqf) for __aeabi_cfrcmple
    pid.o(.text) refers to ffixu.o(x$fpl$ffixu) for __aeabi_f2uiz
    pid.o(.text) refers to stm32f10x_tim.o(.text) for TIM_SetCompare1
    pid.o(.text) refers to vl53l0x.o(.text) for myV15310
    pid.o(.text) refers to fflt_clz.o(x$fpl$ffltu) for __aeabi_ui2f
    pid.o(.text) refers to noretval__2sprintf.o(.text) for __2sprintf
    pid.o(.text) refers to stm32f10x_exti.o(.text) for EXTI_GetITStatus
    pid.o(.text) refers to stm32f10x_gpio.o(.text) for GPIO_ReadInputDataBit
    pid.o(.text) refers to vl53l0x_gen.o(.data) for dis
    pwm.o(.text) refers to stm32f10x_rcc.o(.text) for RCC_APB2PeriphClockCmd
    pwm.o(.text) refers to stm32f10x_gpio.o(.text) for GPIO_Init
    pwm.o(.text) refers to stm32f10x_tim.o(.text) for TIM_TimeBaseInit
    exti.o(.text) refers to stm32f10x_rcc.o(.text) for RCC_APB2PeriphClockCmd
    exti.o(.text) refers to key.o(.text) for KEY_Init
    exti.o(.text) refers to stm32f10x_gpio.o(.text) for GPIO_EXTILineConfig
    exti.o(.text) refers to stm32f10x_exti.o(.text) for EXTI_Init
    exti.o(.text) refers to misc.o(.text) for NVIC_Init
    tim.o(.text) refers to stm32f10x_rcc.o(.text) for RCC_APB1PeriphClockCmd
    tim.o(.text) refers to stm32f10x_tim.o(.text) for TIM_TimeBaseInit
    tim.o(.text) refers to misc.o(.text) for NVIC_Init
    led.o(.text) refers to stm32f10x_rcc.o(.text) for RCC_APB2PeriphClockCmd
    led.o(.text) refers to stm32f10x_gpio.o(.text) for GPIO_Init
    lcd.o(.text) refers to _printf_percent.o(.ARM.Collect$$_printf_percent$$00000000) for _printf_percent
    lcd.o(.text) refers to _printf_x.o(.ARM.Collect$$_printf_percent$$0000000C) for _printf_x
    lcd.o(.text) refers to _printf_hex_int.o(.text) for _printf_longlong_hex
    lcd.o(.text) refers to delay.o(.text) for delay_us
    lcd.o(.text) refers to lcd.o(.bss) for lcddev
    lcd.o(.text) refers to dflt_clz.o(x$fpl$dfltu) for __aeabi_ui2d
    lcd.o(.text) refers to dmul.o(x$fpl$dmul) for __aeabi_dmul
    lcd.o(.text) refers to dfixu.o(x$fpl$dfixu) for __aeabi_d2uiz
    lcd.o(.text) refers to lcd.o(.data) for POINT_COLOR
    lcd.o(.text) refers to stm32f10x_rcc.o(.text) for RCC_APB2PeriphClockCmd
    lcd.o(.text) refers to stm32f10x_gpio.o(.text) for GPIO_PinRemapConfig
    lcd.o(.text) refers to noretval__2printf.o(.text) for __2printf
    lcd.o(.text) refers to lcd.o(.constdata) for asc2_1206
    meau.o(.text) refers to lcd.o(.text) for LCD_Clear
    meau.o(.text) refers to lcd.o(.data) for POINT_COLOR
    touch.o(.text) refers to delay.o(.text) for delay_us
    touch.o(.text) refers to lcd.o(.text) for LCD_DrawLine
    touch.o(.text) refers to fflt_clz.o(x$fpl$fflt) for __aeabi_i2f
    touch.o(.text) refers to fflt_clz.o(x$fpl$ffltu) for __aeabi_ui2f
[...]
    EXTI2_IRQHandler                         0x08008ed7   Thumb Code     0  startup_stm32f10x_hd.o(.text)
    EXTI3_IRQHandler                         0x08008ed7   Thumb Code     0  startup_stm32f10x_hd.o(.text)
    EXTI9_5_IRQHandler                       0x08008ed7   Thumb Code     0  startup_stm32f10x_hd.o(.text)
    FLASH_IRQHandler                         0x08008ed7   Thumb Code     0  startup_stm32f10x_hd.o(.text)
    FSMC_IRQHandler                          0x08008ed7   Thumb Code     0  startup_stm32f10x_hd.o(.text)
    I2C1_ER_IRQHandler                       0x08008ed7   Thumb Code     0  startup_stm32f10x_hd.o(.text)
    I2C1_EV_IRQHandler                       0x08008ed7   Thumb Code     0  startup_stm32f10x_hd.o(.text)
    I2C2_ER_IRQHandler                       0x08008ed7   Thumb Code     0  startup_stm32f10x_hd.o(.text)
    I2C2_EV_IRQHandler                       0x08008ed7   Thumb Code     0  startup_stm32f10x_hd.o(.text)
    PVD_IRQHandler                           0x08008ed7   Thumb Code     0  startup_stm32f10x_hd.o(.text)
    RCC_IRQHandler                           0x08008ed7   Thumb Code     0  startup_stm32f10x_hd.o(.text)
    RTCAlarm_IRQHandler                      0x08008ed7   Thumb Code     0  startup_stm32f10x_hd.o(.text)
    RTC_IRQHandler                           0x08008ed7   Thumb Code     0  startup_stm32f10x_hd.o(.text)
    SDIO_IRQHandler                          0x08008ed7   Thumb Code     0  startup_stm32f10x_hd.o(.text)
    SPI1_IRQHandler                          0x08008ed7   Thumb Code     0  startup_stm32f10x_hd.o(.text)
    SPI2_IRQHandler                          0x08008ed7   Thumb Code     0  startup_stm32f10x_hd.o(.text)
    SPI3_IRQHandler                          0x08008ed7   Thumb Code     0  startup_stm32f10x_hd.o(.text)
    TAMPER_IRQHandler                        0x08008ed7   Thumb Code     0  startup_stm32f10x_hd.o(.text)
    TIM1_BRK_IRQHandler                      0x08008ed7   Thumb Code     0  startup_stm32f10x_hd.o(.text)
    TIM1_CC_IRQHandler                       0x08008ed7   Thumb Code     0  startup_stm32f10x_hd.o(.text)
    TIM1_TRG_COM_IRQHandler                  0x08008ed7   Thumb Code     0  startup_stm32f10x_hd.o(.text)
    TIM1_UP_IRQHandler                       0x08008ed7   Thumb Code     0  startup_stm32f10x_hd.o(.text)
    TIM3_IRQHandler                          0x08008ed7   Thumb Code     0  startup_stm32f10x_hd.o(.text)
    TIM5_IRQHandler                          0x08008ed7   Thumb Code     0  startup_stm32f10x_hd.o(.text)
    TIM6_IRQHandler                          0x08008ed7   Thumb Code     0  startup_stm32f10x_hd.o(.text)
    TIM7_IRQHandler                          0x08008ed7   Thumb Code     0  startup_stm32f10x_hd.o(.text)
    TIM8_BRK_IRQHandler                      0x08008ed7   Thumb Code     0  startup_stm32f10x_hd.o(.text)
    TIM8_CC_IRQHandler                       0x08008ed7   Thumb Code     0  startup_stm32f10x_hd.o(.text)
    TIM8_TRG_COM_IRQHandler                  0x08008ed7   Thumb Code     0  startup_stm32f10x_hd.o(.text)
    TIM8_UP_IRQHandler                       0x08008ed7   Thumb Code     0  startup_stm32f10x_hd.o(.text)
    UART4_IRQHandler                         0x08008ed7   Thumb Code     0  startup_stm32f10x_hd.o(.text)
    UART5_IRQHandler                         0x08008ed7   Thumb Code     0  startup_stm32f10x_hd.o(.text)
    USART2_IRQHandler                        0x08008ed7   Thumb Code     0  startup_stm32f10x_hd.o(.text)
    USART3_IRQHandler                        0x08008ed7   Thumb Code     0  startup_stm32f10x_hd.o(.text)
    USBWakeUp_IRQHandler                     0x08008ed7   Thumb Code     0  startup_stm32f10x_hd.o(.text)
    USB_HP_CAN1_TX_IRQHandler                0x08008ed7   Thumb Code     0  startup_stm32f10x_hd.o(.text)
    USB_LP_CAN1_RX0_IRQHandler               0x08008ed7   Thumb Code     0  startup_stm32f10x_hd.o(.text)
    WWDG_IRQHandler                          0x08008ed7   Thumb Code     0  startup_stm32f10x_hd.o(.text)
    __user_initial_stackheap                 0x08008ed9   Thumb Code     0  startup_stm32f10x_hd.o(.text)
    GPIO_DeInit                              0x08008efd   Thumb Code   172  stm32f10x_gpio.o(.text)
    GPIO_AFIODeInit                          0x08008fa9   Thumb Code    20  stm32f10x_gpio.o(.text)
    GPIO_Init                                0x08008fbd   Thumb Code   278  stm32f10x_gpio.o(.text)
    GPIO_StructInit                          0x080090d3   Thumb Code    16  stm32f10x_gpio.o(.text)
    GPIO_ReadInputDataBit                    0x080090e3   Thumb Code    18  stm32f10x_gpio.o(.text)
    GPIO_ReadInputData                       0x080090f5   Thumb Code     8  stm32f10x_gpio.o(.text)
    GPIO_ReadOutputDataBit                   0x080090fd   Thumb Code    18  stm32f10x_gpio.o(.text)
    GPIO_ReadOutputData                      0x0800910f   Thumb Code     8  stm32f10x_gpio.o(.text)
    GPIO_SetBits                             0x08009117   Thumb Code     4  stm32f10x_gpio.o(.text)
    GPIO_ResetBits                           0x0800911b   Thumb Code     4  stm32f10x_gpio.o(.text)
    GPIO_WriteBit                            0x0800911f   Thumb Code    10  stm32f10x_gpio.o(.text)
    GPIO_Write                               0x08009129   Thumb Code     4  stm32f10x_gpio.o(.text)
    GPIO_PinLockConfig                       0x0800912d   Thumb Code    18  stm32f10x_gpio.o(.text)
    GPIO_EventOutputConfig                   0x0800913f   Thumb Code    26  stm32f10x_gpio.o(.text)
    GPIO_EventOutputCmd                      0x08009159   Thumb Code     6  stm32f10x_gpio.o(.text)
    GPIO_PinRemapConfig                      0x0800915f   Thumb Code   138  stm32f10x_gpio.o(.text)
    GPIO_EXTILineConfig                      0x080091e9   Thumb Code    66  stm32f10x_gpio.o(.text)
    GPIO_ETH_MediaInterfaceConfig            0x0800922b   Thumb Code     8  stm32f10x_gpio.o(.text)
    RCC_DeInit                               0x08009259   Thumb Code    64  stm32f10x_rcc.o(.text)
    RCC_HSEConfig                            0x08009299   Thumb Code    70  stm32f10x_rcc.o(.text)
    RCC_GetFlagStatus                        0x080092df   Thumb Code    56  stm32f10x_rcc.o(.text)
    RCC_WaitForHSEStartUp                    0x08009317   Thumb Code    56  stm32f10x_rcc.o(.text)
    RCC_AdjustHSICalibrationValue            0x0800934f   Thumb Code    20  stm32f10x_rcc.o(.text)
    RCC_HSICmd                               0x08009363   Thumb Code     6  stm32f10x_rcc.o(.text)
    RCC_PLLConfig                            0x08009369   Thumb Code    24  stm32f10x_rcc.o(.text)
    RCC_PLLCmd                               0x08009381   Thumb Code     6  stm32f10x_rcc.o(.text)
    RCC_SYSCLKConfig                         0x08009387   Thumb Code    18  stm32f10x_rcc.o(.text)
    RCC_GetSYSCLKSource                      0x08009399   Thumb Code    10  stm32f10x_rcc.o(.text)
    RCC_HCLKConfig                           0x080093a3   Thumb Code    18  stm32f10x_rcc.o(.text)
    RCC_PCLK1Config                          0x080093b5   Thumb Code    18  stm32f10x_rcc.o(.text)
    RCC_PCLK2Config                          0x080093c7   Thumb Code    20  stm32f10x_rcc.o(.text)
    RCC_ITConfig                             0x080093db   Thumb Code    26  stm32f10x_rcc.o(.text)
    RCC_USBCLKConfig                         0x080093f5   Thumb Code     8  stm32f10x_rcc.o(.text)
    RCC_ADCCLKConfig                         0x080093fd   Thumb Code    18  stm32f10x_rcc.o(.text)
    RCC_LSEConfig                            0x0800940f   Thumb Code    50  stm32f10x_rcc.o(.text)
    RCC_LSICmd                               0x08009441   Thumb Code     6  stm32f10x_rcc.o(.text)
    RCC_RTCCLKConfig                         0x08009447   Thumb Code    12  stm32f10x_rcc.o(.text)
    RCC_RTCCLKCmd                            0x08009453   Thumb Code     8  stm32f10x_rcc.o(.text)
    RCC_GetClocksFreq                        0x0800945b   Thumb Code   192  stm32f10x_rcc.o(.text)
    RCC_AHBPeriphClockCmd                    0x0800951b   Thumb Code    26  stm32f10x_rcc.o(.text)
    RCC_APB2PeriphClockCmd                   0x08009535   Thumb Code    26  stm32f10x_rcc.o(.text)
    RCC_APB1PeriphClockCmd                   0x0800954f   Thumb Code    26  stm32f10x_rcc.o(.text)
    RCC_APB2PeriphResetCmd                   0x08009569   Thumb Code    26  stm32f10x_rcc.o(.text)
    RCC_APB1PeriphResetCmd                   0x08009583   Thumb Code    26  stm32f10x_rcc.o(.text)
    RCC_BackupResetCmd                       0x0800959d   Thumb Code     8  stm32f10x_rcc.o(.text)
    RCC_ClockSecuritySystemCmd               0x080095a5   Thumb Code     6  stm32f10x_rcc.o(.text)
    RCC_MCOConfig                            0x080095ab   Thumb Code     6  stm32f10x_rcc.o(.text)
    RCC_ClearFlag                            0x080095b1   Thumb Code    14  stm32f10x_rcc.o(.text)
    RCC_GetITStatus                          0x080095bf   Thumb Code    20  stm32f10x_rcc.o(.text)
    RCC_ClearITPendingBit                    0x080095d3   Thumb Code     6  stm32f10x_rcc.o(.text)
    USART_DeInit                             0x080095fd   Thumb Code   134  stm32f10x_usart.o(.text)
    USART_Init                               0x08009683   Thumb Code   210  stm32f10x_usart.o(.text)
    USART_StructInit                         0x08009755   Thumb Code    24  stm32f10x_usart.o(.text)
    USART_ClockInit                          0x0800976d   Thumb Code    34  stm32f10x_usart.o(.text)
    USART_ClockStructInit                    0x0800978f   Thumb Code    12  stm32f10x_usart.o(.text)
    USART_Cmd                                0x0800979b   Thumb Code    24  stm32f10x_usart.o(.text)
    USART_ITConfig                           0x080097b3   Thumb Code    74  stm32f10x_usart.o(.text)
    USART_DMACmd                             0x080097fd   Thumb Code    18  stm32f10x_usart.o(.text)
    USART_SetAddress                         0x0800980f   Thumb Code    18  stm32f10x_usart.o(.text)
    USART_WakeUpConfig                       0x08009821   Thumb Code    18  stm32f10x_usart.o(.text)
    USART_ReceiverWakeUpCmd                  0x08009833   Thumb Code    24  stm32f10x_usart.o(.text)
    USART_LINBreakDetectLengthConfig         0x0800984b   Thumb Code    18  stm32f10x_usart.o(.text)
    USART_LINCmd                             0x0800985d   Thumb Code    24  stm32f10x_usart.o(.text)
    USART_SendData                           0x08009875   Thumb Code     8  stm32f10x_usart.o(.text)
    USART_ReceiveData                        0x0800987d   Thumb Code    10  stm32f10x_usart.o(.text)
    USART_SendBreak                          0x08009887   Thumb Code    10  stm32f10x_usart.o(.text)
    USART_SetGuardTime                       0x08009891   Thumb Code    16  stm32f10x_usart.o(.text)
    USART_SetPrescaler                       0x080098a1   Thumb Code    16  stm32f10x_usart.o(.text)
    USART_SmartCardCmd                       0x080098b1   Thumb Code    24  stm32f10x_usart.o(.text)
    USART_SmartCardNACKCmd                   0x080098c9   Thumb Code    24  stm32f10x_usart.o(.text)
    USART_HalfDuplexCmd                      0x080098e1   Thumb Code    24  stm32f10x_usart.o(.text)
    USART_OverSampling8Cmd                   0x080098f9   Thumb Code    22  stm32f10x_usart.o(.text)
    USART_OneBitMethodCmd                    0x0800990f   Thumb Code    24  stm32f10x_usart.o(.text)
    USART_IrDAConfig                         0x08009927   Thumb Code    18  stm32f10x_usart.o(.text)
    USART_IrDACmd                            0x08009939   Thumb Code    24  stm32f10x_usart.o(.text)
    USART_GetFlagStatus                      0x08009951   Thumb Code    26  stm32f10x_usart.o(.text)
    USART_ClearFlag                          0x0800996b   Thumb Code    18  stm32f10x_usart.o(.text)
    USART_GetITStatus                        0x0800997d   Thumb Code    84  stm32f10x_usart.o(.text)
    USART_ClearITPendingBit                  0x080099d1   Thumb Code    52  stm32f10x_usart.o(.text)
    NVIC_PriorityGroupConfig                 0x08009a05   Thumb Code    10  misc.o(.text)
    NVIC_Init                                0x08009a0f   Thumb Code   100  misc.o(.text)
    NVIC_SetVectorTable                      0x08009a73   Thumb Code    14  misc.o(.text)
    NVIC_SystemLPConfig                      0x08009a81   Thumb Code    34  misc.o(.text)
    SysTick_CLKSourceConfig                  0x08009aa3   Thumb Code    40  misc.o(.text)
    EXTI_DeInit                              0x08009ae1   Thumb Code    28  stm32f10x_exti.o(.text)
    EXTI_Init                                0x08009afd   Thumb Code   142  stm32f10x_exti.o(.text)
    EXTI_StructInit                          0x08009b8b   Thumb Code    16  stm32f10x_exti.o(.text)
    EXTI_GenerateSWInterrupt                 0x08009b9b   Thumb Code    16  stm32f10x_exti.o(.text)
    EXTI_GetFlagStatus                       0x08009bab   Thumb Code    22  stm32f10x_exti.o(.text)
    EXTI_ClearFlag                           0x08009bc1   Thumb Code     8  stm32f10x_exti.o(.text)
    EXTI_GetITStatus                         0x08009bc9   Thumb Code    34  stm32f10x_exti.o(.text)
    EXTI_ClearITPendingBit                   0x08009beb   Thumb Code     8  stm32f10x_exti.o(.text)
    TIM_DeInit                               0x08009bfd   Thumb Code   424  stm32f10x_tim.o(.text)
    TIM_TimeBaseInit                         0x08009da5   Thumb Code   122  stm32f10x_tim.o(.text)
    TIM_OC1Init                              0x08009e1f   Thumb Code   132  stm32f10x_tim.o(.text)
    TIM_OC2Init                              0x08009ea3   Thumb Code   154  stm32f10x_tim.o(.text)
    TIM_OC3Init                              0x08009f3d   Thumb Code   150  stm32f10x_tim.o(.text)
    TIM_OC4Init                              0x08009fd3   Thumb Code   182  stm32f10x_tim.o(.text)
    TIM_SetIC4Prescaler                      0x0800a089   Thumb Code    26  stm32f10x_tim.o(.text)
    TIM_SetIC3Prescaler                      0x0800a125   Thumb Code    18  stm32f10x_tim.o(.text)
    TIM_SetIC2Prescaler                      0x0800a1b1   Thumb Code    26  stm32f10x_tim.o(.text)
    TIM_SetIC1Prescaler                      0x0800a24d   Thumb Code    18  stm32f10x_tim.o(.text)
    TIM_ICInit                               0x0800a2cb   Thumb Code   150  stm32f10x_tim.o(.text)
    TIM_PWMIConfig                           0x0800a361   Thumb Code   124  stm32f10x_tim.o(.text)
    TIM_BDTRConfig                           0x0800a3dd   Thumb Code    32  stm32f10x_tim.o(.text)
    TIM_TimeBaseStructInit                   0x0800a3fd   Thumb Code    18  stm32f10x_tim.o(.text)
    TIM_OCStructInit                         0x0800a40f   Thumb Code    20  stm32f10x_tim.o(.text)
    TIM_ICStructInit                         0x0800a423   Thumb Code    18  stm32f10x_tim.o(.text)
    TIM_BDTRStructInit                       0x0800a435   Thumb Code    40  stm32f10x_tim.o(.text)
    TIM_Cmd                                  0x0800a45d   Thumb Code    24  stm32f10x_tim.o(.text)
    TIM_CtrlPWMOutputs                       0x0800a475   Thumb Code    30  stm32f10x_tim.o(.text)
    TIM_ITConfig                             0x0800a493   Thumb Code    18  stm32f10x_tim.o(.text)
    TIM_GenerateEvent                        0x0800a4a5   Thumb Code     4  stm32f10x_tim.o(.text)
    TIM_DMAConfig                            0x0800a4a9   Thumb Code    10  stm32f10x_tim.o(.text)
    TIM_DMACmd                               0x0800a4b3   Thumb Code    18  stm32f10x_tim.o(.text)
    TIM_InternalClockConfig                  0x0800a4c5   Thumb Code    12  stm32f10x_tim.o(.text)
    TIM_SelectInputTrigger                   0x0800a4d1   Thumb Code    18  stm32f10x_tim.o(.text)
    TIM_ITRxExternalClockConfig              0x0800a4e3   Thumb Code    24  stm32f10x_tim.o(.text)
    TIM_TIxExternalClockConfig               0x0800a4fb   Thumb Code    62  stm32f10x_tim.o(.text)
    TIM_ETRConfig                            0x0800a539   Thumb Code    28  stm32f10x_tim.o(.text)
    TIM_ETRClockMode1Config                  0x0800a555   Thumb Code    54  stm32f10x_tim.o(.text)
    TIM_ETRClockMode2Config                  0x0800a58b   Thumb Code    32  stm32f10x_tim.o(.text)
    TIM_PrescalerConfig                      0x0800a5ab   Thumb Code     6  stm32f10x_tim.o(.text)
    TIM_CounterModeConfig                    0x0800a5b1   Thumb Code    18  stm32f10x_tim.o(.text)
    TIM_EncoderInterfaceConfig               0x0800a5c3   Thumb Code    66  stm32f10x_tim.o(.text)
    TIM_ForcedOC1Config                      0x0800a605   Thumb Code    18  stm32f10x_tim.o(.text)
    TIM_ForcedOC2Config                      0x0800a617   Thumb Code    26  stm32f10x_tim.o(.text)
    TIM_ForcedOC3Config                      0x0800a631   Thumb Code    18  stm32f10x_tim.o(.text)
    TIM_ForcedOC4Config                      0x0800a643   Thumb Code    26  stm32f10x_tim.o(.text)
    TIM_ARRPreloadConfig                     0x0800a65d   Thumb Code    24  stm32f10x_tim.o(.text)
    TIM_SelectCOM                            0x0800a675   Thumb Code    24  stm32f10x_tim.o(.text)
    TIM_SelectCCDMA                          0x0800a68d   Thumb Code    24  stm32f10x_tim.o(.text)
    TIM_CCPreloadControl                     0x0800a6a5   Thumb Code    24  stm32f10x_tim.o(.text)
    TIM_OC1PreloadConfig                     0x0800a6bd   Thumb Code    18  stm32f10x_tim.o(.text)
    TIM_OC2PreloadConfig                     0x0800a6cf   Thumb Code    26  stm32f10x_tim.o(.text)
    TIM_OC3PreloadConfig                     0x0800a6e9   Thumb Code    18  stm32f10x_tim.o(.text)
    TIM_OC4PreloadConfig                     0x0800a6fb   Thumb Code    26  stm32f10x_tim.o(.text)
    TIM_OC1FastConfig                        0x0800a715   Thumb Code    18  stm32f10x_tim.o(.text)
    TIM_OC2FastConfig                        0x0800a727   Thumb Code    26  stm32f10x_tim.o(.text)
    TIM_OC3FastConfig                        0x0800a741   Thumb Code    18  stm32f10x_tim.o(.text)
    TIM_OC4FastConfig                        0x0800a753   Thumb Code    26  stm32f10x_tim.o(.text)
    TIM_ClearOC1Ref                          0x0800a76d   Thumb Code    18  stm32f10x_tim.o(.text)
    TIM_ClearOC2Ref                          0x0800a77f   Thumb Code    24  stm32f10x_tim.o(.text)
    TIM_ClearOC3Ref                          0x0800a797   Thumb Code    18  stm32f10x_tim.o(.text)
    TIM_ClearOC4Ref                          0x0800a7a9   Thumb Code    24  stm32f10x_tim.o(.text)
    TIM_OC1PolarityConfig                    0x0800a7c1   Thumb Code    18  stm32f10x_tim.o(.text)
    TIM_OC1NPolarityConfig                   0x0800a7d3   Thumb Code    18  stm32f10x_tim.o(.text)
    TIM_OC2PolarityConfig                    0x0800a7e5   Thumb Code    26  stm32f10x_tim.o(.text)
    TIM_OC2NPolarityConfig                   0x0800a7ff   Thumb Code    26  stm32f10x_tim.o(.text)
    TIM_OC3PolarityConfig                    0x0800a819   Thumb Code    26  stm32f10x_tim.o(.text)
    TIM_OC3NPolarityConfig                   0x0800a833   Thumb Code    26  stm32f10x_tim.o(.text)
    TIM_OC4PolarityConfig                    0x0800a84d   Thumb Code    26  stm32f10x_tim.o(.text)
    TIM_CCxCmd                               0x0800a867   Thumb Code    30  stm32f10x_tim.o(.text)
    TIM_CCxNCmd                              0x0800a885   Thumb Code    30  stm32f10x_tim.o(.text)
    TIM_SelectOCxM                           0x0800a8a3   Thumb Code    82  stm32f10x_tim.o(.text)
    TIM_UpdateDisableConfig                  0x0800a8f5   Thumb Code    24  stm32f10x_tim.o(.text)
    TIM_UpdateRequestConfig                  0x0800a90d   Thumb Code    24  stm32f10x_tim.o(.text)
    TIM_SelectHallSensor                     0x0800a925   Thumb Code    24  stm32f10x_tim.o(.text)
    TIM_SelectOnePulseMode                   0x0800a93d   Thumb Code    18  stm32f10x_tim.o(.text)
    TIM_SelectOutputTrigger                  0x0800a94f   Thumb Code    18  stm32f10x_tim.o(.text)
    TIM_SelectSlaveMode                      0x0800a961   Thumb Code    18  stm32f10x_tim.o(.text)
    TIM_SelectMasterSlaveMode                0x0800a973   Thumb Code    18  stm32f10x_tim.o(.text)
    TIM_SetCounter                           0x0800a985   Thumb Code     4  stm32f10x_tim.o(.text)
    TIM_SetAutoreload                        0x0800a989   Thumb Code     4  stm32f10x_tim.o(.text)
    TIM_SetCompare1                          0x0800a98d   Thumb Code     4  stm32f10x_tim.o(.text)
    TIM_SetCompare2                          0x0800a991   Thumb Code     4  stm32f10x_tim.o(.text)
    TIM_SetCompare3                          0x0800a995   Thumb Code     4  stm32f10x_tim.o(.text)
    TIM_SetCompare4                          0x0800a999   Thumb Code     6  stm32f10x_tim.o(.text)
    TIM_SetClockDivision                     0x0800a99f   Thumb Code    18  stm32f10x_tim.o(.text)
    TIM_GetCapture1                          0x0800a9b1   Thumb Code     6  stm32f10x_tim.o(.text)
    TIM_GetCapture2                          0x0800a9b7   Thumb Code     6  stm32f10x_tim.o(.text)
    TIM_GetCapture3                          0x0800a9bd   Thumb Code     6  stm32f10x_tim.o(.text)
    TIM_GetCapture4                          0x0800a9c3   Thumb Code     8  stm32f10x_tim.o(.text)
    TIM_GetCounter                           0x0800a9cb   Thumb Code     6  stm32f10x_tim.o(.text)
    TIM_GetPrescaler                         0x0800a9d1   Thumb Code     6  stm32f10x_tim.o(.text)
    TIM_GetFlagStatus                        0x0800a9d7   Thumb Code    18  stm32f10x_tim.o(.text)
    TIM_ClearFlag                            0x0800a9e9   Thumb Code     6  stm32f10x_tim.o(.text)
    TIM_GetITStatus                          0x0800a9ef   Thumb Code    34  stm32f10x_tim.o(.text)
    TIM_ClearITPendingBit                    0x0800aa11   Thumb Code     6  stm32f10x_tim.o(.text)
    VL53L0X_GetVersion                       0x0800aa19   Thumb Code    24  vl53l0x_api.o(.text)
    VL53L0X_GetPalSpecVersion                0x0800aa31   Thumb Code    24  vl53l0x_api.o(.text)
    VL53L0X_GetProductRevision               0x0800aa49   Thumb Code    38  vl53l0x_api.o(.text)
    VL53L0X_GetDeviceInfo                    0x0800aa6f   Thumb Code    22  vl53l0x_api.o(.text)
    VL53L0X_GetDeviceErrorStatus             0x0800aa85   Thumb Code    34  vl53l0x_api.o(.text)
    VL53L0X_GetDeviceErrorString             0x0800aaa7   Thumb Code    22  vl53l0x_api.o(.text)
    VL53L0X_GetRangeStatusString             0x0800aabd   Thumb Code    22  vl53l0x_api.o(.text)
    VL53L0X_GetPalErrorString                0x0800aad3   Thumb Code    22  vl53l0x_api.o(.text)
    VL53L0X_GetPalStateString                0x0800aae9   Thumb Code    22  vl53l0x_api.o(.text)
    VL53L0X_GetPalState                      0x0800aaff   Thumb Code    12  vl53l0x_api.o(.text)
    VL53L0X_GetVcselPulsePeriod              0x0800ab0b   Thumb Code    30  vl53l0x_api.o(.text)
    VL53L0X_SetMeasurementTimingBudgetMicroSeconds 0x0800ab29   Thumb Code    22  vl53l0x_api.o(.text)
    VL53L0X_SetSequenceStepEnable            0x0800ab3f   Thumb Code   196  vl53l0x_api.o(.text)
    VL53L0X_GetFractionEnable                0x0800ac03   Thumb Code    34  vl53l0x_api.o(.text)
    VL53L0X_GetMeasurementTimingBudgetMicroSeconds 0x0800ac25   Thumb Code    22  vl53l0x_api.o(.text)
    VL53L0X_GetWrapAroundCheckEnable         0x0800ac3b   Thumb Code    62  vl53l0x_api.o(.text)
    VL53L0X_GetLimitCheckEnable              0x0800ac79   Thumb Code    28  vl53l0x_api.o(.text)
    VL53L0X_GetLimitCheckValue               0x0800ac95   Thumb Code   182  vl53l0x_api.o(.text)
    VL53L0X_GetOffsetCalibrationDataMicroMeter 0x0800ad4b   Thumb Code    22  vl53l0x_api.o(.text)
    VL53L0X_GetXTalkCompensationRateMegaCps  0x0800ad61   Thumb Code    56  vl53l0x_api.o(.text)
    VL53L0X_GetInterMeasurementPeriodMilliSeconds 0x0800ad99   Thumb Code    62  vl53l0x_api.o(.text)
    VL53L0X_GetDeviceMode                    0x0800add7   Thumb Code    10  vl53l0x_api.o(.text)
    VL53L0X_GetDeviceParameters              0x0800ade1   Thumb Code   160  vl53l0x_api.o(.text)
    VL53L0X_ClearInterruptMask               0x0800ae81   Thumb Code    82  vl53l0x_api.o(.text)
    VL53L0X_SetGpioConfig                    0x0800aed3   Thumb Code   358  vl53l0x_api.o(.text)
    VL53L0X_StaticInit                       0x0800b039   Thumb Code   410  vl53l0x_api.o(.text)
    VL53L0X_SetPowerMode                     0x0800b1d3   Thumb Code    84  vl53l0x_api.o(.text)
    VL53L0X_GetPowerMode                     0x0800b227   Thumb Code    48  vl53l0x_api.o(.text)
    VL53L0X_SetOffsetCalibrationDataMicroMeter 0x0800b257   Thumb Code    22  vl53l0x_api.o(.text)
    VL53L0X_SetLinearityCorrectiveGain       0x0800b26d   Thumb Code    50  vl53l0x_api.o(.text)
    VL53L0X_GetLinearityCorrectiveGain       0x0800b29f   Thumb Code    12  vl53l0x_api.o(.text)
    VL53L0X_SetGroupParamHold                0x0800b2ab   Thumb Code     8  vl53l0x_api.o(.text)
    VL53L0X_GetUpperLimitMilliMeter          0x0800b2b3   Thumb Code     8  vl53l0x_api.o(.text)
    VL53L0X_GetTotalSignalRate               0x0800b2bb   Thumb Code    40  vl53l0x_api.o(.text)
    VL53L0X_SetDeviceAddress                 0x0800b2e3   Thumb Code    36  vl53l0x_api.o(.text)
    VL53L0X_SetLimitCheckValue               0x0800b307   Thumb Code   118  vl53l0x_api.o(.text)
    VL53L0X_SetLimitCheckEnable              0x0800b37d   Thumb Code   194  vl53l0x_api.o(.text)
    VL53L0X_DataInit                         0x0800b43f   Thumb Code   420  vl53l0x_api.o(.text)
    VL53L0X_SetTuningSettingBuffer           0x0800b5e3   Thumb Code    40  vl53l0x_api.o(.text)
    VL53L0X_GetTuningSettingBuffer           0x0800b60b   Thumb Code    20  vl53l0x_api.o(.text)
    VL53L0X_WaitDeviceBooted                 0x0800b61f   Thumb Code     8  vl53l0x_api.o(.text)
    VL53L0X_ResetDevice                      0x0800b627   Thumb Code   102  vl53l0x_api.o(.text)
    VL53L0X_SetWrapAroundCheckEnable         0x0800b68d   Thumb Code    80  vl53l0x_api.o(.text)
    VL53L0X_SetXTalkCompensationRateMegaCps  0x0800b6dd   Thumb Code    64  vl53l0x_api.o(.text)
    VL53L0X_SetInterMeasurementPeriodMilliSeconds 0x0800b71d   Thumb Code    60  vl53l0x_api.o(.text)
    VL53L0X_SetDeviceMode                    0x0800b759   Thumb Code    50  vl53l0x_api.o(.text)
    VL53L0X_SetDeviceParameters              0x0800b78b   Thumb Code   146  vl53l0x_api.o(.text)
    VL53L0X_SetRangeFractionEnable           0x0800b81d   Thumb Code    30  vl53l0x_api.o(.text)
    VL53L0X_SetHistogramMode                 0x0800b83b   Thumb Code     8  vl53l0x_api.o(.text)
    VL53L0X_GetHistogramMode                 0x0800b843   Thumb Code     8  vl53l0x_api.o(.text)
    VL53L0X_SetVcselPulsePeriod              0x0800b84b   Thumb Code    42  vl53l0x_api.o(.text)
    sequence_step_enabled                    0x0800b875   Thumb Code    72  vl53l0x_api.o(.text)
    VL53L0X_GetSequenceStepEnable            0x0800b8bd   Thumb Code    48  vl53l0x_api.o(.text)
    VL53L0X_GetSequenceStepEnables           0x0800b8ed   Thumb Code   118  vl53l0x_api.o(.text)
    VL53L0X_GetNumberOfSequenceSteps         0x0800b963   Thumb Code    10  vl53l0x_api.o(.text)
    VL53L0X_GetSequenceStepsInfo             0x0800b96d   Thumb Code    22  vl53l0x_api.o(.text)
    VL53L0X_SetSequenceStepTimeout           0x0800b983   Thumb Code   110  vl53l0x_api.o(.text)
    VL53L0X_GetSequenceStepTimeout           0x0800b9f1   Thumb Code    56  vl53l0x_api.o(.text)
    VL53L0X_SetXTalkCompensationEnable       0x0800ba29   Thumb Code    62  vl53l0x_api.o(.text)
    VL53L0X_GetXTalkCompensationEnable       0x0800ba67   Thumb Code    12  vl53l0x_api.o(.text)
    VL53L0X_SetRefCalibration                0x0800ba73   Thumb Code    30  vl53l0x_api.o(.text)
    VL53L0X_GetRefCalibration                0x0800ba91   Thumb Code    30  vl53l0x_api.o(.text)
    VL53L0X_GetNumberOfLimitCheck            0x0800baaf   Thumb Code    10  vl53l0x_api.o(.text)
    VL53L0X_GetLimitCheckInfo                0x0800bab9   Thumb Code    30  vl53l0x_api.o(.text)
    VL53L0X_GetLimitCheckStatus              0x0800bad7   Thumb Code    24  vl53l0x_api.o(.text)
    VL53L0X_GetLimitCheckCurrent             0x0800baef   Thumb Code   136  vl53l0x_api.o(.text)
    VL53L0X_SetDmaxCalParameters             0x0800bb77   Thumb Code    62  vl53l0x_api.o(.text)
    VL53L0X_GetDmaxCalParameters             0x0800bbb5   Thumb Code    20  vl53l0x_api.o(.text)
    VL53L0X_GetInterruptThresholds           0x0800bbc9   Thumb Code    66  vl53l0x_api.o(.text)
    VL53L0X_CheckAndLoadInterruptSettings    0x0800bc0b   Thumb Code   126  vl53l0x_api.o(.text)
    VL53L0X_StartMeasurement                 0x0800bc89   Thumb Code   268  vl53l0x_api.o(.text)
    VL53L0X_PerformSingleMeasurement         0x0800bd95   Thumb Code    60  vl53l0x_api.o(.text)
    VL53L0X_PerformSingleHistogramMeasurement 0x0800bdd1   Thumb Code     8  vl53l0x_api.o(.text)
    VL53L0X_PerformRefCalibration            0x0800bdd9   Thumb Code    32  vl53l0x_api.o(.text)
    VL53L0X_PerformXTalkMeasurement          0x0800bdf9   Thumb Code    10  vl53l0x_api.o(.text)
    VL53L0X_PerformXTalkCalibration          0x0800be03   Thumb Code    30  vl53l0x_api.o(.text)
    VL53L0X_PerformOffsetCalibration         0x0800be21   Thumb Code    30  vl53l0x_api.o(.text)
    VL53L0X_StopMeasurement                  0x0800be3f   Thumb Code   102  vl53l0x_api.o(.text)
    VL53L0X_GetInterruptMaskStatus           0x0800bea5   Thumb Code    48  vl53l0x_api.o(.text)
    VL53L0X_GetMeasurementDataReady          0x0800bed5   Thumb Code    86  vl53l0x_api.o(.text)
    VL53L0X_WaitDeviceReadyForNewMeasurement 0x0800bf2b   Thumb Code     8  vl53l0x_api.o(.text)
    VL53L0X_GetRangingMeasurementData        0x0800bf33   Thumb Code   372  vl53l0x_api.o(.text)
    VL53L0X_GetMeasurementRefSignal          0x0800c0a7   Thumb Code    46  vl53l0x_api.o(.text)
    VL53L0X_GetHistogramMeasurementData      0x0800c0d5   Thumb Code     8  vl53l0x_api.o(.text)
    VL53L0X_PerformSingleRangingMeasurement  0x0800c0dd   Thumb Code    56  vl53l0x_api.o(.text)
    VL53L0X_SetNumberOfROIZones              0x0800c115   Thumb Code    12  vl53l0x_api.o(.text)
    VL53L0X_GetNumberOfROIZones              0x0800c121   Thumb Code    10  vl53l0x_api.o(.text)
    VL53L0X_GetMaxNumberOfROIZones           0x0800c12b   Thumb Code    10  vl53l0x_api.o(.text)
    VL53L0X_GetGpioConfig                    0x0800c135   Thumb Code   160  vl53l0x_api.o(.text)
    VL53L0X_SetInterruptThresholds           0x0800c1d5   Thumb Code    54  vl53l0x_api.o(.text)
    VL53L0X_GetStopCompletedStatus           0x0800c20b   Thumb Code   154  vl53l0x_api.o(.text)
    VL53L0X_EnableInterruptMask              0x0800c2a5   Thumb Code     8  vl53l0x_api.o(.text)
    VL53L0X_SetSpadAmbientDamperThreshold    0x0800c2ad   Thumb Code    48  vl53l0x_api.o(.text)
    VL53L0X_GetSpadAmbientDamperThreshold    0x0800c2dd   Thumb Code    48  vl53l0x_api.o(.text)
    VL53L0X_SetSpadAmbientDamperFactor       0x0800c30d   Thumb Code    54  vl53l0x_api.o(.text)
    VL53L0X_GetSpadAmbientDamperFactor       0x0800c343   Thumb Code    54  vl53l0x_api.o(.text)
    VL53L0X_SetReferenceSpads                0x0800c379   Thumb Code    30  vl53l0x_api.o(.text)
    VL53L0X_GetReferenceSpads                0x0800c397   Thumb Code    30  vl53l0x_api.o(.text)
    VL53L0X_PerformRefSpadManagement         0x0800c3b5   Thumb Code    30  vl53l0x_api.o(.text)
    VL53L0X_perform_xtalk_calibration        0x0800c3d5   Thumb Code   296  vl53l0x_api_calibration.o(.text)
    VL53L0X_perform_offset_calibration       0x0800c4fd   Thumb Code   228  vl53l0x_api_calibration.o(.text)
    VL53L0X_set_offset_calibration_data_micro_meter 0x0800c5e1   Thumb Code    74  vl53l0x_api_calibration.o(.text)
    VL53L0X_get_offset_calibration_data_micro_meter 0x0800c62b   Thumb Code    86  vl53l0x_api_calibration.o(.text)
    VL53L0X_apply_offset_adjustment          0x0800c681   Thumb Code    58  vl53l0x_api_calibration.o(.text)
    get_next_good_spad                       0x0800c6bb   Thumb Code   104  vl53l0x_api_calibration.o(.text)
    is_aperture                              0x0800c723   Thumb Code    18  vl53l0x_api_calibration.o(.text)
    enable_spad_bit                          0x0800c735   Thumb Code    50  vl53l0x_api_calibration.o(.text)
    count_enabled_spads                      0x0800c767   Thumb Code   180  vl53l0x_api_calibration.o(.text)
    set_ref_spad_map                         0x0800c81b   Thumb Code    24  vl53l0x_api_calibration.o(.text)
    get_ref_spad_map                         0x0800c833   Thumb Code    24  vl53l0x_api_calibration.o(.text)
    enable_ref_spads                         0x0800c84b   Thumb Code   172  vl53l0x_api_calibration.o(.text)
    perform_ref_signal_measurement           0x0800c8f7   Thumb Code   110  vl53l0x_api_calibration.o(.text)
    VL53L0X_ref_calibration_io               0x0800c965   Thumb Code   190  vl53l0x_api_calibration.o(.text)
    VL53L0X_perform_single_ref_calibration   0x0800ca23   Thumb Code    64  vl53l0x_api_calibration.o(.text)
    VL53L0X_perform_phase_calibration        0x0800ca63   Thumb Code   124  vl53l0x_api_calibration.o(.text)
    VL53L0X_perform_vhv_calibration          0x0800cadf   Thumb Code   126  vl53l0x_api_calibration.o(.text)
    VL53L0X_perform_ref_calibration          0x0800cb5d   Thumb Code    76  vl53l0x_api_calibration.o(.text)
    VL53L0X_perform_ref_spad_management      0x0800cba9   Thumb Code   658  vl53l0x_api_calibration.o(.text)
    VL53L0X_set_reference_spads              0x0800ce3b   Thumb Code   194  vl53l0x_api_calibration.o(.text)
    VL53L0X_get_reference_spads              0x0800cefd   Thumb Code   120  vl53l0x_api_calibration.o(.text)
    VL53L0X_set_ref_calibration              0x0800cf75   Thumb Code    46  vl53l0x_api_calibration.o(.text)
    VL53L0X_get_ref_calibration              0x0800cfa3   Thumb Code    48  vl53l0x_api_calibration.o(.text)
    VL53L0X_reverse_bytes                    0x0800cfd5   Thumb Code    34  vl53l0x_api_core.o(.text)
    VL53L0X_measurement_poll_for_completion  0x0800cff7   Thumb Code    66  vl53l0x_api_core.o(.text)
    VL53L0X_decode_vcsel_period              0x0800d039   Thumb Code    12  vl53l0x_api_core.o(.text)
    VL53L0X_encode_vcsel_period              0x0800d045   Thumb Code    14  vl53l0x_api_core.o(.text)
    VL53L0X_isqrt                            0x0800d053   Thumb Code    44  vl53l0x_api_core.o(.text)
    VL53L0X_quadrature_sum                   0x0800d07f   Thumb Code    44  vl53l0x_api_core.o(.text)
    VL53L0X_device_read_strobe               0x0800d0ab   Thumb Code    82  vl53l0x_api_core.o(.text)
    VL53L0X_get_info_from_device             0x0800d0fd   Thumb Code  1354  vl53l0x_api_core.o(.text)
    VL53L0X_calc_macro_period_ps             0x0800d647   Thumb Code    22  vl53l0x_api_core.o(.text)
    VL53L0X_encode_timeout                   0x0800d65d   Thumb Code    40  vl53l0x_api_core.o(.text)
    VL53L0X_decode_timeout                   0x0800d685   Thumb Code    14  vl53l0x_api_core.o(.text)
    VL53L0X_calc_timeout_mclks               0x0800d693   Thumb Code    52  vl53l0x_api_core.o(.text)
    VL53L0X_calc_timeout_us                  0x0800d6c7   Thumb Code    52  vl53l0x_api_core.o(.text)
    get_sequence_step_timeout                0x0800d6fb   Thumb Code   290  vl53l0x_api_core.o(.text)
    set_sequence_step_timeout                0x0800d81d   Thumb Code   306  vl53l0x_api_core.o(.text)
    VL53L0X_set_vcsel_pulse_period           0x0800d94f   Thumb Code   766  vl53l0x_api_core.o(.text)
    VL53L0X_get_vcsel_pulse_period           0x0800dc4d   Thumb Code    70  vl53l0x_api_core.o(.text)
    VL53L0X_set_measurement_timing_budget_micro_seconds 0x0800dc93   Thumb Code   294  vl53l0x_api_core.o(.text)
    VL53L0X_get_measurement_timing_budget_micro_seconds 0x0800ddb9   Thumb Code   238  vl53l0x_api_core.o(.text)
    VL53L0X_load_tuning_settings             0x0800dea7   Thumb Code   234  vl53l0x_api_core.o(.text)
    VL53L0X_get_total_xtalk_rate             0x0800df91   Thumb Code    58  vl53l0x_api_core.o(.text)
    VL53L0X_get_total_signal_rate            0x0800dfcb   Thumb Code    40  vl53l0x_api_core.o(.text)
    VL53L0X_calc_dmax                        0x0800dff3   Thumb Code   390  vl53l0x_api_core.o(.text)
    VL53L0X_calc_sigma_estimate              0x0800e179   Thumb Code   788  vl53l0x_api_core.o(.text)
    VL53L0X_get_pal_range_status             0x0800e48d   Thumb Code   564  vl53l0x_api_core.o(.text)
    VL53L0X_check_part_used                  0x0800e6c1   Thumb Code    74  vl53l0x_api_strings.o(.text)
    VL53L0X_get_device_info                  0x0800e70b   Thumb Code   152  vl53l0x_api_strings.o(.text)
    VL53L0X_get_device_error_string          0x0800e7a3   Thumb Code   198  vl53l0x_api_strings.o(.text)
    VL53L0X_get_range_status_string          0x0800e869   Thumb Code    98  vl53l0x_api_strings.o(.text)
    VL53L0X_get_pal_error_string             0x0800e8cb   Thumb Code   298  vl53l0x_api_strings.o(.text)
    VL53L0X_get_pal_state_string             0x0800e9f5   Thumb Code  1078  vl53l0x_api_strings.o(.text)
    VL53L0X_get_sequence_steps_info          0x0800ee2b   Thumb Code    84  vl53l0x_api_strings.o(.text)
    VL53L0X_get_limit_check_info             0x0800ee7f   Thumb Code   106  vl53l0x_api_strings.o(.text)
    VL53L0X_i2c_init                         0x0800f005   Thumb Code    46  vl53l0x_i2c.o(.text)
    VL_IIC_Start                             0x0800f033   Thumb Code    64  vl53l0x_i2c.o(.text)
    VL_IIC_Stop                              0x0800f073   Thumb Code    66  vl53l0x_i2c.o(.text)
    VL_IIC_Wait_Ack                          0x0800f0b5   Thumb Code    86  vl53l0x_i2c.o(.text)
    VL_IIC_Ack                               0x0800f10b   Thumb Code    70  vl53l0x_i2c.o(.text)
    VL_IIC_NAck                              0x0800f151   Thumb Code    70  vl53l0x_i2c.o(.text)
    VL_IIC_Send_Byte                         0x0800f197   Thumb Code   104  vl53l0x_i2c.o(.text)
    VL_IIC_Read_Byte                         0x0800f1ff   Thumb Code   100  vl53l0x_i2c.o(.text)
    VL_IIC_Write_1Byte                       0x0800f263   Thumb Code    60  vl53l0x_i2c.o(.text)
    VL_IIC_Read_1Byte                        0x0800f29f   Thumb Code    74  vl53l0x_i2c.o(.text)
    VL_IIC_Write_nByte                       0x0800f2e9   Thumb Code    80  vl53l0x_i2c.o(.text)
    VL_IIC_Read_nByte                        0x0800f339   Thumb Code   106  vl53l0x_i2c.o(.text)
    VL53L0X_write_multi                      0x0800f3a3   Thumb Code    40  vl53l0x_i2c.o(.text)
    VL53L0X_read_multi                       0x0800f3cb   Thumb Code    40  vl53l0x_i2c.o(.text)
    VL53L0X_write_byte                       0x0800f3f3   Thumb Code    38  vl53l0x_i2c.o(.text)
    VL53L0X_write_word                       0x0800f419   Thumb Code    86  vl53l0x_i2c.o(.text)
    VL53L0X_write_dword                      0x0800f46f   Thumb Code    52  vl53l0x_i2c.o(.text)
    VL53L0X_read_byte                        0x0800f4a3   Thumb Code    32  vl53l0x_i2c.o(.text)
    VL53L0X_read_word                        0x0800f4c3   Thumb Code    42  vl53l0x_i2c.o(.text)
    VL53L0X_read_dword                       0x0800f4ed   Thumb Code    58  vl53l0x_i2c.o(.text)
    VL53L0X_WriteMulti                       0x0800f527   Thumb Code    60  vl53l0x_platform.o(.text)
    VL53L0X_ReadMulti                        0x0800f563   Thumb Code    54  vl53l0x_platform.o(.text)
    VL53L0X_WrByte                           0x0800f599   Thumb Code    44  vl53l0x_platform.o(.text)
    VL53L0X_WrWord                           0x0800f5c5   Thumb Code    44  vl53l0x_platform.o(.text)
    VL53L0X_WrDWord                          0x0800f5f1   Thumb Code    44  vl53l0x_platform.o(.text)
    VL53L0X_UpdateByte                       0x0800f61d   Thumb Code    82  vl53l0x_platform.o(.text)
    VL53L0X_RdByte                           0x0800f66f   Thumb Code    44  vl53l0x_platform.o(.text)
    VL53L0X_RdWord                           0x0800f69b   Thumb Code    44  vl53l0x_platform.o(.text)
    VL53L0X_RdDWord                          0x0800f6c7   Thumb Code    44  vl53l0x_platform.o(.text)
    VL53L0X_PollingDelay                     0x0800f6f3   Thumb Code    26  vl53l0x_platform.o(.text)
    print_pal_error                          0x0800f70d   Thumb Code    28  vl53l0x.o(.text)
    mode_string                              0x0800f729   Thumb Code    66  vl53l0x.o(.text)
    vl53l0x_Addr_set                         0x0800f76b   Thumb Code   150  vl53l0x.o(.text)
    vl53l0x_reset                            0x0800f801   Thumb Code    56  vl53l0x.o(.text)
    vl53l0x_init                             0x0800f839   Thumb Code   176  vl53l0x.o(.text)
    vl53l0x_mtest_ui                         0x0800f8e9   Thumb Code     2  vl53l0x.o(.text)
    vl53l0x_test                             0x0800f8eb   Thumb Code    96  vl53l0x.o(.text)
    vl53l0x_info                             0x0800f94b   Thumb Code    70  vl53l0x.o(.text)
    One_measurement                          0x0800f991   Thumb Code    32  vl53l0x.o(.text)
    myV15310                                 0x0800f9b1   Thumb Code    10  vl53l0x.o(.text)
    vl53l0x_adjust                           0x0800fb05   Thumb Code   446  vl53l0x_cali.o(.text)
    vl53l0x_calibration_test                 0x0800fcc3   Thumb Code    88  vl53l0x_cali.o(.text)
    vl53l0x_set_mode                         0x08010069   Thumb Code   400  vl53l0x_gen.o(.text)
    vl53l0x_start_single_test                0x080101f9   Thumb Code    58  vl53l0x_gen.o(.text)
    vl53l0x_general_start                    0x08010233   Thumb Code    48  vl53l0x_gen.o(.text)
    general_ui                               0x08010263   Thumb Code     2  vl53l0x_gen.o(.text)
    vl53l0x_general_test                     0x08010265   Thumb Code    14  vl53l0x_gen.o(.text)
    EXTI4_IRQHandler                         0x08010303   Thumb Code    16  vl53l0x_it.o(.text)
    vl53l0x_interrupt_start                  0x08010313   Thumb Code   656  vl53l0x_it.o(.text)
    interrupt_ui                             0x080105a3   Thumb Code     2  vl53l0x_it.o(.text)
    vl53l0x_interrupt_test                   0x080105a5   Thumb Code   108  vl53l0x_it.o(.text)
    usmart_sys_cmd_exe                       0x08010665   Thumb Code  1554  usmart.o(.text)
    usmart_reset_runtime                     0x08010c77   Thumb Code    38  usmart.o(.text)
    usmart_get_runtime                       0x08010c9d   Thumb Code    56  usmart.o(.text)
    TIM4_IRQHandler                          0x08010cd5   Thumb Code    50  usmart.o(.text)
    Timer4_Init                              0x08010d07   Thumb Code    94  usmart.o(.text)
    usmart_init                              0x08010d65   Thumb Code    36  usmart.o(.text)
    usmart_cmd_rec                           0x08010d89   Thumb Code   170  usmart.o(.text)
    usmart_exe                               0x08010e33   Thumb Code   872  usmart.o(.text)
    usmart_scan                              0x0801119b   Thumb Code   120  usmart.o(.text)
    read_addr                                0x08011213   Thumb Code     6  usmart.o(.text)
    write_addr                               0x08011219   Thumb Code     4  usmart.o(.text)
    usmart_strcmp                            0x080112a5   Thumb Code    34  usmart_str.o(.text)
    usmart_strcopy                           0x080112c7   Thumb Code    22  usmart_str.o(.text)
    usmart_strlen                            0x080112dd   Thumb Code    24  usmart_str.o(.text)
    usmart_pow                               0x080112f5   Thumb Code    22  usmart_str.o(.text)
    usmart_str2num                           0x0801130b   Thumb Code   202  usmart_str.o(.text)
    usmart_get_cmdname                       0x080113d5   Thumb Code    54  usmart_str.o(.text)
    usmart_search_nextc                      0x0801140b   Thumb Code    22  usmart_str.o(.text)
    usmart_get_fname                         0x08011421   Thumb Code   440  usmart_str.o(.text)
    usmart_get_aparm                         0x080115d9   Thumb Code   200  usmart_str.o(.text)
    usmart_get_parmpos                       0x080116a1   Thumb Code    26  usmart_str.o(.text)
    usmart_get_fparam                        0x080116bb   Thumb Code   262  usmart_str.o(.text)
    image_getcolor                           0x080117cd   Thumb Code    30  image2lcd.o(.text)
    image_show                               0x080117eb   Thumb Code   158  image2lcd.o(.text)
    image_display                            0x08011889   Thumb Code    42  image2lcd.o(.text)
    __use_no_semihosting                     0x080118c1   Thumb Code     2  use_no_semi_2.o(.text)
    __2printf                                0x080118c5   Thumb Code    20  noretval__2printf.o(.text)
    __2sprintf                               0x080118dd   Thumb Code    34  noretval__2sprintf.o(.text)
    _printf_pre_padding                      0x08011905   Thumb Code    44  _printf_pad.o(.text)
    _printf_post_padding                     0x08011931   Thumb Code    34  _printf_pad.o(.text)
    _printf_str                              0x08011953   Thumb Code    82  _printf_str.o(.text)
    _printf_int_dec                          0x080119a5   Thumb Code   104  _printf_dec.o(.text)
    _printf_int_hex                          0x08011a1d   Thumb Code    84  _printf_hex_int.o(.text)
    _printf_longlong_hex                     0x08011a1d   Thumb Code     0  _printf_hex_int.o(.text)
    __printf                                 0x08011a75   Thumb Code   388  __printf_flags_ss_wp.o(.text)
    srand                                    0x08011bfd   Thumb Code    42  rand.o(.text)
    _rand_init                               0x08011c27   Thumb Code     4  rand.o(.text)
    strcpy                                   0x08011c39   Thumb Code    72  strcpy.o(.text)
    __aeabi_memcpy                           0x08011c81   Thumb Code     0  rt_memcpy_v6.o(.text)
    __rt_memcpy                              0x08011c81   Thumb Code   138  rt_memcpy_v6.o(.text)
    _memcpy_lastbytes                        0x08011ce7   Thumb Code     0  rt_memcpy_v6.o(.text)
    __aeabi_memcpy4                          0x08011d0b   Thumb Code     0  rt_memcpy_w.o(.text)
    __aeabi_memcpy8                          0x08011d0b   Thumb Code     0  rt_memcpy_w.o(.text)
    __rt_memcpy_w                            0x08011d0b   Thumb Code   100  rt_memcpy_w.o(.text)
    _memcpy_lastbytes_aligned                0x08011d53   Thumb Code     0  rt_memcpy_w.o(.text)
    __aeabi_memclr                           0x08011d6f   Thumb Code     0  rt_memclr.o(.text)
    __rt_memclr                              0x08011d6f   Thumb Code    68  rt_memclr.o(.text)
    _memset                                  0x08011d73   Thumb Code     0  rt_memclr.o(.text)
    __aeabi_memclr4                          0x08011db3   Thumb Code     0  rt_memclr_w.o(.text)
    __aeabi_memclr8                          0x08011db3   Thumb Code     0  rt_memclr_w.o(.text)
    __rt_memclr_w                            0x08011db3   Thumb Code    78  rt_memclr_w.o(.text)
    _memset_w                                0x08011db7   Thumb Code     0  rt_memclr_w.o(.text)
    strcmp                                   0x08011e01   Thumb Code   128  strcmpv7m.o(.text)
    __use_two_region_memory                  0x08011e81   Thumb Code     2  heapauxi.o(.text)
    __rt_heap_escrow$2region                 0x08011e83   Thumb Code     2  heapauxi.o(.text)
    __rt_heap_expand$2region                 0x08011e85   Thumb Code     2  heapauxi.o(.text)
    __I$use$semihosting                      0x08011e87   Thumb Code     0  use_no_semi.o(.text)
    __use_no_semihosting_swi                 0x08011e87   Thumb Code     2  use_no_semi.o(.text)
    __read_errno                             0x08011e89   Thumb Code    10  _rserrno.o(.text)
    __set_errno                              0x08011e93   Thumb Code    12  _rserrno.o(.text)
    _printf_int_common                       0x08011e9f   Thumb Code   178  _printf_intcommon.o(.text)
    _printf_char_common                      0x08011f5b   Thumb Code    32  _printf_char_common.o(.text)
    _sputc                                   0x08011f81   Thumb Code    10  _sputc.o(.text)
    _printf_cs_common                        0x08011f8b   Thumb Code    20  _printf_char.o(.text)
    _printf_char                             0x08011f9f   Thumb Code    16  _printf_char.o(.text)
    _printf_string                           0x08011faf   Thumb Code     8  _printf_char.o(.text)
    _printf_char_file                        0x08011fb9   Thumb Code    32  _printf_char_file.o(.text)
    __aeabi_errno_addr                       0x08011fdd   Thumb Code     8  rt_errno_addr_intlibspace.o(.text)
    __errno$intlibspace                      0x08011fdd   Thumb Code     0  rt_errno_addr_intlibspace.o(.text)
    __rt_errno_addr$intlibspace              0x08011fdd   Thumb Code     0  rt_errno_addr_intlibspace.o(.text)
    ferror                                   0x08011fe5   Thumb Code     8  ferror.o(.text)
    __user_libspace                          0x08011fed   Thumb Code     8  libspace.o(.text)
    __user_perproc_libspace                  0x08011fed   Thumb Code     0  libspace.o(.text)
    __user_perthread_libspace                0x08011fed   Thumb Code     0  libspace.o(.text)
    __user_setup_stackheap                   0x08011ff5   Thumb Code    74  sys_stackheap_outer.o(.text)
    exit                                     0x0801203f   Thumb Code    18  exit.o(.text)
    _is_digit                                0x08012051   Thumb Code    14  __printf_wp.o(i._is_digit)
    sqrt                                     0x0801205f   Thumb Code    76  sqrt.o(i.sqrt)
    __aeabi_dadd                             0x080120ad   Thumb Code     0  daddsub_clz.o(x$fpl$dadd)
    _dadd                                    0x080120ad   Thumb Code   332  daddsub_clz.o(x$fpl$dadd)
    __fpl_dcmp_Inf                           0x080121fd   Thumb Code    24  dcmpi.o(x$fpl$dcmpinf)
    __aeabi_d2uiz                            0x08012215   Thumb Code     0  dfixu.o(x$fpl$dfixu)
    _dfixu                                   0x08012215   Thumb Code    90  dfixu.o(x$fpl$dfixu)
    __aeabi_i2d                              0x0801226f   Thumb Code     0  dflt_clz.o(x$fpl$dflt)
    _dflt                                    0x0801226f   Thumb Code    46  dflt_clz.o(x$fpl$dflt)
    __aeabi_ui2d                             0x0801229d   Thumb Code     0  dflt_clz.o(x$fpl$dfltu)
    _dfltu                                   0x0801229d   Thumb Code    38  dflt_clz.o(x$fpl$dfltu)
    __aeabi_cdcmple                          0x080122c5   Thumb Code     0  dleqf.o(x$fpl$dleqf)
    _dcmple                                  0x080122c5   Thumb Code   120  dleqf.o(x$fpl$dleqf)
    __fpl_dcmple_InfNaN                      0x08012327   Thumb Code     0  dleqf.o(x$fpl$dleqf)
    __aeabi_dmul                             0x0801233d   Thumb Code     0  dmul.o(x$fpl$dmul)
    _dmul                                    0x0801233d   Thumb Code   332  dmul.o(x$fpl$dmul)
    __fpl_dnaninf                            0x08012491   Thumb Code   156  dnaninf.o(x$fpl$dnaninf)
    __fpl_dretinf                            0x0801252d   Thumb Code    12  dretinf.o(x$fpl$dretinf)
    __aeabi_cdrcmple                         0x08012539   Thumb Code     0  drleqf.o(x$fpl$drleqf)
    _drcmple                                 0x08012539   Thumb Code   108  drleqf.o(x$fpl$drleqf)
    __aeabi_drsub                            0x080125a5   Thumb Code     0  daddsub_clz.o(x$fpl$drsb)
    _drsb                                    0x080125a5   Thumb Code    22  daddsub_clz.o(x$fpl$drsb)
    _dsqrt                                   0x080125bd   Thumb Code   456  dsqrt_noumaal.o(x$fpl$dsqrt)
    __aeabi_dsub                             0x08012789   Thumb Code     0  daddsub_clz.o(x$fpl$dsub)
    _dsub                                    0x08012789   Thumb Code   464  daddsub_clz.o(x$fpl$dsub)
    __aeabi_f2d                              0x0801295d   Thumb Code     0  f2d.o(x$fpl$f2d)
    _f2d                                     0x0801295d   Thumb Code    86  f2d.o(x$fpl$f2d)
    __aeabi_fadd                             0x080129b5   Thumb Code     0  faddsub_clz.o(x$fpl$fadd)
    _fadd                                    0x080129b5   Thumb Code   196  faddsub_clz.o(x$fpl$fadd)
    __fpl_fcmp_Inf                           0x08012a79   Thumb Code    24  fcmpi.o(x$fpl$fcmpinf)
    __aeabi_fdiv                             0x08012a91   Thumb Code     0  fdiv.o(x$fpl$fdiv)
    _fdiv                                    0x08012a91   Thumb Code   384  fdiv.o(x$fpl$fdiv)
    __aeabi_f2iz                             0x08012c15   Thumb Code     0  ffix.o(x$fpl$ffix)
    _ffix                                    0x08012c15   Thumb Code    54  ffix.o(x$fpl$ffix)
    __aeabi_f2uiz                            0x08012c4d   Thumb Code     0  ffixu.o(x$fpl$ffixu)
    _ffixu                                   0x08012c4d   Thumb Code    62  ffixu.o(x$fpl$ffixu)
    __aeabi_i2f                              0x08012c8d   Thumb Code     0  fflt_clz.o(x$fpl$fflt)
    _fflt                                    0x08012c8d   Thumb Code    48  fflt_clz.o(x$fpl$fflt)
    __aeabi_ui2f                             0x08012cbd   Thumb Code     0  fflt_clz.o(x$fpl$ffltu)
    _ffltu                                   0x08012cbd   Thumb Code    38  fflt_clz.o(x$fpl$ffltu)
    __aeabi_cfcmple                          0x08012ce5   Thumb Code     0  fleqf.o(x$fpl$fleqf)
    _fcmple                                  0x08012ce5   Thumb Code   104  fleqf.o(x$fpl$fleqf)
    __fpl_fcmple_InfNaN                      0x08012d37   Thumb Code     0  fleqf.o(x$fpl$fleqf)
    __aeabi_fmul                             0x08012d4d   Thumb Code     0  fmul.o(x$fpl$fmul)
    _fmul                                    0x08012d4d   Thumb Code   258  fmul.o(x$fpl$fmul)
    __fpl_fnaninf                            0x08012e4f   Thumb Code   140  fnaninf.o(x$fpl$fnaninf)
    __fpl_fretinf                            0x08012edb   Thumb Code    10  fretinf.o(x$fpl$fretinf)
    __aeabi_cfrcmple                         0x08012ee5   Thumb Code     0  frleqf.o(x$fpl$frleqf)
    _frcmple                                 0x08012ee5   Thumb Code    98  frleqf.o(x$fpl$frleqf)
    __aeabi_fsub                             0x08012f49   Thumb Code     0  faddsub_clz.o(x$fpl$fsub)
    _fsub                                    0x08012f49   Thumb Code   234  faddsub_clz.o(x$fpl$fsub)
    __I$use$fp                               0x08013032   Number         0  usenofp.o(x$fpl$usenofp)
    asc2_1206                                0x08013032   Data        1140  lcd.o(.constdata)
    asc2_1608                                0x080134a6   Data        1520  lcd.o(.constdata)
    asc2_2412                                0x08013a96   Data        3420  lcd.o(.constdata)
    TP_REMIND_MSG_TBL                        0x080147f4   Data           4  touch.o(.constdata)
    FT5206_TPX_TBL                           0x080147f8   Data          10  ft5206.o(.constdata)
    GT9147_CFG_TBL                           0x08014802   Data         184  gt9147.o(.constdata)
    GT9147_TPX_TBL                           0x080148ba   Data          10  gt9147.o(.constdata)
    OTT_TPX_TBL                              0x080148c4   Data          10  ott2001a.o(.constdata)
    gImage_image1                            0x080148ce   Data       158408  image1.o(.constdata)
    Region$$Table$$Base                      0x0803b540   Number         0  anon$$obj.o(Region$$Table)
    Region$$Table$$Limit                     0x0803b560   Number         0  anon$$obj.o(Region$$Table)
    SystemCoreClock                          0x20000000   Data           4  system_stm32f10x.o(.data)
    AHBPrescTable                            0x20000004   Data          16  system_stm32f10x.o(.data)
    heigh                                    0x20000018   Data           4  pid.o(.data)
    hei                                      0x2000001c   Data           1  pid.o(.data)
    errNow                                   0x20000020   Data           4  pid.o(.data)
    errLast                                  0x20000024   Data           4  pid.o(.data)
    target                                   0x20000028   Data           2  pid.o(.data)
    outPwm                                   0x2000002c   Data           4  pid.o(.data)
    windspeed1                               0x20000030   Data           1  pid.o(.data)
    height_P                                 0x20000034   Data           4  pid.o(.data)
    height_I                                 0x20000038   Data           4  pid.o(.data)
    myData                                   0x2000003c   Data           2  pid.o(.data)
    POINT_COLOR                              0x2000003e   Data           2  lcd.o(.data)
    BACK_COLOR                               0x20000040   Data           2  lcd.o(.data)
    tp_dev                                   0x20000044   Data          52  touch.o(.data)
    CMD_RDX                                  0x20000078   Data           1  touch.o(.data)
    CMD_RDY                                  0x20000079   Data           1  touch.o(.data)
    __stdout                                 0x20000084   Data           4  usart.o(.data)
    USART_RX_STA                             0x20000088   Data           2  usart.o(.data)
    DefaultTuningSettings                    0x2000009e   Data         243  vl53l0x_api.o(.data)
    InterruptThresholdSettings               0x20000191   Data         438  vl53l0x_api.o(.data)
    refArrayQuadrants                        0x20000348   Data          16  vl53l0x_api_calibration.o(.data)
    AjustOK                                  0x20000358   Data           1  vl53l0x.o(.data)
    Mode_data                                0x20000359   Data          56  vl53l0x.o(.data)
    dis                                      0x20000392   Data           1  vl53l0x_gen.o(.data)
    Distance_data                            0x20000394   Data           2  vl53l0x_gen.o(.data)
    AlarmModes                               0x20000398   Data          12  vl53l0x_it.o(.data)
    alarm_flag                               0x200003a4   Data           1  vl53l0x_it.o(.data)
    sys_cmd_tab                              0x200003a8   Data          28  usmart.o(.data)
    usmart_nametab                           0x200003c4   Data          32  usmart_config.o(.data)
    usmart_dev                               0x200003e4   Data         244  usmart_config.o(.data)
    lcddev                                   0x200004d8   Data          14  lcd.o(.bss)
    USART_RX_BUF                             0x200004e6   Data         200  usart.o(.bss)
    vl53l0x_dev                              0x200005b0   Data         352  vl53l0x.o(.bss)
    vl53l0x_dev_info                         0x20000710   Data          99  vl53l0x.o(.bss)
    Vl53l0x_adjust                           0x20000773   Data          24  vl53l0x_cali.o(.bss)
    Vl53l0x_data                             0x2000078b   Data          24  vl53l0x_cali.o(.bss)
    vl53l0x_data                             0x200007a4   Data          28  vl53l0x_gen.o(.bss)
    _random_number_data                      0x20000800   Data         228  rand.o(.bss)
    __libspace_start                         0x200008e4   Data          96  libspace.o(.bss)
    __temporary_stack_top$libspace           0x20000944   Data           0  libspace.o(.bss)



==============================================================================

Memory Map of the image

  Image Entry point : 0x08000131

  Load Region LR_IROM1 (Base: 0x08000000, Size: 0x0003ba38, Max: 0x00040000, ABSOLUTE, COMPRESSED[0x0003b894])

    Execution Region ER_IROM1 (Exec base: 0x08000000, Load base: 0x08000000, Size: 0x0003b560, Max: 0x00040000, ABSOLUTE)

    Exec Addr    Load Addr    Size         Type   Attr      Idx    E Section Name        Object

    0x08000000   0x08000000   0x00000130   Data   RO          620    RESET               startup_stm32f10x_hd.o
    0x08000130   0x08000130   0x00000008   Code   RO         1048  * !!!main             c_w.l(__main.o)
    0x08000138   0x08000138   0x00000034   Code   RO         1306    !!!scatter          c_w.l(__scatter.o)
    0x0800016c   0x0800016c   0x0000005a   Code   RO         1304    !!dczerorl2         c_w.l(__dczerorl2.o)
    0x080001c6   0x080001c6   0x00000002   PAD
    0x080001c8   0x080001c8   0x0000001c   Code   RO         1308    !!handler_zi        c_w.l(__scatter_zi.o)
    0x080001e4   0x080001e4   0x00000000   Code   RO         1028    .ARM.Collect$$_printf_percent$$00000000  c_w.l(_printf_percent.o)
    0x080001e4   0x080001e4   0x00000006   Code   RO         1025    .ARM.Collect$$_printf_percent$$00000008  c_w.l(_printf_i.o)
    0x080001ea   0x080001ea   0x00000006   Code   RO         1026    .ARM.Collect$$_printf_percent$$00000009  c_w.l(_printf_d.o)
    0x080001f0   0x080001f0   0x00000006   Code   RO         1027    .ARM.Collect$$_printf_percent$$0000000A  c_w.l(_printf_u.o)
    0x080001f6   0x080001f6   0x00000006   Code   RO         1024    .ARM.Collect$$_printf_percent$$0000000C  c_w.l(_printf_x.o)
    0x080001fc   0x080001fc   0x00000006   Code   RO         1022    .ARM.Collect$$_printf_percent$$00000013  c_w.l(_printf_c.o)
    0x08000202   0x08000202   0x00000006   Code   RO         1023    .ARM.Collect$$_printf_percent$$00000014  c_w.l(_printf_s.o)
    0x08000208   0x08000208   0x00000004   Code   RO         1125    .ARM.Collect$$_printf_percent$$00000017  c_w.l(_printf_percent_end.o)
    0x0800020c   0x0800020c   0x00000002   Code   RO         1234    .ARM.Collect$$libinit$$00000000  c_w.l(libinit.o)
    0x0800020e   0x0800020e   0x00000000   Code   RO         1127    .ARM.Collect$$libinit$$00000002  c_w.l(libinit2.o)
    0x0800020e   0x0800020e   0x00000000   Code   RO         1129    .ARM.Collect$$libinit$$00000004  c_w.l(libinit2.o)
    0x0800020e   0x0800020e   0x00000000   Code   RO         1132    .ARM.Collect$$libinit$$0000000A  c_w.l(libinit2.o)
    0x0800020e   0x0800020e   0x00000000   Code   RO         1134    .ARM.Collect$$libinit$$0000000C  c_w.l(libinit2.o)
    0x0800020e   0x0800020e   0x00000004   Code   RO         1135    .ARM.Collect$$libinit$$0000000D  c_w.l(libinit2.o)
    0x08000212   0x08000212   0x00000000   Code   RO         1136    .ARM.Collect$$libinit$$0000000E  c_w.l(libinit2.o)
    0x08000212   0x08000212   0x00000000   Code   RO         1139    .ARM.Collect$$libinit$$00000011  c_w.l(libinit2.o)
    0x08000212   0x08000212   0x00000000   Code   RO         1141    .ARM.Collect$$libinit$$00000013  c_w.l(libinit2.o)
    0x08000212   0x08000212   0x00000000   Code   RO         1143    .ARM.Collect$$libinit$$00000015  c_w.l(libinit2.o)
    0x08000212   0x08000212   0x00000000   Code   RO         1145    .ARM.Collect$$libinit$$00000017  c_w.l(libinit2.o)
    0x08000212   0x08000212   0x00000000   Code   RO         1147    .ARM.Collect$$libinit$$00000019  c_w.l(libinit2.o)
    0x08000212   0x08000212   0x00000000   Code   RO         1149    .ARM.Collect$$libinit$$0000001B  c_w.l(libinit2.o)
    0x08000212   0x08000212   0x00000000   Code   RO         1151    .ARM.Collect$$libinit$$0000001D  c_w.l(libinit2.o)
    0x08000212   0x08000212   0x00000000   Code   RO         1153    .ARM.Collect$$libinit$$0000001F  c_w.l(libinit2.o)
    0x08000212   0x08000212   0x00000000   Code   RO         1155    .ARM.Collect$$libinit$$00000021  c_w.l(libinit2.o)
    0x08000212   0x08000212   0x00000000   Code   RO         1157    .ARM.Collect$$libinit$$00000023  c_w.l(libinit2.o)
    0x08000212   0x08000212   0x00000000   Code   RO         1159    .ARM.Collect$$libinit$$00000025  c_w.l(libinit2.o)
    0x08000212   0x08000212   0x00000000   Code   RO         1163    .ARM.Collect$$libinit$$0000002C  c_w.l(libinit2.o)
    0x08000212   0x08000212   0x00000000   Code   RO         1165    .ARM.Collect$$libinit$$0000002E  c_w.l(libinit2.o)
    0x08000212   0x08000212   0x00000000   Code   RO         1167    .ARM.Collect$$libinit$$00000030  c_w.l(libinit2.o)
    0x08000212   0x08000212   0x00000000   Code   RO         1169    .ARM.Collect$$libinit$$00000032  c_w.l(libinit2.o)
    0x08000212   0x08000212   0x00000002   Code   RO         1170    .ARM.Collect$$libinit$$00000033  c_w.l(libinit2.o)
    0x08000214   0x08000214   0x00000002   Code   RO         1265    .ARM.Collect$$libshutdown$$00000000  c_w.l(libshutdown.o)
    0x08000216   0x08000216   0x00000000   Code   RO         1271    .ARM.Collect$$libshutdown$$00000002  c_w.l(libshutdown2.o)
    0x08000216   0x08000216   0x00000000   Code   RO         1273    .ARM.Collect$$libshutdown$$00000004  c_w.l(libshutdown2.o)
    0x08000216   0x08000216   0x00000000   Code   RO         1276    .ARM.Collect$$libshutdown$$00000007  c_w.l(libshutdown2.o)
    0x08000216   0x08000216   0x00000000   Code   RO         1279    .ARM.Collect$$libshutdown$$0000000A  c_w.l(libshutdown2.o)
    0x08000216   0x08000216   0x00000000   Code   RO         1281    .ARM.Collect$$libshutdown$$0000000C  c_w.l(libshutdown2.o)
    0x08000216   0x08000216   0x00000000   Code   RO         1284    .ARM.Collect$$libshutdown$$0000000F  c_w.l(libshutdown2.o)
    0x08000216   0x08000216   0x00000002   Code   RO         1285    .ARM.Collect$$libshutdown$$00000010  c_w.l(libshutdown2.o)
    0x08000218   0x08000218   0x00000000   Code   RO         1112    .ARM.Collect$$rtentry$$00000000  c_w.l(__rtentry.o)
    0x08000218   0x08000218   0x00000000   Code   RO         1187    .ARM.Collect$$rtentry$$00000002  c_w.l(__rtentry2.o)
    0x08000218   0x08000218   0x00000006   Code   RO         1199    .ARM.Collect$$rtentry$$00000004  c_w.l(__rtentry4.o)
    0x0800021e   0x0800021e   0x00000000   Code   RO         1189    .ARM.Collect$$rtentry$$00000009  c_w.l(__rtentry2.o)
    0x0800021e   0x0800021e   0x00000004   Code   RO         1190    .ARM.Collect$$rtentry$$0000000A  c_w.l(__rtentry2.o)
    0x08000222   0x08000222   0x00000000   Code   RO         1192    .ARM.Collect$$rtentry$$0000000C  c_w.l(__rtentry2.o)
    0x08000222   0x08000222   0x00000008   Code   RO         1193    .ARM.Collect$$rtentry$$0000000D  c_w.l(__rtentry2.o)
    0x0800022a   0x0800022a   0x00000002   Code   RO         1237    .ARM.Collect$$rtexit$$00000000  c_w.l(rtexit.o)
    0x0800022c   0x0800022c   0x00000000   Code   RO         1247    .ARM.Collect$$rtexit$$00000002  c_w.l(rtexit2.o)
    0x0800022c   0x0800022c   0x00000004   Code   RO         1248    .ARM.Collect$$rtexit$$00000003  c_w.l(rtexit2.o)
    0x08000230   0x08000230   0x00000006   Code   RO         1249    .ARM.Collect$$rtexit$$00000004  c_w.l(rtexit2.o)
    0x08000236   0x08000236   0x00000002   PAD
    0x08000238   0x08000238   0x00000130   Code   RO            1    .text               main.o
    0x08000368   0x08000368   0x0000001a   Code   RO          219    .text               stm32f10x_it.o
    0x08000382   0x08000382   0x00000002   PAD
    0x08000384   0x08000384   0x000001e0   Code   RO          260    .text               system_stm32f10x.o
    0x08000564   0x08000564   0x00000108   Code   RO          278    .text               key.o
    0x0800066c   0x0800066c   0x00000a68   Code   RO          298    .text               pid.o
    0x080010d4   0x080010d4   0x0000009c   Code   RO          350    .text               pwm.o
    0x08001170   0x08001170   0x0000009e   Code   RO          362    .text               exti.o
    0x0800120e   0x0800120e   0x0000005c   Code   RO          377    .text               tim.o
    0x0800126a   0x0800126a   0x00000002   PAD
    0x0800126c   0x0800126c   0x000000ec   Code   RO          392    .text               led.o
    0x08001358   0x08001358   0x00005846   Code   RO          404    .text               lcd.o
    0x08006b9e   0x08006b9e   0x00000002   PAD
    0x08006ba0   0x08006ba0   0x00001024   Code   RO          443    .text               touch.o
    0x08007bc4   0x08007bc4   0x00000268   Code   RO          467    .text               ctiic.o
    0x08007e2c   0x08007e2c   0x00000338   Code   RO          482    .text               ft5206.o
    0x08008164   0x08008164   0x00000400   Code   RO          498    .text               gt9147.o
    0x08008564   0x08008564   0x00000370   Code   RO          514    .text               ott2001a.o
    0x080088d4   0x080088d4   0x00000258   Code   RO          530    .text               myiic.o
    0x08008b2c   0x08008b2c   0x0000017a   Code   RO          542    .text               24cxx.o
    0x08008ca6   0x08008ca6   0x00000002   PAD
    0x08008ca8   0x08008ca8   0x000000d4   Code   RO          554    .text               delay.o
    0x08008d7c   0x08008d7c   0x00000140   Code   RO          585    .text               usart.o
    0x08008ebc   0x08008ebc   0x00000040   Code   RO          621    .text               startup_stm32f10x_hd.o
    0x08008efc   0x08008efc   0x0000035c   Code   RO          625    .text               stm32f10x_gpio.o
    0x08009258   0x08009258   0x000003a4   Code   RO          637    .text               stm32f10x_rcc.o
    0x080095fc   0x080095fc   0x00000408   Code   RO          651    .text               stm32f10x_usart.o
    0x08009a04   0x08009a04   0x000000dc   Code   RO          663    .text               misc.o
    0x08009ae0   0x08009ae0   0x0000011c   Code   RO          675    .text               stm32f10x_exti.o
    0x08009bfc   0x08009bfc   0x00000e1a   Code   RO          687    .text               stm32f10x_tim.o
    0x0800aa16   0x0800aa16   0x00000002   PAD
    0x0800aa18   0x0800aa18   0x000019ba   Code   RO          711    .text               vl53l0x_api.o
    0x0800c3d2   0x0800c3d2   0x00000002   PAD
    0x0800c3d4   0x0800c3d4   0x00000bfe   Code   RO          755    .text               vl53l0x_api_calibration.o
    0x0800cfd2   0x0800cfd2   0x00000002   PAD
    0x0800cfd4   0x0800cfd4   0x000016ec   Code   RO          770    .text               vl53l0x_api_core.o
    0x0800e6c0   0x0800e6c0   0x00000944   Code   RO          788    .text               vl53l0x_api_strings.o
    0x0800f004   0x0800f004   0x00000522   Code   RO          800    .text               vl53l0x_i2c.o
    0x0800f526   0x0800f526   0x000001e6   Code   RO          812    .text               vl53l0x_platform.o
    0x0800f70c   0x0800f70c   0x000003f8   Code   RO          824    .text               vl53l0x.o
    0x0800fb04   0x0800fb04   0x00000564   Code   RO          843    .text               vl53l0x_cali.o
    0x08010068   0x08010068   0x00000230   Code   RO          862    .text               vl53l0x_gen.o
    0x08010298   0x08010298   0x000003cc   Code   RO          885    .text               vl53l0x_it.o
    0x08010664   0x08010664   0x00000c40   Code   RO          901    .text               usmart.o
    0x080112a4   0x080112a4   0x00000528   Code   RO          930    .text               usmart_str.o
    0x080117cc   0x080117cc   0x000000f4   Code   RO          949    .text               image2lcd.o
    0x080118c0   0x080118c0   0x00000002   Code   RO          963    .text               c_w.l(use_no_semi_2.o)
    0x080118c2   0x080118c2   0x00000002   PAD
    0x080118c4   0x080118c4   0x00000018   Code   RO          969    .text               c_w.l(noretval__2printf.o)
    0x080118dc   0x080118dc   0x00000028   Code   RO          971    .text               c_w.l(noretval__2sprintf.o)
    0x08011904   0x08011904   0x0000004e   Code   RO          975    .text               c_w.l(_printf_pad.o)
    0x08011952   0x08011952   0x00000052   Code   RO          977    .text               c_w.l(_printf_str.o)
    0x080119a4   0x080119a4   0x00000078   Code   RO          979    .text               c_w.l(_printf_dec.o)
    0x08011a1c   0x08011a1c   0x00000058   Code   RO          984    .text               c_w.l(_printf_hex_int.o)
    0x08011a74   0x08011a74   0x00000188   Code   RO         1019    .text               c_w.l(__printf_flags_ss_wp.o)
    0x08011bfc   0x08011bfc   0x0000003c   Code   RO         1030    .text               c_w.l(rand.o)
    0x08011c38   0x08011c38   0x00000048   Code   RO         1034    .text               c_w.l(strcpy.o)
    0x08011c80   0x08011c80   0x0000008a   Code   RO         1036    .text               c_w.l(rt_memcpy_v6.o)
    0x08011d0a   0x08011d0a   0x00000064   Code   RO         1038    .text               c_w.l(rt_memcpy_w.o)
    0x08011d6e   0x08011d6e   0x00000044   Code   RO         1040    .text               c_w.l(rt_memclr.o)
    0x08011db2   0x08011db2   0x0000004e   Code   RO         1042    .text               c_w.l(rt_memclr_w.o)
    0x08011e00   0x08011e00   0x00000080   Code   RO         1044    .text               c_w.l(strcmpv7m.o)
    0x08011e80   0x08011e80   0x00000006   Code   RO         1046    .text               c_w.l(heapauxi.o)
    0x08011e86   0x08011e86   0x00000002   Code   RO         1110    .text               c_w.l(use_no_semi.o)
    0x08011e88   0x08011e88   0x00000016   Code   RO         1113    .text               c_w.l(_rserrno.o)
    0x08011e9e   0x08011e9e   0x000000b2   Code   RO         1115    .text               c_w.l(_printf_intcommon.o)
    0x08011f50   0x08011f50   0x00000030   Code   RO         1117    .text               c_w.l(_printf_char_common.o)
    0x08011f80   0x08011f80   0x0000000a   Code   RO         1119    .text               c_w.l(_sputc.o)
    0x08011f8a   0x08011f8a   0x0000002c   Code   RO         1121    .text               c_w.l(_printf_char.o)
    0x08011fb6   0x08011fb6   0x00000002   PAD
    0x08011fb8   0x08011fb8   0x00000024   Code   RO         1123    .text               c_w.l(_printf_char_file.o)
    0x08011fdc   0x08011fdc   0x00000008   Code   RO         1204    .text               c_w.l(rt_errno_addr_intlibspace.o)
    0x08011fe4   0x08011fe4   0x00000008   Code   RO         1208    .text               c_w.l(ferror.o)
    0x08011fec   0x08011fec   0x00000008   Code   RO         1218    .text               c_w.l(libspace.o)
    0x08011ff4   0x08011ff4   0x0000004a   Code   RO         1221    .text               c_w.l(sys_stackheap_outer.o)
    0x0801203e   0x0801203e   0x00000012   Code   RO         1223    .text               c_w.l(exit.o)
    0x08012050   0x08012050   0x0000000e   Code   RO         1012    i._is_digit         c_w.l(__printf_wp.o)
    0x0801205e   0x0801205e   0x0000004c   Code   RO         1103    i.sqrt              m_ws.l(sqrt.o)
    0x080120aa   0x080120aa   0x00000002   PAD
    0x080120ac   0x080120ac   0x00000150   Code   RO         1050    x$fpl$dadd          fz_ws.l(daddsub_clz.o)
    0x080121fc   0x080121fc   0x00000018   Code   RO         1171    x$fpl$dcmpinf       fz_ws.l(dcmpi.o)
    0x08012214   0x08012214   0x0000005a   Code   RO         1056    x$fpl$dfixu         fz_ws.l(dfixu.o)
    0x0801226e   0x0801226e   0x0000002e   Code   RO         1061    x$fpl$dflt          fz_ws.l(dflt_clz.o)
    0x0801229c   0x0801229c   0x00000026   Code   RO         1060    x$fpl$dfltu         fz_ws.l(dflt_clz.o)
    0x080122c2   0x080122c2   0x00000002   PAD
    0x080122c4   0x080122c4   0x00000078   Code   RO         1066    x$fpl$dleqf         fz_ws.l(dleqf.o)
    0x0801233c   0x0801233c   0x00000154   Code   RO         1068    x$fpl$dmul          fz_ws.l(dmul.o)
    0x08012490   0x08012490   0x0000009c   Code   RO         1173    x$fpl$dnaninf       fz_ws.l(dnaninf.o)
    0x0801252c   0x0801252c   0x0000000c   Code   RO         1175    x$fpl$dretinf       fz_ws.l(dretinf.o)
    0x08012538   0x08012538   0x0000006c   Code   RO         1070    x$fpl$drleqf        fz_ws.l(drleqf.o)
    0x080125a4   0x080125a4   0x00000016   Code   RO         1051    x$fpl$drsb          fz_ws.l(daddsub_clz.o)
    0x080125ba   0x080125ba   0x00000002   PAD
    0x080125bc   0x080125bc   0x000001cc   Code   RO         1177    x$fpl$dsqrt         fz_ws.l(dsqrt_noumaal.o)
    0x08012788   0x08012788   0x000001d4   Code   RO         1052    x$fpl$dsub          fz_ws.l(daddsub_clz.o)
    0x0801295c   0x0801295c   0x00000056   Code   RO         1072    x$fpl$f2d           fz_ws.l(f2d.o)
    0x080129b2   0x080129b2   0x00000002   PAD
    0x080129b4   0x080129b4   0x000000c4   Code   RO         1074    x$fpl$fadd          fz_ws.l(faddsub_clz.o)
    0x08012a78   0x08012a78   0x00000018   Code   RO         1214    x$fpl$fcmpinf       fz_ws.l(fcmpi.o)
    0x08012a90   0x08012a90   0x00000184   Code   RO         1081    x$fpl$fdiv          fz_ws.l(fdiv.o)
    0x08012c14   0x08012c14   0x00000036   Code   RO         1084    x$fpl$ffix          fz_ws.l(ffix.o)
    0x08012c4a   0x08012c4a   0x00000002   PAD
    0x08012c4c   0x08012c4c   0x0000003e   Code   RO         1088    x$fpl$ffixu         fz_ws.l(ffixu.o)
    0x08012c8a   0x08012c8a   0x00000002   PAD
    0x08012c8c   0x08012c8c   0x00000030   Code   RO         1093    x$fpl$fflt          fz_ws.l(fflt_clz.o)
    0x08012cbc   0x08012cbc   0x00000026   Code   RO         1092    x$fpl$ffltu         fz_ws.l(fflt_clz.o)
    0x08012ce2   0x08012ce2   0x00000002   PAD
    0x08012ce4   0x08012ce4   0x00000068   Code   RO         1179    x$fpl$fleqf         fz_ws.l(fleqf.o)
    0x08012d4c   0x08012d4c   0x00000102   Code   RO         1098    x$fpl$fmul          fz_ws.l(fmul.o)
    0x08012e4e   0x08012e4e   0x0000008c   Code   RO         1181    x$fpl$fnaninf       fz_ws.l(fnaninf.o)
    0x08012eda   0x08012eda   0x0000000a   Code   RO         1183    x$fpl$fretinf       fz_ws.l(fretinf.o)
    0x08012ee4   0x08012ee4   0x00000062   Code   RO         1100    x$fpl$frleqf        fz_ws.l(frleqf.o)
    0x08012f46   0x08012f46   0x00000002   PAD
    0x08012f48   0x08012f48   0x000000ea   Code   RO         1076    x$fpl$fsub          fz_ws.l(faddsub_clz.o)
    0x08013032   0x08013032   0x00000000   Code   RO         1185    x$fpl$usenofp       fz_ws.l(usenofp.o)
    0x08013032   0x08013032   0x000017c0   Data   RO          406    .constdata          lcd.o
    0x080147f2   0x080147f2   0x00000002   PAD
    0x080147f4   0x080147f4   0x00000004   Data   RO          444    .constdata          touch.o
    0x080147f8   0x080147f8   0x0000000a   Data   RO          483    .constdata          ft5206.o
    0x08014802   0x08014802   0x000000c2   Data   RO          499    .constdata          gt9147.o
    0x080148c4   0x080148c4   0x0000000a   Data   RO          515    .constdata          ott2001a.o
    0x080148ce   0x080148ce   0x00026ac8   Data   RO          942    .constdata          image1.o
    0x0803b396   0x0803b396   0x00000028   Data   RO          985    .constdata          c_w.l(_printf_hex_int.o)
    0x0803b3be   0x0803b3be   0x00000011   Data   RO         1020    .constdata          c_w.l(__printf_flags_ss_wp.o)
    0x0803b3cf   0x0803b3cf   0x00000001   PAD
    0x0803b3d0   0x0803b3d0   0x00000079   Data   RO          445    .conststring        touch.o
    0x0803b449   0x0803b449   0x00000003   PAD
    0x0803b44c   0x0803b44c   0x00000055   Data   RO          845    .conststring        vl53l0x_cali.o
    0x0803b4a1   0x0803b4a1   0x00000003   PAD
    0x0803b4a4   0x0803b4a4   0x00000028   Data   RO          902    .conststring        usmart.o
    0x0803b4cc   0x0803b4cc   0x00000074   Data   RO          917    .conststring        usmart_config.o
    0x0803b540   0x0803b540   0x00000020   Data   RO         1302    Region$$Table       anon$$obj.o


    Execution Region RW_IRAM1 (Exec base: 0x20000000, Load base: 0x0803b560, Size: 0x00000f48, Max: 0x0000c000, ABSOLUTE, COMPRESSED[0x00000334])

    Exec Addr    Load Addr    Size         Type   Attr      Idx    E Section Name        Object

    0x20000000   COMPRESSED   0x00000014   Data   RW          261    .data               system_stm32f10x.o
    0x20000014   COMPRESSED   0x00000001   Data   RW          279    .data               key.o
    0x20000015   COMPRESSED   0x00000003   PAD
    0x20000018   COMPRESSED   0x00000026   Data   RW          299    .data               pid.o
    0x2000003e   COMPRESSED   0x00000004   Data   RW          407    .data               lcd.o
    0x20000042   COMPRESSED   0x00000002   PAD
    0x20000044   COMPRESSED   0x00000036   Data   RW          446    .data               touch.o
    0x2000007a   COMPRESSED   0x00000001   Data   RW          484    .data               ft5206.o
    0x2000007b   COMPRESSED   0x00000001   Data   RW          500    .data               gt9147.o
    0x2000007c   COMPRESSED   0x00000001   Data   RW          516    .data               ott2001a.o
    0x2000007d   COMPRESSED   0x00000001   PAD
    0x2000007e   COMPRESSED   0x00000004   Data   RW          555    .data               delay.o
    0x20000082   COMPRESSED   0x00000002   PAD
    0x20000084   COMPRESSED   0x00000006   Data   RW          587    .data               usart.o
    0x2000008a   COMPRESSED   0x00000014   Data   RW          638    .data               stm32f10x_rcc.o
    0x2000009e   COMPRESSED   0x000002a9   Data   RW          712    .data               vl53l0x_api.o
    0x20000347   COMPRESSED   0x00000001   PAD
    0x20000348   COMPRESSED   0x00000010   Data   RW          756    .data               vl53l0x_api_calibration.o
    0x20000358   COMPRESSED   0x00000039   Data   RW          826    .data               vl53l0x.o
    0x20000391   COMPRESSED   0x00000001   PAD
    0x20000392   COMPRESSED   0x00000004   Data   RW          864    .data               vl53l0x_gen.o
    0x20000396   COMPRESSED   0x00000002   PAD
    0x20000398   COMPRESSED   0x0000000d   Data   RW          887    .data               vl53l0x_it.o
    0x200003a5   COMPRESSED   0x00000003   PAD
    0x200003a8   COMPRESSED   0x0000001c   Data   RW          903    .data               usmart.o
    0x200003c4   COMPRESSED   0x00000114   Data   RW          918    .data               usmart_config.o
    0x200004d8        -       0x0000000e   Zero   RW          405    .bss                lcd.o
    0x200004e6        -       0x000000c8   Zero   RW          586    .bss                usart.o
    0x200005ae   COMPRESSED   0x00000002   PAD
    0x200005b0        -       0x000001c3   Zero   RW          825    .bss                vl53l0x.o
    0x20000773        -       0x00000030   Zero   RW          844    .bss                vl53l0x_cali.o
    0x200007a3   COMPRESSED   0x00000001   PAD
    0x200007a4        -       0x0000003c   Zero   RW          863    .bss                vl53l0x_gen.o
    0x200007e0        -       0x00000020   Zero   RW          886    .bss                vl53l0x_it.o
    0x20000800        -       0x000000e4   Zero   RW         1031    .bss                c_w.l(rand.o)
    0x200008e4        -       0x00000060   Zero   RW         1219    .bss                c_w.l(libspace.o)
    0x20000944   COMPRESSED   0x00000004   PAD
    0x20000948        -       0x00000200   Zero   RW          619    HEAP                startup_stm32f10x_hd.o
    0x20000b48        -       0x00000400   Zero   RW          618    STACK               startup_stm32f10x_hd.o


==============================================================================

Image component sizes


      Code (inc. data)   RO Data    RW Data    ZI Data      Debug   Object Name

       378          0          0          0          0       2790   24cxx.o
       616         16          0          0          0       2029   ctiic.o
       212         18          0          4          0       1031   delay.o
       158          0          0          0          0        588   exti.o
       824         40         10          1          0       2475   ft5206.o
      1024         74        194          1          0       2882   gt9147.o
         0          0     158408          0          0        432   image1.o
       244         14          0          0          0       1734   image2lcd.o
       264         12          0          1          0        828   key.o
     22598        208       6080          4         14      24983   lcd.o
       236          8          0          0          0        595   led.o
       304         78          0          0          0     272443   main.o
       220         22          0          0          0       1789   misc.o
       600         12          0          0          0       1872   myiic.o
       880         62         10          1          0       2647   ott2001a.o
      2664        310          0         38          0      19551   pid.o
       156         10          0          0          0        724   pwm.o
        64         26        304          0       1536        788   startup_stm32f10x_hd.o
       284         10          0          0          0       2247   stm32f10x_exti.o
       860         38          0          0          0       5721   stm32f10x_gpio.o
        26          0          0          0          0       1174   stm32f10x_it.o
       932         36          0         20          0       8896   stm32f10x_rcc.o
      3610         88          0          0          0      22832   stm32f10x_tim.o
      1032         22          0          0          0       8448   stm32f10x_usart.o
         0          0          0          0          0         32   sys.o
       480         38          0         20          0       1719   system_stm32f10x.o
        92          0          0          0          0        628   tim.o
      4132        208        125         54          0       6801   touch.o
       320         16          0          6        200       3154   usart.o
      3136       1288         40         28          0       4310   usmart.o
         0          0        116        276          0       1664   usmart_config.o
      1320         12          0          0          0       5213   usmart_str.o
      1016        330          0         57        451       4423   vl53l0x.o
      6586         70          0        681          0      39417   vl53l0x_api.o
      3070         12          0         16          0      14864   vl53l0x_api_calibration.o
      5868         16          0          0          0      20772   vl53l0x_api_core.o
      2372       1266          0          0          0       4581   vl53l0x_api_strings.o
      1380        846         85          0         48       2456   vl53l0x_cali.o
       560         38          0          4         60       2812   vl53l0x_gen.o
      1314         12          0          0          0       6919   vl53l0x_i2c.o
       972         84          0         13         32       2879   vl53l0x_it.o
       486          0          0          0          0       4663   vl53l0x_platform.o

    ----------------------------------------------------------------------
     71304       5340     165412       1240       2344     516806   Object Totals
         0          0         32          0          0          0   (incl. Generated)
        14          0          8         15          3          0   (incl. Padding)

    ----------------------------------------------------------------------

      Code (inc. data)   RO Data    RW Data    ZI Data      Debug   Library Member Name

        90          0          0          0          0          0   __dczerorl2.o
         8          0          0          0          0         68   __main.o
       392          4         17          0          0         92   __printf_flags_ss_wp.o
        14          0          0          0          0         68   __printf_wp.o
         0          0          0          0          0          0   __rtentry.o
        12          0          0          0          0          0   __rtentry2.o
         6          0          0          0          0          0   __rtentry4.o
        52          8          0          0          0          0   __scatter.o
        28          0          0          0          0          0   __scatter_zi.o
         6          0          0          0          0          0   _printf_c.o
        44          0          0          0          0        108   _printf_char.o
        48          6          0          0          0         96   _printf_char_common.o
        36          4          0          0          0         80   _printf_char_file.o
         6          0          0          0          0          0   _printf_d.o
       120         16          0          0          0         92   _printf_dec.o
        88          4         40          0          0         88   _printf_hex_int.o
         6          0          0          0          0          0   _printf_i.o
       178          0          0          0          0         88   _printf_intcommon.o
        78          0          0          0          0        108   _printf_pad.o
         0          0          0          0          0          0   _printf_percent.o
         4          0          0          0          0          0   _printf_percent_end.o
         6          0          0          0          0          0   _printf_s.o
        82          0          0          0          0         80   _printf_str.o
         6          0          0          0          0          0   _printf_u.o
         6          0          0          0          0          0   _printf_x.o
        22          0          0          0          0        100   _rserrno.o
        10          0          0          0          0         68   _sputc.o
        18          0          0          0          0         80   exit.o
         8          0          0          0          0         68   ferror.o
         6          0          0          0          0        152   heapauxi.o
         2          0          0          0          0          0   libinit.o
         6          0          0          0          0          0   libinit2.o
         2          0          0          0          0          0   libshutdown.o
         2          0          0          0          0          0   libshutdown2.o
         8          4          0          0         96         68   libspace.o
        24          4          0          0          0         84   noretval__2printf.o
        40          6          0          0          0         84   noretval__2sprintf.o
        60         14          0          0        228         92   rand.o
         8          4          0          0          0         68   rt_errno_addr_intlibspace.o
        68          0          0          0          0         68   rt_memclr.o
        78          0          0          0          0         80   rt_memclr_w.o
       138          0          0          0          0         68   rt_memcpy_v6.o
       100          0          0          0          0         80   rt_memcpy_w.o
         2          0          0          0          0          0   rtexit.o
        10          0          0          0          0          0   rtexit2.o
       128          0          0          0          0         68   strcmpv7m.o
        72          0          0          0          0         80   strcpy.o
        74          0          0          0          0         80   sys_stackheap_outer.o
         2          0          0          0          0         68   use_no_semi.o
         2          0          0          0          0         68   use_no_semi_2.o
       826         16          0          0          0        348   daddsub_clz.o
        24          0          0          0          0         68   dcmpi.o
        90          4          0          0          0         92   dfixu.o
        84          0          0          0          0        136   dflt_clz.o
       120          4          0          0          0         92   dleqf.o
       340         12          0          0          0        104   dmul.o
       156          4          0          0          0         92   dnaninf.o
        12          0          0          0          0         68   dretinf.o
       108          0          0          0          0         80   drleqf.o
       460         56          0          0          0        120   dsqrt_noumaal.o
        86          4          0          0          0         84   f2d.o
       430          8          0          0          0        168   faddsub_clz.o
        24          0          0          0          0         68   fcmpi.o
       388         76          0          0          0         96   fdiv.o
        54          4          0          0          0         84   ffix.o
        62          4          0          0          0         84   ffixu.o
        86          0          0          0          0        136   fflt_clz.o
       104          4          0          0          0         84   fleqf.o
       258          4          0          0          0         84   fmul.o
       140          4          0          0          0         84   fnaninf.o
        10          0          0          0          0         68   fretinf.o
        98          0          0          0          0         68   frleqf.o
         0          0          0          0          0          0   usenofp.o
        76          0          0          0          0         84   sqrt.o

    ----------------------------------------------------------------------
      6266        278         58          0        328       4884   Library Totals
        24          0          1          0          4          0   (incl. Padding)

    ----------------------------------------------------------------------

      Code (inc. data)   RO Data    RW Data    ZI Data      Debug   Library Name

      2206         74         57          0        324       2492   c_w.l
      3960        204          0          0          0       2308   fz_ws.l
        76          0          0          0          0         84   m_ws.l

    ----------------------------------------------------------------------
      6266        278         58          0        328       4884   Library Totals

    ----------------------------------------------------------------------

==============================================================================


      Code (inc. data)   RO Data    RW Data    ZI Data      Debug   

     77570       5618     165470       1240       2672     515862   Grand Totals
     77570       5618     165470        820       2672     515862   ELF Image Totals (compressed)
     77570       5618     165470        820          0          0   ROM Totals

==============================================================================

    Total RO  Size (Code + RO Data)               243040 ( 237.34kB)
    Total RW  Size (RW Data + ZI Data)              3912 (   3.82kB)
    Total ROM Size (Code + RO Data + RW Data)     243860 ( 238.14kB)

==============================================================================

