<html>
<body>
<pre>
<h1>礦ision Build Log</h1>
<h2>Tool Versions:</h2>
IDE-Version: μVision V5.27.1.0
Copyright (C) 2019 ARM Ltd and ARM Germany GmbH. All rights reserved.
License Information: 11 28381, 111, LIC=NHY30-BEU40-22KL4-FFN04-DYASW-YAV2F
 
Tool Versions:
Toolchain:       MDK-ARM Professional  Version: 5.27.1.0
Toolchain Path:  E:\keil5\ARM\ARMCC\Bin
C Compiler:      Armcc.exe V5.06 update 6 (build 750)
Assembler:       Armasm.exe V5.06 update 6 (build 750)
Linker/Locator:  ArmLink.exe V5.06 update 6 (build 750)
Library Manager: ArmAr.exe V5.06 update 6 (build 750)
Hex Converter:   FromElf.exe V5.06 update 6 (build 750)
CPU DLL:         SARMCM3.DLL V5.27.1.0
Dialog DLL:      DCM.DLL V1.17.2.0
Target DLL:      STLink\ST-LINKIII-KEIL_SWO.dll V3.0.6.0
Dialog DLL:      TCM.DLL V1.36.1.0
 
<h2>Project:</h2>
F:\mystm32programme\校赛程序\物理学术竞赛\USER\VL53L0X.uvprojx
Project File Date:  08/27/2019

<h2>Output:</h2>
*** Using Compiler 'V5.06 update 6 (build 750)', folder: 'E:\keil5\ARM\ARMCC\Bin'
Rebuild target 'VL53L0X'
compiling system_stm32f10x.c...
compiling led.c...
compiling pwm.c...
compiling ctiic.c...
compiling gt9147.c...
compiling tim.c...
compiling stm32f10x_it.c...
compiling main.c...
compiling key.c...
compiling exti.c...
compiling meau.c...
compiling ft5206.c...
compiling touch.c...
compiling pid.c...
..\HARDWARE\pid.c(28): warning:  #167-D: argument of type "char *" is incompatible with parameter of type "u8 *"
      LCD_ShowString(160,120,200,16,16,dis);
..\HARDWARE\pid.c(359): warning:  #1-D: last line of file ends without a newline
  }
..\HARDWARE\pid.c: 2 warnings, 0 errors
compiling lcd.c...
assembling startup_stm32f10x_hd.s...
compiling misc.c...
compiling stm32f10x_usart.c...
compiling stm32f10x_gpio.c...
compiling stm32f10x_exti.c...
compiling delay.c...
compiling myiic.c...
compiling stm32f10x_rcc.c...
compiling 24cxx.c...
compiling ott2001a.c...
compiling usart.c...
compiling core_cm3.c...
compiling vl53l0x.c...
compiling vl53l0x_platform.c...
compiling vl53l0x_api_strings.c...
compiling vl53l0x_api_ranging.c...
compiling stm32f10x_i2c.c...
compiling sys.c...
compiling vl53l0x_api_calibration.c...
compiling stm32f10x_tim.c...
compiling vl53l0x_i2c.c...
compiling image1.c...
compiling vl53l0x_api.c...
compiling vl53l0x_api_core.c...
compiling vl53l0x_cali.c...
compiling usmart_str.c...
compiling image2lcd.c...
compiling usmart.c...
compiling vl53l0x_it.c...
compiling vl53l0x_gen.c...
compiling usmart_config.c...
linking...
Program Size: Code=77570 RO-data=165470 RW-data=1240 ZI-data=2672  
FromELF: creating hex file...
"..\OBJ\VL53L0X.axf" - 0 Error(s), 2 Warning(s).

<h2>Software Packages used:</h2>

Package Vendor: Keil
                http://www.keil.com/pack/Keil.STM32F1xx_DFP.2.3.0.pack
                Keil.STM32F1xx_DFP.2.3.0
                STMicroelectronics STM32F1 Series Device Support, Drivers and Examples

<h2>Collection of Component include folders:</h2>
  .\RTE\_VL53L0X
  E:\keil5\ARM\PACK\Keil\STM32F1xx_DFP\2.3.0\Device\Include

<h2>Collection of Component Files used:</h2>
Build Time Elapsed:  00:00:05
</pre>
</body>
</html>
