Component: ARM Compiler 5.06 update 1 (build 61) Tool: armlink [4d35a8]

==============================================================================

Section Cross References

    main.o(.text) refers to misc.o(.text) for NVIC_PriorityGroupConfig
    main.o(.text) refers to delay.o(.text) for delay_init
    main.o(.text) refers to usart.o(.text) for uart_init
    main.o(.text) refers to led.o(.text) for LED_Init
    main.o(.text) refers to lcd.o(.text) for LCD_Init
    main.o(.text) refers to key.o(.text) for KEY_Init
    main.o(.text) refers to 24cxx.o(.text) for AT24CXX_Init
    main.o(.text) refers to vl53l0x.o(.text) for vl53l0x_init
    main.o(.text) refers to pwm.o(.text) for TIM1_PWM_Init
    main.o(.text) refers to tim.o(.text) for tim2_init
    main.o(.text) refers to usmart_config.o(.data) for usmart_dev
    main.o(.text) refers to vl53l0x.o(.bss) for vl53l0x_dev
    system_stm32f10x.o(.text) refers to system_stm32f10x.o(.data) for .data
    led.o(.text) refers to stm32f10x_rcc.o(.text) for RCC_APB2PeriphClockCmd
    led.o(.text) refers to stm32f10x_gpio.o(.text) for GPIO_Init
    lcd.o(.text) refers to _printf_percent.o(.ARM.Collect$$_printf_percent$$00000000) for _printf_percent
    lcd.o(.text) refers to _printf_x.o(.ARM.Collect$$_printf_percent$$0000000C) for _printf_x
    lcd.o(.text) refers to _printf_hex_int.o(.text) for _printf_longlong_hex
    lcd.o(.text) refers to delay.o(.text) for delay_us
    lcd.o(.text) refers to lcd.o(.bss) for .bss
    lcd.o(.text) refers to dflt_clz.o(x$fpl$dfltu) for __aeabi_ui2d
    lcd.o(.text) refers to dmul.o(x$fpl$dmul) for __aeabi_dmul
    lcd.o(.text) refers to dfixu.o(x$fpl$dfixu) for __aeabi_d2uiz
    lcd.o(.text) refers to lcd.o(.data) for .data
    lcd.o(.text) refers to stm32f10x_rcc.o(.text) for RCC_APB2PeriphClockCmd
    lcd.o(.text) refers to stm32f10x_gpio.o(.text) for GPIO_PinRemapConfig
    lcd.o(.text) refers to noretval__2printf.o(.text) for __2printf
    lcd.o(.text) refers to lcd.o(.constdata) for .constdata
    key.o(.text) refers to stm32f10x_rcc.o(.text) for RCC_APB2PeriphClockCmd
    key.o(.text) refers to stm32f10x_gpio.o(.text) for GPIO_PinRemapConfig
    key.o(.text) refers to delay.o(.text) for delay_ms
    key.o(.text) refers to key.o(.data) for .data
    myiic.o(.text) refers to stm32f10x_rcc.o(.text) for RCC_APB2PeriphClockCmd
    myiic.o(.text) refers to stm32f10x_gpio.o(.text) for GPIO_Init
    myiic.o(.text) refers to delay.o(.text) for delay_us
    24cxx.o(.text) refers to myiic.o(.text) for IIC_Init
    24cxx.o(.text) refers to delay.o(.text) for delay_ms
    pid.o(.text) refers to fflt_clz.o(x$fpl$fflt) for __aeabi_i2f
    pid.o(.text) refers to fmul.o(x$fpl$fmul) for __aeabi_fmul
    pid.o(.text) refers to faddsub_clz.o(x$fpl$fsub) for __aeabi_fsub
    pid.o(.text) refers to faddsub_clz.o(x$fpl$fadd) for __aeabi_fadd
    pid.o(.text) refers to ffixu.o(x$fpl$ffixu) for __aeabi_f2uiz
    pid.o(.text) refers to stm32f10x_tim.o(.text) for TIM_SetCompare1
    pid.o(.text) refers to vl53l0x.o(.text) for myV15310
    pid.o(.text) refers to fflt_clz.o(x$fpl$ffltu) for __aeabi_ui2f
    pid.o(.text) refers to pid.o(.data) for .data
    pid.o(.text) refers to vl53l0x_gen.o(.data) for Distance_data
    pwm.o(.text) refers to stm32f10x_rcc.o(.text) for RCC_APB2PeriphClockCmd
    pwm.o(.text) refers to stm32f10x_gpio.o(.text) for GPIO_Init
    pwm.o(.text) refers to stm32f10x_tim.o(.text) for TIM_TimeBaseInit
    tim.o(.text) refers to stm32f10x_rcc.o(.text) for RCC_APB1PeriphClockCmd
    tim.o(.text) refers to stm32f10x_tim.o(.text) for TIM_TimeBaseInit
    tim.o(.text) refers to misc.o(.text) for NVIC_Init
    oled.o(.text) refers to delay.o(.text) for delay_us
    oled.o(.text) refers to oled.o(.constdata) for .constdata
    delay.o(.text) refers to misc.o(.text) for SysTick_CLKSourceConfig
    delay.o(.text) refers to system_stm32f10x.o(.data) for SystemCoreClock
    delay.o(.text) refers to delay.o(.data) for .data
    usart.o(.text) refers (Special) to use_no_semi_2.o(.text) for __use_no_semihosting
    usart.o(.text) refers to stm32f10x_rcc.o(.text) for RCC_APB2PeriphClockCmd
    usart.o(.text) refers to stm32f10x_gpio.o(.text) for GPIO_Init
    usart.o(.text) refers to misc.o(.text) for NVIC_Init
    usart.o(.text) refers to stm32f10x_usart.o(.text) for USART_Init
    usart.o(.text) refers to usart.o(.data) for .data
    usart.o(.text) refers to usart.o(.bss) for .bss
    usart.o(.bss) refers (Special) to use_no_semi_2.o(.text) for __use_no_semihosting
    usart.o(.data) refers (Special) to use_no_semi_2.o(.text) for __use_no_semihosting
    usart.o(.data) refers (Special) to use_no_semi_2.o(.text) for __use_no_semihosting
    startup_stm32f10x_md.o(STACK) refers (Special) to heapauxi.o(.text) for __use_two_region_memory
    startup_stm32f10x_md.o(HEAP) refers (Special) to heapauxi.o(.text) for __use_two_region_memory
    startup_stm32f10x_md.o(RESET) refers (Special) to heapauxi.o(.text) for __use_two_region_memory
[...]
    __rt_lib_init_exceptions_1               0x080001cb   Thumb Code     0  libinit2.o(.ARM.Collect$$libinit$$00000030)
    __rt_lib_init_fp_1                       0x080001cb   Thumb Code     0  libinit2.o(.ARM.Collect$$libinit$$00000002)
    __rt_lib_init_fp_trap_1                  0x080001cb   Thumb Code     0  libinit2.o(.ARM.Collect$$libinit$$0000001F)
    __rt_lib_init_getenv_1                   0x080001cb   Thumb Code     0  libinit2.o(.ARM.Collect$$libinit$$00000023)
    __rt_lib_init_heap_1                     0x080001cb   Thumb Code     0  libinit2.o(.ARM.Collect$$libinit$$0000000A)
    __rt_lib_init_lc_collate_1               0x080001cb   Thumb Code     0  libinit2.o(.ARM.Collect$$libinit$$00000011)
    __rt_lib_init_lc_ctype_1                 0x080001cb   Thumb Code     0  libinit2.o(.ARM.Collect$$libinit$$00000013)
    __rt_lib_init_lc_monetary_1              0x080001cb   Thumb Code     0  libinit2.o(.ARM.Collect$$libinit$$00000015)
    __rt_lib_init_lc_numeric_1               0x080001cb   Thumb Code     0  libinit2.o(.ARM.Collect$$libinit$$00000017)
    __rt_lib_init_lc_time_1                  0x080001cb   Thumb Code     0  libinit2.o(.ARM.Collect$$libinit$$00000019)
    __rt_lib_init_preinit_1                  0x080001cb   Thumb Code     0  libinit2.o(.ARM.Collect$$libinit$$00000004)
    __rt_lib_init_rand_1                     0x080001cb   Thumb Code     0  libinit2.o(.ARM.Collect$$libinit$$0000000E)
    __rt_lib_init_return                     0x080001cb   Thumb Code     0  libinit2.o(.ARM.Collect$$libinit$$00000033)
    __rt_lib_init_signal_1                   0x080001cb   Thumb Code     0  libinit2.o(.ARM.Collect$$libinit$$0000001D)
    __rt_lib_init_stdio_1                    0x080001cb   Thumb Code     0  libinit2.o(.ARM.Collect$$libinit$$00000025)
    __rt_lib_init_user_alloc_1               0x080001cb   Thumb Code     0  libinit2.o(.ARM.Collect$$libinit$$0000000C)
    __rt_lib_shutdown                        0x080001cd   Thumb Code     0  libshutdown.o(.ARM.Collect$$libshutdown$$00000000)
    __rt_lib_shutdown_cpp_1                  0x080001cf   Thumb Code     0  libshutdown2.o(.ARM.Collect$$libshutdown$$00000002)
    __rt_lib_shutdown_fp_trap_1              0x080001cf   Thumb Code     0  libshutdown2.o(.ARM.Collect$$libshutdown$$00000007)
    __rt_lib_shutdown_heap_1                 0x080001cf   Thumb Code     0  libshutdown2.o(.ARM.Collect$$libshutdown$$0000000F)
    __rt_lib_shutdown_return                 0x080001cf   Thumb Code     0  libshutdown2.o(.ARM.Collect$$libshutdown$$00000010)
    __rt_lib_shutdown_signal_1               0x080001cf   Thumb Code     0  libshutdown2.o(.ARM.Collect$$libshutdown$$0000000A)
    __rt_lib_shutdown_stdio_1                0x080001cf   Thumb Code     0  libshutdown2.o(.ARM.Collect$$libshutdown$$00000004)
    __rt_lib_shutdown_user_alloc_1           0x080001cf   Thumb Code     0  libshutdown2.o(.ARM.Collect$$libshutdown$$0000000C)
    __rt_entry                               0x080001d1   Thumb Code     0  __rtentry.o(.ARM.Collect$$rtentry$$00000000)
    __rt_entry_presh_1                       0x080001d1   Thumb Code     0  __rtentry2.o(.ARM.Collect$$rtentry$$00000002)
    __rt_entry_sh                            0x080001d1   Thumb Code     0  __rtentry4.o(.ARM.Collect$$rtentry$$00000004)
    __rt_entry_li                            0x080001d7   Thumb Code     0  __rtentry2.o(.ARM.Collect$$rtentry$$0000000A)
    __rt_entry_postsh_1                      0x080001d7   Thumb Code     0  __rtentry2.o(.ARM.Collect$$rtentry$$00000009)
    __rt_entry_main                          0x080001db   Thumb Code     0  __rtentry2.o(.ARM.Collect$$rtentry$$0000000D)
    __rt_entry_postli_1                      0x080001db   Thumb Code     0  __rtentry2.o(.ARM.Collect$$rtentry$$0000000C)
    __rt_exit                                0x080001e3   Thumb Code     0  rtexit.o(.ARM.Collect$$rtexit$$00000000)
    __rt_exit_ls                             0x080001e5   Thumb Code     0  rtexit2.o(.ARM.Collect$$rtexit$$00000003)
    __rt_exit_prels_1                        0x080001e5   Thumb Code     0  rtexit2.o(.ARM.Collect$$rtexit$$00000002)
    __rt_exit_exit                           0x080001e9   Thumb Code     0  rtexit2.o(.ARM.Collect$$rtexit$$00000004)
    main                                     0x080001f1   Thumb Code    76  main.o(.text)
    NMI_Handler                              0x08000245   Thumb Code     2  stm32f10x_it.o(.text)
    HardFault_Handler                        0x08000247   Thumb Code     2  stm32f10x_it.o(.text)
    MemManage_Handler                        0x08000249   Thumb Code     2  stm32f10x_it.o(.text)
    BusFault_Handler                         0x0800024b   Thumb Code     2  stm32f10x_it.o(.text)
    UsageFault_Handler                       0x0800024d   Thumb Code     2  stm32f10x_it.o(.text)
    SVC_Handler                              0x0800024f   Thumb Code     2  stm32f10x_it.o(.text)
    DebugMon_Handler                         0x08000251   Thumb Code     2  stm32f10x_it.o(.text)
    PendSV_Handler                           0x08000253   Thumb Code     2  stm32f10x_it.o(.text)
    SysTick_Handler                          0x08000255   Thumb Code     2  stm32f10x_it.o(.text)
    SystemInit                               0x080002f9   Thumb Code    64  system_stm32f10x.o(.text)
    SystemCoreClockUpdate                    0x08000339   Thumb Code    86  system_stm32f10x.o(.text)
    LED_Init                                 0x080003b1   Thumb Code    50  led.o(.text)
    LCD_WR_REG                               0x080003e9   Thumb Code    26  lcd.o(.text)
    LCD_WR_DATAX                             0x08000403   Thumb Code    26  lcd.o(.text)
    LCD_RD_DATA                              0x0800041d   Thumb Code   102  lcd.o(.text)
    LCD_WriteReg                             0x08000483   Thumb Code    34  lcd.o(.text)
    LCD_ReadReg                              0x080004a5   Thumb Code    12  lcd.o(.text)
    LCD_WriteRAM_Prepare                     0x080004b1   Thumb Code     6  lcd.o(.text)
    LCD_WriteRAM                             0x080004b7   Thumb Code    26  lcd.o(.text)
    LCD_BGR2RGB                              0x080004d1   Thumb Code    18  lcd.o(.text)
    opt_delay                                0x080004e3   Thumb Code     8  lcd.o(.text)
    LCD_SetCursor                            0x080004eb   Thumb Code   828  lcd.o(.text)
    LCD_ReadPoint                            0x08000827   Thumb Code   384  lcd.o(.text)
    LCD_DisplayOn                            0x080009a7   Thumb Code    62  lcd.o(.text)
    LCD_DisplayOff                           0x080009e5   Thumb Code    60  lcd.o(.text)
    LCD_Scan_Dir                             0x08000a21   Thumb Code   748  lcd.o(.text)
    LCD_DrawPoint                            0x08000d0d   Thumb Code    40  lcd.o(.text)
    LCD_Fast_DrawPoint                       0x08000d35   Thumb Code   674  lcd.o(.text)
    LCD_SSD_BackLightSet                     0x08000fd7   Thumb Code   142  lcd.o(.text)
    LCD_Display_Dir                          0x08001065   Thumb Code   322  lcd.o(.text)
    LCD_Set_Window                           0x080011a7   Thumb Code   836  lcd.o(.text)
    LCD_Clear                                0x080014eb   Thumb Code   120  lcd.o(.text)
    LCD_Init                                 0x08001563   Thumb Code 14290  lcd.o(.text)
    LCD_Fill                                 0x08004d35   Thumb Code   156  lcd.o(.text)
    LCD_Color_Fill                           0x08004dd1   Thumb Code   108  lcd.o(.text)
    LCD_DrawLine                             0x08004e3d   Thumb Code   150  lcd.o(.text)
    LCD_DrawRectangle                        0x08004ed3   Thumb Code    54  lcd.o(.text)
    LCD_Draw_Circle                          0x08004f09   Thumb Code   176  lcd.o(.text)
    LCD_ShowChar                             0x08004fb9   Thumb Code   180  lcd.o(.text)
    LCD_Pow                                  0x0800506d   Thumb Code    16  lcd.o(.text)
    LCD_ShowNum                              0x0800507d   Thumb Code   116  lcd.o(.text)
    LCD_ShowxNum                             0x080050f1   Thumb Code   162  lcd.o(.text)
    LCD_ShowString                           0x08005193   Thumb Code    82  lcd.o(.text)
    KEY_Init                                 0x080051e5   Thumb Code    78  key.o(.text)
    KEY_Scan                                 0x08005233   Thumb Code   146  key.o(.text)
    IIC_Init                                 0x080052d1   Thumb Code    52  myiic.o(.text)
    IIC_Start                                0x08005305   Thumb Code    56  myiic.o(.text)
    IIC_Stop                                 0x0800533d   Thumb Code    58  myiic.o(.text)
    IIC_Wait_Ack                             0x08005377   Thumb Code    78  myiic.o(.text)
    IIC_Ack                                  0x080053c5   Thumb Code    56  myiic.o(.text)
    IIC_NAck                                 0x080053fd   Thumb Code    56  myiic.o(.text)
    IIC_Send_Byte                            0x08005435   Thumb Code    86  myiic.o(.text)
    IIC_Read_Byte                            0x0800548b   Thumb Code   100  myiic.o(.text)
    AT24CXX_Init                             0x080054f9   Thumb Code     4  24cxx.o(.text)
    AT24CXX_ReadOneByte                      0x080054fd   Thumb Code    66  24cxx.o(.text)
    AT24CXX_WriteOneByte                     0x0800553f   Thumb Code    62  24cxx.o(.text)
    AT24CXX_WriteLenByte                     0x0800557d   Thumb Code    42  24cxx.o(.text)
    AT24CXX_ReadLenByte                      0x080055a7   Thumb Code    40  24cxx.o(.text)
    AT24CXX_Check                            0x080055cf   Thumb Code    38  24cxx.o(.text)
    AT24CXX_Read                             0x080055f5   Thumb Code    34  24cxx.o(.text)
    AT24CXX_Write                            0x08005617   Thumb Code    32  24cxx.o(.text)
    usartSend                                0x08005639   Thumb Code    14  pid.o(.text)
    usartPutBuff                             0x08005647   Thumb Code    26  pid.o(.text)
    sendData                                 0x08005661   Thumb Code    40  pid.o(.text)
    control                                  0x08005689   Thumb Code    88  pid.o(.text)
    TIM2_IRQHandler                          0x080056e1   Thumb Code    50  pid.o(.text)
    getHeight                                0x08005713   Thumb Code    20  pid.o(.text)
    TIM1_PWM_Init                            0x0800574d   Thumb Code   146  pwm.o(.text)
    tim2_init                                0x080057e9   Thumb Code    90  tim.o(.text)
    delay_init                               0x08005845   Thumb Code    46  delay.o(.text)
    delay_us                                 0x08005873   Thumb Code    46  delay.o(.text)
    delay_ms                                 0x080058a1   Thumb Code    46  delay.o(.text)
    _sys_exit                                0x080058dd   Thumb Code     2  usart.o(.text)
    fputc                                    0x080058df   Thumb Code    18  usart.o(.text)
    uart_init                                0x080058f1   Thumb Code   152  usart.o(.text)
    USART1_IRQHandler                        0x08005989   Thumb Code    88  usart.o(.text)
    Reset_Handler                            0x080059f1   Thumb Code     8  startup_stm32f10x_md.o(.text)
    ADC1_2_IRQHandler                        0x08005a0b   Thumb Code     0  startup_stm32f10x_md.o(.text)
    CAN1_RX1_IRQHandler                      0x08005a0b   Thumb Code     0  startup_stm32f10x_md.o(.text)
    CAN1_SCE_IRQHandler                      0x08005a0b   Thumb Code     0  startup_stm32f10x_md.o(.text)
    DMA1_Channel1_IRQHandler                 0x08005a0b   Thumb Code     0  startup_stm32f10x_md.o(.text)
    DMA1_Channel2_IRQHandler                 0x08005a0b   Thumb Code     0  startup_stm32f10x_md.o(.text)
    DMA1_Channel3_IRQHandler                 0x08005a0b   Thumb Code     0  startup_stm32f10x_md.o(.text)
    DMA1_Channel4_IRQHandler                 0x08005a0b   Thumb Code     0  startup_stm32f10x_md.o(.text)
    DMA1_Channel5_IRQHandler                 0x08005a0b   Thumb Code     0  startup_stm32f10x_md.o(.text)
    DMA1_Channel6_IRQHandler                 0x08005a0b   Thumb Code     0  startup_stm32f10x_md.o(.text)
    DMA1_Channel7_IRQHandler                 0x08005a0b   Thumb Code     0  startup_stm32f10x_md.o(.text)
    EXTI0_IRQHandler                         0x08005a0b   Thumb Code     0  startup_stm32f10x_md.o(.text)
    EXTI15_10_IRQHandler                     0x08005a0b   Thumb Code     0  startup_stm32f10x_md.o(.text)
    EXTI1_IRQHandler                         0x08005a0b   Thumb Code     0  startup_stm32f10x_md.o(.text)
    EXTI2_IRQHandler                         0x08005a0b   Thumb Code     0  startup_stm32f10x_md.o(.text)
    EXTI3_IRQHandler                         0x08005a0b   Thumb Code     0  startup_stm32f10x_md.o(.text)
    EXTI9_5_IRQHandler                       0x08005a0b   Thumb Code     0  startup_stm32f10x_md.o(.text)
    FLASH_IRQHandler                         0x08005a0b   Thumb Code     0  startup_stm32f10x_md.o(.text)
    I2C1_ER_IRQHandler                       0x08005a0b   Thumb Code     0  startup_stm32f10x_md.o(.text)
    I2C1_EV_IRQHandler                       0x08005a0b   Thumb Code     0  startup_stm32f10x_md.o(.text)
    I2C2_ER_IRQHandler                       0x08005a0b   Thumb Code     0  startup_stm32f10x_md.o(.text)
    I2C2_EV_IRQHandler                       0x08005a0b   Thumb Code     0  startup_stm32f10x_md.o(.text)
    PVD_IRQHandler                           0x08005a0b   Thumb Code     0  startup_stm32f10x_md.o(.text)
    RCC_IRQHandler                           0x08005a0b   Thumb Code     0  startup_stm32f10x_md.o(.text)
    RTCAlarm_IRQHandler                      0x08005a0b   Thumb Code     0  startup_stm32f10x_md.o(.text)
    RTC_IRQHandler                           0x08005a0b   Thumb Code     0  startup_stm32f10x_md.o(.text)
    SPI1_IRQHandler                          0x08005a0b   Thumb Code     0  startup_stm32f10x_md.o(.text)
    SPI2_IRQHandler                          0x08005a0b   Thumb Code     0  startup_stm32f10x_md.o(.text)
    TAMPER_IRQHandler                        0x08005a0b   Thumb Code     0  startup_stm32f10x_md.o(.text)
    TIM1_BRK_IRQHandler                      0x08005a0b   Thumb Code     0  startup_stm32f10x_md.o(.text)
    TIM1_CC_IRQHandler                       0x08005a0b   Thumb Code     0  startup_stm32f10x_md.o(.text)
    TIM1_TRG_COM_IRQHandler                  0x08005a0b   Thumb Code     0  startup_stm32f10x_md.o(.text)
    TIM1_UP_IRQHandler                       0x08005a0b   Thumb Code     0  startup_stm32f10x_md.o(.text)
    TIM3_IRQHandler                          0x08005a0b   Thumb Code     0  startup_stm32f10x_md.o(.text)
    USART2_IRQHandler                        0x08005a0b   Thumb Code     0  startup_stm32f10x_md.o(.text)
    USART3_IRQHandler                        0x08005a0b   Thumb Code     0  startup_stm32f10x_md.o(.text)
    USBWakeUp_IRQHandler                     0x08005a0b   Thumb Code     0  startup_stm32f10x_md.o(.text)
    USB_HP_CAN1_TX_IRQHandler                0x08005a0b   Thumb Code     0  startup_stm32f10x_md.o(.text)
    USB_LP_CAN1_RX0_IRQHandler               0x08005a0b   Thumb Code     0  startup_stm32f10x_md.o(.text)
    WWDG_IRQHandler                          0x08005a0b   Thumb Code     0  startup_stm32f10x_md.o(.text)
    __user_initial_stackheap                 0x08005a0d   Thumb Code     0  startup_stm32f10x_md.o(.text)
    GPIO_DeInit                              0x08005a31   Thumb Code   152  stm32f10x_gpio.o(.text)
    GPIO_AFIODeInit                          0x08005ac9   Thumb Code    22  stm32f10x_gpio.o(.text)
    GPIO_Init                                0x08005adf   Thumb Code   156  stm32f10x_gpio.o(.text)
    GPIO_StructInit                          0x08005b7b   Thumb Code    16  stm32f10x_gpio.o(.text)
    GPIO_ReadInputDataBit                    0x08005b8b   Thumb Code    14  stm32f10x_gpio.o(.text)
    GPIO_ReadInputData                       0x08005b99   Thumb Code     6  stm32f10x_gpio.o(.text)
    GPIO_ReadOutputDataBit                   0x08005b9f   Thumb Code    14  stm32f10x_gpio.o(.text)
    GPIO_ReadOutputData                      0x08005bad   Thumb Code     6  stm32f10x_gpio.o(.text)
    GPIO_SetBits                             0x08005bb3   Thumb Code     4  stm32f10x_gpio.o(.text)
    GPIO_ResetBits                           0x08005bb7   Thumb Code     4  stm32f10x_gpio.o(.text)
    GPIO_WriteBit                            0x08005bbb   Thumb Code    10  stm32f10x_gpio.o(.text)
    GPIO_Write                               0x08005bc5   Thumb Code     4  stm32f10x_gpio.o(.text)
    GPIO_PinLockConfig                       0x08005bc9   Thumb Code    16  stm32f10x_gpio.o(.text)
    GPIO_EventOutputConfig                   0x08005bd9   Thumb Code    22  stm32f10x_gpio.o(.text)
    GPIO_EventOutputCmd                      0x08005bef   Thumb Code     6  stm32f10x_gpio.o(.text)
    GPIO_PinRemapConfig                      0x08005bf5   Thumb Code    82  stm32f10x_gpio.o(.text)
    GPIO_EXTILineConfig                      0x08005c47   Thumb Code    34  stm32f10x_gpio.o(.text)
    GPIO_ETH_MediaInterfaceConfig            0x08005c69   Thumb Code     8  stm32f10x_gpio.o(.text)
    RCC_DeInit                               0x08005c95   Thumb Code    50  stm32f10x_rcc.o(.text)
    RCC_HSEConfig                            0x08005cc7   Thumb Code    48  stm32f10x_rcc.o(.text)
    RCC_GetFlagStatus                        0x08005cf7   Thumb Code    42  stm32f10x_rcc.o(.text)
    RCC_WaitForHSEStartUp                    0x08005d21   Thumb Code    44  stm32f10x_rcc.o(.text)
    RCC_AdjustHSICalibrationValue            0x08005d4d   Thumb Code    16  stm32f10x_rcc.o(.text)
    RCC_HSICmd                               0x08005d5d   Thumb Code     6  stm32f10x_rcc.o(.text)
    RCC_PLLConfig                            0x08005d63   Thumb Code    16  stm32f10x_rcc.o(.text)
    RCC_PLLCmd                               0x08005d73   Thumb Code     6  stm32f10x_rcc.o(.text)
    RCC_SYSCLKConfig                         0x08005d79   Thumb Code    14  stm32f10x_rcc.o(.text)
    RCC_GetSYSCLKSource                      0x08005d87   Thumb Code    10  stm32f10x_rcc.o(.text)
    RCC_HCLKConfig                           0x08005d91   Thumb Code    14  stm32f10x_rcc.o(.text)
    RCC_PCLK1Config                          0x08005d9f   Thumb Code    14  stm32f10x_rcc.o(.text)
    RCC_PCLK2Config                          0x08005dad   Thumb Code    16  stm32f10x_rcc.o(.text)
    RCC_ITConfig                             0x08005dbd   Thumb Code    18  stm32f10x_rcc.o(.text)
    RCC_USBCLKConfig                         0x08005dcf   Thumb Code     8  stm32f10x_rcc.o(.text)
    RCC_ADCCLKConfig                         0x08005dd7   Thumb Code    14  stm32f10x_rcc.o(.text)
    RCC_LSEConfig                            0x08005de5   Thumb Code    28  stm32f10x_rcc.o(.text)
    RCC_LSICmd                               0x08005e01   Thumb Code     6  stm32f10x_rcc.o(.text)
    RCC_RTCCLKConfig                         0x08005e07   Thumb Code    10  stm32f10x_rcc.o(.text)
    RCC_RTCCLKCmd                            0x08005e11   Thumb Code     8  stm32f10x_rcc.o(.text)
    RCC_GetClocksFreq                        0x08005e19   Thumb Code   132  stm32f10x_rcc.o(.text)
    RCC_AHBPeriphClockCmd                    0x08005e9d   Thumb Code    18  stm32f10x_rcc.o(.text)
    RCC_APB2PeriphClockCmd                   0x08005eaf   Thumb Code    18  stm32f10x_rcc.o(.text)
    RCC_APB1PeriphClockCmd                   0x08005ec1   Thumb Code    18  stm32f10x_rcc.o(.text)
    RCC_APB2PeriphResetCmd                   0x08005ed3   Thumb Code    18  stm32f10x_rcc.o(.text)
    RCC_APB1PeriphResetCmd                   0x08005ee5   Thumb Code    18  stm32f10x_rcc.o(.text)
    RCC_BackupResetCmd                       0x08005ef7   Thumb Code     8  stm32f10x_rcc.o(.text)
    RCC_ClockSecuritySystemCmd               0x08005eff   Thumb Code     6  stm32f10x_rcc.o(.text)
    RCC_MCOConfig                            0x08005f05   Thumb Code     6  stm32f10x_rcc.o(.text)
    RCC_ClearFlag                            0x08005f0b   Thumb Code    12  stm32f10x_rcc.o(.text)
    RCC_GetITStatus                          0x08005f17   Thumb Code    16  stm32f10x_rcc.o(.text)
    RCC_ClearITPendingBit                    0x08005f27   Thumb Code     6  stm32f10x_rcc.o(.text)
    USART_DeInit                             0x08005f4d   Thumb Code    96  stm32f10x_usart.o(.text)
    USART_Init                               0x08005fad   Thumb Code   166  stm32f10x_usart.o(.text)
    USART_StructInit                         0x08006053   Thumb Code    22  stm32f10x_usart.o(.text)
    USART_ClockInit                          0x08006069   Thumb Code    30  stm32f10x_usart.o(.text)
    USART_ClockStructInit                    0x08006087   Thumb Code    12  stm32f10x_usart.o(.text)
    USART_Cmd                                0x08006093   Thumb Code    20  stm32f10x_usart.o(.text)
    USART_ITConfig                           0x080060a7   Thumb Code    48  stm32f10x_usart.o(.text)
    USART_DMACmd                             0x080060d7   Thumb Code    16  stm32f10x_usart.o(.text)
    USART_SetAddress                         0x080060e7   Thumb Code    16  stm32f10x_usart.o(.text)
    USART_WakeUpConfig                       0x080060f7   Thumb Code    16  stm32f10x_usart.o(.text)
    USART_ReceiverWakeUpCmd                  0x08006107   Thumb Code    20  stm32f10x_usart.o(.text)
    USART_LINBreakDetectLengthConfig         0x0800611b   Thumb Code    16  stm32f10x_usart.o(.text)
    USART_LINCmd                             0x0800612b   Thumb Code    20  stm32f10x_usart.o(.text)
    USART_SendData                           0x0800613f   Thumb Code     8  stm32f10x_usart.o(.text)
    USART_ReceiveData                        0x08006147   Thumb Code     8  stm32f10x_usart.o(.text)
    USART_SendBreak                          0x0800614f   Thumb Code    10  stm32f10x_usart.o(.text)
    USART_SetGuardTime                       0x08006159   Thumb Code    16  stm32f10x_usart.o(.text)
    USART_SetPrescaler                       0x08006169   Thumb Code    16  stm32f10x_usart.o(.text)
    USART_SmartCardCmd                       0x08006179   Thumb Code    20  stm32f10x_usart.o(.text)
    USART_SmartCardNACKCmd                   0x0800618d   Thumb Code    20  stm32f10x_usart.o(.text)
    USART_HalfDuplexCmd                      0x080061a1   Thumb Code    20  stm32f10x_usart.o(.text)
    USART_OverSampling8Cmd                   0x080061b5   Thumb Code    20  stm32f10x_usart.o(.text)
    USART_OneBitMethodCmd                    0x080061c9   Thumb Code    20  stm32f10x_usart.o(.text)
    USART_IrDAConfig                         0x080061dd   Thumb Code    16  stm32f10x_usart.o(.text)
    USART_IrDACmd                            0x080061ed   Thumb Code    20  stm32f10x_usart.o(.text)
    USART_GetFlagStatus                      0x08006201   Thumb Code    14  stm32f10x_usart.o(.text)
    USART_ClearFlag                          0x0800620f   Thumb Code     6  stm32f10x_usart.o(.text)
    USART_GetITStatus                        0x08006215   Thumb Code    62  stm32f10x_usart.o(.text)
    USART_ClearITPendingBit                  0x08006253   Thumb Code    12  stm32f10x_usart.o(.text)
    NVIC_PriorityGroupConfig                 0x08006275   Thumb Code    10  misc.o(.text)
    NVIC_Init                                0x0800627f   Thumb Code    94  misc.o(.text)
    NVIC_SetVectorTable                      0x080062dd   Thumb Code    14  misc.o(.text)
    NVIC_SystemLPConfig                      0x080062eb   Thumb Code    20  misc.o(.text)
    SysTick_CLKSourceConfig                  0x080062ff   Thumb Code    24  misc.o(.text)
    EXTI_DeInit                              0x08006325   Thumb Code    28  stm32f10x_exti.o(.text)
    EXTI_Init                                0x08006341   Thumb Code   108  stm32f10x_exti.o(.text)
    EXTI_StructInit                          0x080063ad   Thumb Code    14  stm32f10x_exti.o(.text)
    EXTI_GenerateSWInterrupt                 0x080063bb   Thumb Code    12  stm32f10x_exti.o(.text)
    EXTI_GetFlagStatus                       0x080063c7   Thumb Code    18  stm32f10x_exti.o(.text)
    EXTI_ClearFlag                           0x080063d9   Thumb Code     8  stm32f10x_exti.o(.text)
    EXTI_GetITStatus                         0x080063e1   Thumb Code    28  stm32f10x_exti.o(.text)
    EXTI_ClearITPendingBit                   0x080063fd   Thumb Code     8  stm32f10x_exti.o(.text)
    TIM_DeInit                               0x0800640d   Thumb Code   304  stm32f10x_tim.o(.text)
    TIM_TimeBaseInit                         0x0800653d   Thumb Code   114  stm32f10x_tim.o(.text)
    TIM_OC1Init                              0x080065af   Thumb Code   106  stm32f10x_tim.o(.text)
    TIM_OC2Init                              0x08006619   Thumb Code   120  stm32f10x_tim.o(.text)
    TIM_OC3Init                              0x08006691   Thumb Code   116  stm32f10x_tim.o(.text)
    TIM_OC4Init                              0x08006705   Thumb Code    90  stm32f10x_tim.o(.text)
    TIM_SetIC4Prescaler                      0x0800675f   Thumb Code    24  stm32f10x_tim.o(.text)
    TIM_SetIC3Prescaler                      0x08006777   Thumb Code    16  stm32f10x_tim.o(.text)
    TIM_SetIC2Prescaler                      0x08006787   Thumb Code    24  stm32f10x_tim.o(.text)
    TIM_SetIC1Prescaler                      0x08006845   Thumb Code    16  stm32f10x_tim.o(.text)
    TIM_ICInit                               0x080068ad   Thumb Code   270  stm32f10x_tim.o(.text)
    TIM_PWMIConfig                           0x080069bb   Thumb Code   104  stm32f10x_tim.o(.text)
    TIM_BDTRConfig                           0x08006a23   Thumb Code    34  stm32f10x_tim.o(.text)
    TIM_TimeBaseStructInit                   0x08006a45   Thumb Code    18  stm32f10x_tim.o(.text)
    TIM_OCStructInit                         0x08006a57   Thumb Code    20  stm32f10x_tim.o(.text)
    TIM_ICStructInit                         0x08006a6b   Thumb Code    16  stm32f10x_tim.o(.text)
    TIM_BDTRStructInit                       0x08006a7b   Thumb Code    18  stm32f10x_tim.o(.text)
    TIM_Cmd                                  0x08006a8d   Thumb Code    20  stm32f10x_tim.o(.text)
    TIM_CtrlPWMOutputs                       0x08006aa1   Thumb Code    22  stm32f10x_tim.o(.text)
    TIM_ITConfig                             0x08006ab7   Thumb Code    16  stm32f10x_tim.o(.text)
    TIM_GenerateEvent                        0x08006ac7   Thumb Code     4  stm32f10x_tim.o(.text)
    TIM_DMAConfig                            0x08006acb   Thumb Code     8  stm32f10x_tim.o(.text)
    TIM_DMACmd                               0x08006ad3   Thumb Code    16  stm32f10x_tim.o(.text)
    TIM_InternalClockConfig                  0x08006ae3   Thumb Code    10  stm32f10x_tim.o(.text)
    TIM_SelectInputTrigger                   0x08006aed   Thumb Code    12  stm32f10x_tim.o(.text)
    TIM_ITRxExternalClockConfig              0x08006af9   Thumb Code    18  stm32f10x_tim.o(.text)
    TIM_TIxExternalClockConfig               0x08006b0b   Thumb Code    46  stm32f10x_tim.o(.text)
    TIM_ETRConfig                            0x08006b39   Thumb Code    24  stm32f10x_tim.o(.text)
    TIM_ETRClockMode1Config                  0x08006b51   Thumb Code    18  stm32f10x_tim.o(.text)
    TIM_ETRClockMode2Config                  0x08006b63   Thumb Code    18  stm32f10x_tim.o(.text)
    TIM_PrescalerConfig                      0x08006b75   Thumb Code     6  stm32f10x_tim.o(.text)
    TIM_CounterModeConfig                    0x08006b7b   Thumb Code    12  stm32f10x_tim.o(.text)
    TIM_EncoderInterfaceConfig               0x08006b87   Thumb Code    50  stm32f10x_tim.o(.text)
    TIM_ForcedOC1Config                      0x08006bb9   Thumb Code    12  stm32f10x_tim.o(.text)
    TIM_ForcedOC2Config                      0x08006bc5   Thumb Code    20  stm32f10x_tim.o(.text)
    TIM_ForcedOC3Config                      0x08006bd9   Thumb Code    12  stm32f10x_tim.o(.text)
    TIM_ForcedOC4Config                      0x08006be5   Thumb Code    20  stm32f10x_tim.o(.text)
    TIM_ARRPreloadConfig                     0x08006bf9   Thumb Code    20  stm32f10x_tim.o(.text)
    TIM_SelectCOM                            0x08006c0d   Thumb Code    20  stm32f10x_tim.o(.text)
    TIM_SelectCCDMA                          0x08006c21   Thumb Code    20  stm32f10x_tim.o(.text)
    TIM_CCPreloadControl                     0x08006c35   Thumb Code    20  stm32f10x_tim.o(.text)
    TIM_OC1PreloadConfig                     0x08006c49   Thumb Code    32  stm32f10x_tim.o(.text)
    TIM_OC2PreloadConfig                     0x08006c69   Thumb Code    20  stm32f10x_tim.o(.text)
    TIM_OC3PreloadConfig                     0x08006c7d   Thumb Code    12  stm32f10x_tim.o(.text)
    TIM_OC4PreloadConfig                     0x08006c89   Thumb Code    20  stm32f10x_tim.o(.text)
    TIM_OC1FastConfig                        0x08006c9d   Thumb Code    12  stm32f10x_tim.o(.text)
    TIM_OC2FastConfig                        0x08006ca9   Thumb Code    20  stm32f10x_tim.o(.text)
    TIM_OC3FastConfig                        0x08006cbd   Thumb Code    12  stm32f10x_tim.o(.text)
    TIM_OC4FastConfig                        0x08006cc9   Thumb Code    20  stm32f10x_tim.o(.text)
    TIM_ClearOC1Ref                          0x08006cdd   Thumb Code    12  stm32f10x_tim.o(.text)
    TIM_ClearOC2Ref                          0x08006ce9   Thumb Code    20  stm32f10x_tim.o(.text)
    TIM_ClearOC3Ref                          0x08006cfd   Thumb Code    12  stm32f10x_tim.o(.text)
    TIM_ClearOC4Ref                          0x08006d09   Thumb Code    20  stm32f10x_tim.o(.text)
    TIM_OC1PolarityConfig                    0x08006d1d   Thumb Code    12  stm32f10x_tim.o(.text)
    TIM_OC1NPolarityConfig                   0x08006d29   Thumb Code    12  stm32f10x_tim.o(.text)
    TIM_OC2PolarityConfig                    0x08006d35   Thumb Code    20  stm32f10x_tim.o(.text)
    TIM_OC2NPolarityConfig                   0x08006d49   Thumb Code    20  stm32f10x_tim.o(.text)
    TIM_OC3PolarityConfig                    0x08006d5d   Thumb Code    20  stm32f10x_tim.o(.text)
    TIM_OC3NPolarityConfig                   0x08006d71   Thumb Code    20  stm32f10x_tim.o(.text)
    TIM_OC4PolarityConfig                    0x08006d85   Thumb Code    20  stm32f10x_tim.o(.text)
    TIM_CCxCmd                               0x08006d99   Thumb Code    22  stm32f10x_tim.o(.text)
    TIM_CCxNCmd                              0x08006daf   Thumb Code    22  stm32f10x_tim.o(.text)
    TIM_SelectOCxM                           0x08006dc5   Thumb Code    70  stm32f10x_tim.o(.text)
    TIM_UpdateDisableConfig                  0x08006e0b   Thumb Code    20  stm32f10x_tim.o(.text)
    TIM_UpdateRequestConfig                  0x08006e1f   Thumb Code    20  stm32f10x_tim.o(.text)
    TIM_SelectHallSensor                     0x08006e33   Thumb Code    20  stm32f10x_tim.o(.text)
    TIM_SelectOnePulseMode                   0x08006e47   Thumb Code    16  stm32f10x_tim.o(.text)
    TIM_SelectOutputTrigger                  0x08006e57   Thumb Code    16  stm32f10x_tim.o(.text)
    TIM_SelectSlaveMode                      0x08006e67   Thumb Code    16  stm32f10x_tim.o(.text)
    TIM_SelectMasterSlaveMode                0x08006e77   Thumb Code    16  stm32f10x_tim.o(.text)
    TIM_SetCounter                           0x08006e87   Thumb Code     4  stm32f10x_tim.o(.text)
    TIM_SetAutoreload                        0x08006e8b   Thumb Code     4  stm32f10x_tim.o(.text)
    TIM_SetCompare1                          0x08006e8f   Thumb Code     4  stm32f10x_tim.o(.text)
    TIM_SetCompare2                          0x08006e93   Thumb Code     4  stm32f10x_tim.o(.text)
    TIM_SetCompare3                          0x08006e97   Thumb Code     4  stm32f10x_tim.o(.text)
    TIM_SetCompare4                          0x08006e9b   Thumb Code     6  stm32f10x_tim.o(.text)
    TIM_SetClockDivision                     0x08006ea1   Thumb Code    16  stm32f10x_tim.o(.text)
    TIM_GetCapture1                          0x08006eb1   Thumb Code     4  stm32f10x_tim.o(.text)
    TIM_GetCapture2                          0x08006eb5   Thumb Code     4  stm32f10x_tim.o(.text)
    TIM_GetCapture3                          0x08006eb9   Thumb Code     4  stm32f10x_tim.o(.text)
    TIM_GetCapture4                          0x08006ebd   Thumb Code     6  stm32f10x_tim.o(.text)
    TIM_GetCounter                           0x08006ec3   Thumb Code     4  stm32f10x_tim.o(.text)
    TIM_GetPrescaler                         0x08006ec7   Thumb Code     4  stm32f10x_tim.o(.text)
    TIM_GetFlagStatus                        0x08006ecb   Thumb Code    14  stm32f10x_tim.o(.text)
    TIM_ClearFlag                            0x08006ed9   Thumb Code     6  stm32f10x_tim.o(.text)
    TIM_GetITStatus                          0x08006edf   Thumb Code    24  stm32f10x_tim.o(.text)
    TIM_ClearITPendingBit                    0x08006ef7   Thumb Code     6  stm32f10x_tim.o(.text)
    VL53L0X_GetVersion                       0x08006efd   Thumb Code    22  vl53l0x_api.o(.text)
    VL53L0X_GetPalSpecVersion                0x08006f13   Thumb Code    24  vl53l0x_api.o(.text)
    VL53L0X_GetProductRevision               0x08006f2b   Thumb Code    28  vl53l0x_api.o(.text)
    VL53L0X_GetDeviceInfo                    0x08006f47   Thumb Code     4  vl53l0x_api.o(.text)
    VL53L0X_GetDeviceErrorStatus             0x08006f4b   Thumb Code    24  vl53l0x_api.o(.text)
    VL53L0X_GetDeviceErrorString             0x08006f63   Thumb Code     4  vl53l0x_api.o(.text)
    VL53L0X_GetRangeStatusString             0x08006f67   Thumb Code     4  vl53l0x_api.o(.text)
    VL53L0X_GetPalErrorString                0x08006f6b   Thumb Code     4  vl53l0x_api.o(.text)
    VL53L0X_GetPalStateString                0x08006f6f   Thumb Code     4  vl53l0x_api.o(.text)
    VL53L0X_GetPalState                      0x08006f73   Thumb Code    12  vl53l0x_api.o(.text)
    VL53L0X_GetVcselPulsePeriod              0x08006f7f   Thumb Code     4  vl53l0x_api.o(.text)
    VL53L0X_SetMeasurementTimingBudgetMicroSeconds 0x08006f83   Thumb Code     4  vl53l0x_api.o(.text)
    VL53L0X_SetSequenceStepEnable            0x08006f87   Thumb Code   172  vl53l0x_api.o(.text)
    VL53L0X_GetFractionEnable                0x08007033   Thumb Code    26  vl53l0x_api.o(.text)
    VL53L0X_GetMeasurementTimingBudgetMicroSeconds 0x0800704d   Thumb Code     4  vl53l0x_api.o(.text)
    VL53L0X_GetWrapAroundCheckEnable         0x08007051   Thumb Code    44  vl53l0x_api.o(.text)
    VL53L0X_GetLimitCheckEnable              0x0800707d   Thumb Code    24  vl53l0x_api.o(.text)
    VL53L0X_GetLimitCheckValue               0x08007095   Thumb Code   130  vl53l0x_api.o(.text)
    VL53L0X_GetOffsetCalibrationDataMicroMeter 0x08007117   Thumb Code     4  vl53l0x_api.o(.text)
    VL53L0X_GetXTalkCompensationRateMegaCps  0x0800711b   Thumb Code    44  vl53l0x_api.o(.text)
    VL53L0X_GetInterMeasurementPeriodMilliSeconds 0x08007147   Thumb Code    54  vl53l0x_api.o(.text)
    VL53L0X_GetDeviceMode                    0x0800717d   Thumb Code    10  vl53l0x_api.o(.text)
    VL53L0X_GetDeviceParameters              0x08007187   Thumb Code   126  vl53l0x_api.o(.text)
    VL53L0X_ClearInterruptMask               0x08007205   Thumb Code    76  vl53l0x_api.o(.text)
    VL53L0X_SetGpioConfig                    0x08007251   Thumb Code   340  vl53l0x_api.o(.text)
    VL53L0X_StaticInit                       0x080073a5   Thumb Code   368  vl53l0x_api.o(.text)
    VL53L0X_SetPowerMode                     0x08007515   Thumb Code    70  vl53l0x_api.o(.text)
    VL53L0X_GetPowerMode                     0x0800755b   Thumb Code    36  vl53l0x_api.o(.text)
    VL53L0X_SetOffsetCalibrationDataMicroMeter 0x0800757f   Thumb Code     4  vl53l0x_api.o(.text)
    VL53L0X_SetLinearityCorrectiveGain       0x08007583   Thumb Code    34  vl53l0x_api.o(.text)
    VL53L0X_GetLinearityCorrectiveGain       0x080075a5   Thumb Code    12  vl53l0x_api.o(.text)
    VL53L0X_SetGroupParamHold                0x080075b1   Thumb Code     6  vl53l0x_api.o(.text)
    VL53L0X_GetUpperLimitMilliMeter          0x080075b7   Thumb Code     6  vl53l0x_api.o(.text)
    VL53L0X_GetTotalSignalRate               0x080075bd   Thumb Code    34  vl53l0x_api.o(.text)
    VL53L0X_SetDeviceAddress                 0x080075df   Thumb Code     8  vl53l0x_api.o(.text)
    VL53L0X_SetLimitCheckValue               0x080075e7   Thumb Code    80  vl53l0x_api.o(.text)
    VL53L0X_SetLimitCheckEnable              0x08007637   Thumb Code   126  vl53l0x_api.o(.text)
    VL53L0X_DataInit                         0x080076b5   Thumb Code   414  vl53l0x_api.o(.text)
    VL53L0X_SetTuningSettingBuffer           0x08007853   Thumb Code    34  vl53l0x_api.o(.text)
    VL53L0X_GetTuningSettingBuffer           0x08007875   Thumb Code    20  vl53l0x_api.o(.text)
    VL53L0X_WaitDeviceBooted                 0x08007889   Thumb Code     6  vl53l0x_api.o(.text)
    VL53L0X_ResetDevice                      0x0800788f   Thumb Code    90  vl53l0x_api.o(.text)
    VL53L0X_SetWrapAroundCheckEnable         0x080078e9   Thumb Code    70  vl53l0x_api.o(.text)
    VL53L0X_SetXTalkCompensationRateMegaCps  0x0800792f   Thumb Code    46  vl53l0x_api.o(.text)
    VL53L0X_SetInterMeasurementPeriodMilliSeconds 0x0800795d   Thumb Code    48  vl53l0x_api.o(.text)
    VL53L0X_SetDeviceMode                    0x0800798d   Thumb Code    36  vl53l0x_api.o(.text)
    VL53L0X_SetDeviceParameters              0x080079b1   Thumb Code   116  vl53l0x_api.o(.text)
    VL53L0X_SetRangeFractionEnable           0x08007a25   Thumb Code    24  vl53l0x_api.o(.text)
    VL53L0X_SetHistogramMode                 0x08007a3d   Thumb Code     6  vl53l0x_api.o(.text)
    VL53L0X_GetHistogramMode                 0x08007a43   Thumb Code     6  vl53l0x_api.o(.text)
    VL53L0X_SetVcselPulsePeriod              0x08007a49   Thumb Code     4  vl53l0x_api.o(.text)
    sequence_step_enabled                    0x08007a4d   Thumb Code    56  vl53l0x_api.o(.text)
    VL53L0X_GetSequenceStepEnable            0x08007a85   Thumb Code    44  vl53l0x_api.o(.text)
    VL53L0X_GetSequenceStepEnables           0x08007ab1   Thumb Code   114  vl53l0x_api.o(.text)
    VL53L0X_GetNumberOfSequenceSteps         0x08007b23   Thumb Code     8  vl53l0x_api.o(.text)
    VL53L0X_GetSequenceStepsInfo             0x08007b2b   Thumb Code     4  vl53l0x_api.o(.text)
    VL53L0X_SetSequenceStepTimeout           0x08007b2f   Thumb Code    90  vl53l0x_api.o(.text)
    VL53L0X_GetSequenceStepTimeout           0x08007b89   Thumb Code    38  vl53l0x_api.o(.text)
    VL53L0X_SetXTalkCompensationEnable       0x08007baf   Thumb Code    52  vl53l0x_api.o(.text)
    VL53L0X_GetXTalkCompensationEnable       0x08007be3   Thumb Code    10  vl53l0x_api.o(.text)
    VL53L0X_SetRefCalibration                0x08007bed   Thumb Code     4  vl53l0x_api.o(.text)
    VL53L0X_GetRefCalibration                0x08007bf1   Thumb Code     4  vl53l0x_api.o(.text)
    VL53L0X_GetNumberOfLimitCheck            0x08007bf5   Thumb Code    10  vl53l0x_api.o(.text)
    VL53L0X_GetLimitCheckInfo                0x08007bff   Thumb Code     4  vl53l0x_api.o(.text)
    VL53L0X_GetLimitCheckStatus              0x08007c03   Thumb Code    22  vl53l0x_api.o(.text)
    VL53L0X_GetLimitCheckCurrent             0x08007c19   Thumb Code    68  vl53l0x_api.o(.text)
    VL53L0X_SetDmaxCalParameters             0x08007c5d   Thumb Code    46  vl53l0x_api.o(.text)
    VL53L0X_GetDmaxCalParameters             0x08007c8b   Thumb Code    20  vl53l0x_api.o(.text)
    VL53L0X_GetInterruptThresholds           0x08007c9f   Thumb Code    52  vl53l0x_api.o(.text)
    VL53L0X_CheckAndLoadInterruptSettings    0x08007cd3   Thumb Code   122  vl53l0x_api.o(.text)
    VL53L0X_StartMeasurement                 0x08007d4d   Thumb Code   210  vl53l0x_api.o(.text)
    VL53L0X_PerformSingleMeasurement         0x08007e1f   Thumb Code    34  vl53l0x_api.o(.text)
    VL53L0X_PerformSingleHistogramMeasurement 0x08007e41   Thumb Code     6  vl53l0x_api.o(.text)
    VL53L0X_PerformRefCalibration            0x08007e47   Thumb Code     6  vl53l0x_api.o(.text)
    VL53L0X_PerformXTalkMeasurement          0x08007e4d   Thumb Code     6  vl53l0x_api.o(.text)
    VL53L0X_PerformXTalkCalibration          0x08007e53   Thumb Code     4  vl53l0x_api.o(.text)
    VL53L0X_PerformOffsetCalibration         0x08007e57   Thumb Code     4  vl53l0x_api.o(.text)
    VL53L0X_StopMeasurement                  0x08007e5b   Thumb Code    84  vl53l0x_api.o(.text)
    VL53L0X_GetInterruptMaskStatus           0x08007eaf   Thumb Code    34  vl53l0x_api.o(.text)
    VL53L0X_GetMeasurementDataReady          0x08007ed1   Thumb Code    58  vl53l0x_api.o(.text)
    VL53L0X_WaitDeviceReadyForNewMeasurement 0x08007f0b   Thumb Code     6  vl53l0x_api.o(.text)
    VL53L0X_GetRangingMeasurementData        0x08007f11   Thumb Code   298  vl53l0x_api.o(.text)
    VL53L0X_GetMeasurementRefSignal          0x0800803b   Thumb Code    42  vl53l0x_api.o(.text)
    VL53L0X_GetHistogramMeasurementData      0x08008065   Thumb Code     6  vl53l0x_api.o(.text)
    VL53L0X_PerformSingleRangingMeasurement  0x0800806b   Thumb Code    52  vl53l0x_api.o(.text)
    VL53L0X_SetNumberOfROIZones              0x0800809f   Thumb Code    10  vl53l0x_api.o(.text)
    VL53L0X_GetNumberOfROIZones              0x080080a9   Thumb Code     8  vl53l0x_api.o(.text)
    VL53L0X_GetMaxNumberOfROIZones           0x080080b1   Thumb Code     8  vl53l0x_api.o(.text)
    VL53L0X_GetGpioConfig                    0x080080b9   Thumb Code   122  vl53l0x_api.o(.text)
    VL53L0X_SetInterruptThresholds           0x08008133   Thumb Code    38  vl53l0x_api.o(.text)
    VL53L0X_GetStopCompletedStatus           0x08008159   Thumb Code   130  vl53l0x_api.o(.text)
    VL53L0X_EnableInterruptMask              0x080081db   Thumb Code     6  vl53l0x_api.o(.text)
    VL53L0X_SetSpadAmbientDamperThreshold    0x080081e1   Thumb Code    42  vl53l0x_api.o(.text)
    VL53L0X_GetSpadAmbientDamperThreshold    0x0800820b   Thumb Code    42  vl53l0x_api.o(.text)
    VL53L0X_SetSpadAmbientDamperFactor       0x08008235   Thumb Code    44  vl53l0x_api.o(.text)
    VL53L0X_GetSpadAmbientDamperFactor       0x08008261   Thumb Code    48  vl53l0x_api.o(.text)
    VL53L0X_SetReferenceSpads                0x08008291   Thumb Code     4  vl53l0x_api.o(.text)
    VL53L0X_GetReferenceSpads                0x08008295   Thumb Code     4  vl53l0x_api.o(.text)
    VL53L0X_PerformRefSpadManagement         0x08008299   Thumb Code     4  vl53l0x_api.o(.text)
    VL53L0X_perform_xtalk_calibration        0x0800829d   Thumb Code   218  vl53l0x_api_calibration.o(.text)
    VL53L0X_perform_offset_calibration       0x08008377   Thumb Code   198  vl53l0x_api_calibration.o(.text)
    VL53L0X_set_offset_calibration_data_micro_meter 0x0800843d   Thumb Code    52  vl53l0x_api_calibration.o(.text)
    VL53L0X_get_offset_calibration_data_micro_meter 0x08008471   Thumb Code    50  vl53l0x_api_calibration.o(.text)
    VL53L0X_apply_offset_adjustment          0x080084a3   Thumb Code    50  vl53l0x_api_calibration.o(.text)
    get_next_good_spad                       0x080084d5   Thumb Code    82  vl53l0x_api_calibration.o(.text)
    is_aperture                              0x08008527   Thumb Code    20  vl53l0x_api_calibration.o(.text)
    enable_spad_bit                          0x0800853b   Thumb Code    42  vl53l0x_api_calibration.o(.text)
    count_enabled_spads                      0x08008565   Thumb Code   142  vl53l0x_api_calibration.o(.text)
    set_ref_spad_map                         0x080085f3   Thumb Code    10  vl53l0x_api_calibration.o(.text)
    get_ref_spad_map                         0x080085fd   Thumb Code    10  vl53l0x_api_calibration.o(.text)
    enable_ref_spads                         0x08008607   Thumb Code   142  vl53l0x_api_calibration.o(.text)
    perform_ref_signal_measurement           0x08008695   Thumb Code   100  vl53l0x_api_calibration.o(.text)
    VL53L0X_ref_calibration_io               0x080086f9   Thumb Code   180  vl53l0x_api_calibration.o(.text)
    VL53L0X_perform_single_ref_calibration   0x080087ad   Thumb Code    56  vl53l0x_api_calibration.o(.text)
    VL53L0X_perform_phase_calibration        0x080087e5   Thumb Code   130  vl53l0x_api_calibration.o(.text)
    VL53L0X_perform_vhv_calibration          0x08008867   Thumb Code   112  vl53l0x_api_calibration.o(.text)
    VL53L0X_perform_ref_calibration          0x080088d7   Thumb Code    64  vl53l0x_api_calibration.o(.text)
    VL53L0X_perform_ref_spad_management      0x08008917   Thumb Code   560  vl53l0x_api_calibration.o(.text)
    VL53L0X_set_reference_spads              0x08008b47   Thumb Code   166  vl53l0x_api_calibration.o(.text)
    VL53L0X_get_reference_spads              0x08008bed   Thumb Code   110  vl53l0x_api_calibration.o(.text)
    VL53L0X_set_ref_calibration              0x08008c5b   Thumb Code    32  vl53l0x_api_calibration.o(.text)
    VL53L0X_get_ref_calibration              0x08008c7b   Thumb Code    26  vl53l0x_api_calibration.o(.text)
    VL53L0X_reverse_bytes                    0x08008c95   Thumb Code    32  vl53l0x_api_core.o(.text)
    VL53L0X_measurement_poll_for_completion  0x08008cb5   Thumb Code    54  vl53l0x_api_core.o(.text)
    VL53L0X_decode_vcsel_period              0x08008ceb   Thumb Code     8  vl53l0x_api_core.o(.text)
    VL53L0X_encode_vcsel_period              0x08008cf3   Thumb Code    10  vl53l0x_api_core.o(.text)
    VL53L0X_isqrt                            0x08008cfd   Thumb Code    42  vl53l0x_api_core.o(.text)
    VL53L0X_quadrature_sum                   0x08008d27   Thumb Code    26  vl53l0x_api_core.o(.text)
    VL53L0X_device_read_strobe               0x08008d41   Thumb Code    72  vl53l0x_api_core.o(.text)
    VL53L0X_get_info_from_device             0x08008d89   Thumb Code  1324  vl53l0x_api_core.o(.text)
    VL53L0X_calc_macro_period_ps             0x080092b5   Thumb Code    16  vl53l0x_api_core.o(.text)
    VL53L0X_encode_timeout                   0x080092c5   Thumb Code    30  vl53l0x_api_core.o(.text)
    VL53L0X_decode_timeout                   0x080092e3   Thumb Code    10  vl53l0x_api_core.o(.text)
    VL53L0X_calc_timeout_mclks               0x080092ed   Thumb Code    34  vl53l0x_api_core.o(.text)
    VL53L0X_calc_timeout_us                  0x0800930f   Thumb Code    34  vl53l0x_api_core.o(.text)
    get_sequence_step_timeout                0x08009331   Thumb Code   242  vl53l0x_api_core.o(.text)
    set_sequence_step_timeout                0x08009423   Thumb Code   258  vl53l0x_api_core.o(.text)
    VL53L0X_set_vcsel_pulse_period           0x08009525   Thumb Code   576  vl53l0x_api_core.o(.text)
    VL53L0X_get_vcsel_pulse_period           0x08009765   Thumb Code    48  vl53l0x_api_core.o(.text)
    VL53L0X_set_measurement_timing_budget_micro_seconds 0x08009795   Thumb Code   194  vl53l0x_api_core.o(.text)
    VL53L0X_get_measurement_timing_budget_micro_seconds 0x08009857   Thumb Code   196  vl53l0x_api_core.o(.text)
    VL53L0X_load_tuning_settings             0x0800991b   Thumb Code   154  vl53l0x_api_core.o(.text)
    VL53L0X_get_total_xtalk_rate             0x080099b5   Thumb Code    46  vl53l0x_api_core.o(.text)
    VL53L0X_get_total_signal_rate            0x080099e3   Thumb Code    28  vl53l0x_api_core.o(.text)
    VL53L0X_calc_dmax                        0x080099ff   Thumb Code   208  vl53l0x_api_core.o(.text)
    VL53L0X_calc_sigma_estimate              0x08009acf   Thumb Code   534  vl53l0x_api_core.o(.text)
    VL53L0X_get_pal_range_status             0x08009ce5   Thumb Code   500  vl53l0x_api_core.o(.text)
    VL53L0X_check_part_used                  0x08009ed9   Thumb Code    60  vl53l0x_api_strings.o(.text)
    VL53L0X_get_device_info                  0x08009f15   Thumb Code   108  vl53l0x_api_strings.o(.text)
    VL53L0X_get_device_error_string          0x08009f81   Thumb Code   102  vl53l0x_api_strings.o(.text)
    VL53L0X_get_range_status_string          0x08009fe7   Thumb Code    56  vl53l0x_api_strings.o(.text)
    VL53L0X_get_pal_error_string             0x0800a01f   Thumb Code   176  vl53l0x_api_strings.o(.text)
    VL53L0X_get_pal_state_string             0x0800a0cf   Thumb Code  1050  vl53l0x_api_strings.o(.text)
    VL53L0X_get_sequence_steps_info          0x0800a4e9   Thumb Code    54  vl53l0x_api_strings.o(.text)
    VL53L0X_get_limit_check_info             0x0800a51f   Thumb Code    56  vl53l0x_api_strings.o(.text)
    VL53L0X_i2c_init                         0x0800a655   Thumb Code    48  vl53l0x_i2c.o(.text)
    VL_IIC_Start                             0x0800a685   Thumb Code    56  vl53l0x_i2c.o(.text)
    VL_IIC_Stop                              0x0800a6bd   Thumb Code    58  vl53l0x_i2c.o(.text)
    VL_IIC_Wait_Ack                          0x0800a6f7   Thumb Code    78  vl53l0x_i2c.o(.text)
    VL_IIC_Ack                               0x0800a745   Thumb Code    56  vl53l0x_i2c.o(.text)
    VL_IIC_NAck                              0x0800a77d   Thumb Code    56  vl53l0x_i2c.o(.text)
    VL_IIC_Send_Byte                         0x0800a7b5   Thumb Code    94  vl53l0x_i2c.o(.text)
    VL_IIC_Read_Byte                         0x0800a813   Thumb Code   100  vl53l0x_i2c.o(.text)
    VL_IIC_Write_1Byte                       0x0800a877   Thumb Code    60  vl53l0x_i2c.o(.text)
    VL_IIC_Read_1Byte                        0x0800a8b3   Thumb Code    74  vl53l0x_i2c.o(.text)
    VL_IIC_Write_nByte                       0x0800a8fd   Thumb Code    66  vl53l0x_i2c.o(.text)
    VL_IIC_Read_nByte                        0x0800a93f   Thumb Code    98  vl53l0x_i2c.o(.text)
    VL53L0X_write_multi                      0x0800a9a1   Thumb Code    22  vl53l0x_i2c.o(.text)
    VL53L0X_read_multi                       0x0800a9b7   Thumb Code    22  vl53l0x_i2c.o(.text)
    VL53L0X_write_byte                       0x0800a9cd   Thumb Code    12  vl53l0x_i2c.o(.text)
    VL53L0X_write_word                       0x0800a9d9   Thumb Code    50  vl53l0x_i2c.o(.text)
    VL53L0X_write_dword                      0x0800aa0b   Thumb Code    34  vl53l0x_i2c.o(.text)
    VL53L0X_read_byte                        0x0800aa2d   Thumb Code     4  vl53l0x_i2c.o(.text)
    VL53L0X_read_word                        0x0800aa31   Thumb Code    36  vl53l0x_i2c.o(.text)
    VL53L0X_read_dword                       0x0800aa55   Thumb Code    44  vl53l0x_i2c.o(.text)
    VL53L0X_WriteMulti                       0x0800aa81   Thumb Code    30  vl53l0x_platform.o(.text)
    VL53L0X_ReadMulti                        0x0800aa9f   Thumb Code    30  vl53l0x_platform.o(.text)
    VL53L0X_WrByte                           0x0800aabd   Thumb Code    22  vl53l0x_platform.o(.text)
    VL53L0X_WrWord                           0x0800aad3   Thumb Code    22  vl53l0x_platform.o(.text)
    VL53L0X_WrDWord                          0x0800aae9   Thumb Code    22  vl53l0x_platform.o(.text)
    VL53L0X_UpdateByte                       0x0800aaff   Thumb Code    66  vl53l0x_platform.o(.text)
    VL53L0X_RdByte                           0x0800ab41   Thumb Code    22  vl53l0x_platform.o(.text)
    VL53L0X_RdWord                           0x0800ab57   Thumb Code    22  vl53l0x_platform.o(.text)
    VL53L0X_RdDWord                          0x0800ab6d   Thumb Code    22  vl53l0x_platform.o(.text)
    VL53L0X_PollingDelay                     0x0800ab83   Thumb Code    18  vl53l0x_platform.o(.text)
    print_pal_error                          0x0800ab95   Thumb Code    26  vl53l0x.o(.text)
    mode_string                              0x0800abaf   Thumb Code    38  vl53l0x.o(.text)
    vl53l0x_Addr_set                         0x0800abd5   Thumb Code   120  vl53l0x.o(.text)
    vl53l0x_reset                            0x0800ac4d   Thumb Code    60  vl53l0x.o(.text)
    vl53l0x_init                             0x0800ac89   Thumb Code   160  vl53l0x.o(.text)
    vl53l0x_mtest_ui                         0x0800ad29   Thumb Code     2  vl53l0x.o(.text)
    vl53l0x_test                             0x0800ad2b   Thumb Code    78  vl53l0x.o(.text)
    vl53l0x_info                             0x0800ad79   Thumb Code    68  vl53l0x.o(.text)
    One_measurement                          0x0800adbd   Thumb Code    32  vl53l0x.o(.text)
    myV15310                                 0x0800addd   Thumb Code     6  vl53l0x.o(.text)
    vl53l0x_adjust                           0x0800af29   Thumb Code   428  vl53l0x_cali.o(.text)
    vl53l0x_calibration_test                 0x0800b0d5   Thumb Code    70  vl53l0x_cali.o(.text)
    vl53l0x_set_mode                         0x0800b469   Thumb Code   328  vl53l0x_gen.o(.text)
    vl53l0x_start_single_test                0x0800b5b1   Thumb Code    46  vl53l0x_gen.o(.text)
    vl53l0x_general_start                    0x0800b5df   Thumb Code    44  vl53l0x_gen.o(.text)
    general_ui                               0x0800b60b   Thumb Code     2  vl53l0x_gen.o(.text)
    vl53l0x_general_test                     0x0800b60d   Thumb Code     4  vl53l0x_gen.o(.text)
    EXTI4_IRQHandler                         0x0800b639   Thumb Code    12  vl53l0x_it.o(.text)
    vl53l0x_interrupt_start                  0x0800b645   Thumb Code   780  vl53l0x_it.o(.text)
    interrupt_ui                             0x0800b951   Thumb Code   112  vl53l0x_it.o(.text)
    vl53l0x_interrupt_test                   0x0800b9c1   Thumb Code   472  vl53l0x_it.o(.text)
    usmart_sys_cmd_exe                       0x0800bbb9   Thumb Code  1442  usmart.o(.text)
    usmart_reset_runtime                     0x0800c15b   Thumb Code    36  usmart.o(.text)
    usmart_get_runtime                       0x0800c17f   Thumb Code    38  usmart.o(.text)
    TIM4_IRQHandler                          0x0800c1a5   Thumb Code    44  usmart.o(.text)
    Timer4_Init                              0x0800c1d1   Thumb Code    92  usmart.o(.text)
    usmart_init                              0x0800c22d   Thumb Code    36  usmart.o(.text)
    usmart_cmd_rec                           0x0800c251   Thumb Code   144  usmart.o(.text)
    usmart_exe                               0x0800c2e1   Thumb Code   806  usmart.o(.text)
    usmart_scan                              0x0800c607   Thumb Code    92  usmart.o(.text)
    read_addr                                0x0800c663   Thumb Code     4  usmart.o(.text)
    write_addr                               0x0800c667   Thumb Code     4  usmart.o(.text)
    usmart_strcmp                            0x0800c6c5   Thumb Code    24  usmart_str.o(.text)
    usmart_strcopy                           0x0800c6dd   Thumb Code    18  usmart_str.o(.text)
    usmart_strlen                            0x0800c6ef   Thumb Code    18  usmart_str.o(.text)
    usmart_pow                               0x0800c701   Thumb Code    16  usmart_str.o(.text)
    usmart_str2num                           0x0800c711   Thumb Code   158  usmart_str.o(.text)
    usmart_get_cmdname                       0x0800c7af   Thumb Code    46  usmart_str.o(.text)
    usmart_search_nextc                      0x0800c7dd   Thumb Code    16  usmart_str.o(.text)
    usmart_get_fname                         0x0800c7ed   Thumb Code   356  usmart_str.o(.text)
    usmart_get_aparm                         0x0800c951   Thumb Code   156  usmart_str.o(.text)
    usmart_get_parmpos                       0x0800c9ed   Thumb Code    30  usmart_str.o(.text)
    usmart_get_fparam                        0x0800ca0b   Thumb Code   206  usmart_str.o(.text)
    __use_no_semihosting                     0x0800cae5   Thumb Code     2  use_no_semi_2.o(.text)
    __2printf                                0x0800cae9   Thumb Code    20  noretval__2printf.o(.text)
    __2sprintf                               0x0800cb01   Thumb Code    34  noretval__2sprintf.o(.text)
    _printf_pre_padding                      0x0800cb29   Thumb Code    44  _printf_pad.o(.text)
    _printf_post_padding                     0x0800cb55   Thumb Code    34  _printf_pad.o(.text)
    _printf_str                              0x0800cb77   Thumb Code    82  _printf_str.o(.text)
    _printf_int_dec                          0x0800cbc9   Thumb Code   104  _printf_dec.o(.text)
    _printf_int_hex                          0x0800cc41   Thumb Code    84  _printf_hex_int.o(.text)
    _printf_longlong_hex                     0x0800cc41   Thumb Code     0  _printf_hex_int.o(.text)
    __printf                                 0x0800cc99   Thumb Code   388  __printf_flags_ss_wp.o(.text)
    strcpy                                   0x0800ce21   Thumb Code    72  strcpy.o(.text)
    __aeabi_memcpy                           0x0800ce69   Thumb Code     0  rt_memcpy_v6.o(.text)
    __rt_memcpy                              0x0800ce69   Thumb Code   138  rt_memcpy_v6.o(.text)
    _memcpy_lastbytes                        0x0800cecf   Thumb Code     0  rt_memcpy_v6.o(.text)
    __aeabi_memcpy4                          0x0800cef3   Thumb Code     0  rt_memcpy_w.o(.text)
    __aeabi_memcpy8                          0x0800cef3   Thumb Code     0  rt_memcpy_w.o(.text)
    __rt_memcpy_w                            0x0800cef3   Thumb Code   100  rt_memcpy_w.o(.text)
    _memcpy_lastbytes_aligned                0x0800cf3b   Thumb Code     0  rt_memcpy_w.o(.text)
    __aeabi_memclr                           0x0800cf57   Thumb Code     0  rt_memclr.o(.text)
    __rt_memclr                              0x0800cf57   Thumb Code    68  rt_memclr.o(.text)
    _memset                                  0x0800cf5b   Thumb Code     0  rt_memclr.o(.text)
    __aeabi_memclr4                          0x0800cf9b   Thumb Code     0  rt_memclr_w.o(.text)
    __aeabi_memclr8                          0x0800cf9b   Thumb Code     0  rt_memclr_w.o(.text)
    __rt_memclr_w                            0x0800cf9b   Thumb Code    78  rt_memclr_w.o(.text)
    _memset_w                                0x0800cf9f   Thumb Code     0  rt_memclr_w.o(.text)
    __use_two_region_memory                  0x0800cfe9   Thumb Code     2  heapauxi.o(.text)
    __rt_heap_escrow$2region                 0x0800cfeb   Thumb Code     2  heapauxi.o(.text)
    __rt_heap_expand$2region                 0x0800cfed   Thumb Code     2  heapauxi.o(.text)
    __I$use$semihosting                      0x0800cfef   Thumb Code     0  use_no_semi.o(.text)
    __use_no_semihosting_swi                 0x0800cfef   Thumb Code     2  use_no_semi.o(.text)
    _printf_int_common                       0x0800cff1   Thumb Code   178  _printf_intcommon.o(.text)
    _printf_char_common                      0x0800d0af   Thumb Code    32  _printf_char_common.o(.text)
    _sputc                                   0x0800d0d5   Thumb Code    10  _sputc.o(.text)
    _printf_cs_common                        0x0800d0df   Thumb Code    20  _printf_char.o(.text)
    _printf_char                             0x0800d0f3   Thumb Code    16  _printf_char.o(.text)
    _printf_string                           0x0800d103   Thumb Code     8  _printf_char.o(.text)
    _printf_char_file                        0x0800d10d   Thumb Code    32  _printf_char_file.o(.text)
    ferror                                   0x0800d131   Thumb Code     8  ferror.o(.text)
    __user_setup_stackheap                   0x0800d139   Thumb Code    74  sys_stackheap_outer.o(.text)
    exit                                     0x0800d183   Thumb Code    18  exit.o(.text)
    __user_libspace                          0x0800d195   Thumb Code     8  libspace.o(.text)
    __user_perproc_libspace                  0x0800d195   Thumb Code     0  libspace.o(.text)
    __user_perthread_libspace                0x0800d195   Thumb Code     0  libspace.o(.text)
    _is_digit                                0x0800d19d   Thumb Code    14  __printf_wp.o(i._is_digit)
    __aeabi_d2uiz                            0x0800d1ad   Thumb Code     0  dfixu.o(x$fpl$dfixu)
    _dfixu                                   0x0800d1ad   Thumb Code    90  dfixu.o(x$fpl$dfixu)
    __aeabi_ui2d                             0x0800d207   Thumb Code     0  dflt_clz.o(x$fpl$dfltu)
    _dfltu                                   0x0800d207   Thumb Code    38  dflt_clz.o(x$fpl$dfltu)
    __aeabi_dmul                             0x0800d22d   Thumb Code     0  dmul.o(x$fpl$dmul)
    _dmul                                    0x0800d22d   Thumb Code   332  dmul.o(x$fpl$dmul)
    __fpl_dnaninf                            0x0800d381   Thumb Code   156  dnaninf.o(x$fpl$dnaninf)
    __fpl_dretinf                            0x0800d41d   Thumb Code    12  dretinf.o(x$fpl$dretinf)
    __aeabi_fadd                             0x0800d429   Thumb Code     0  faddsub_clz.o(x$fpl$fadd)
    _fadd                                    0x0800d429   Thumb Code   196  faddsub_clz.o(x$fpl$fadd)
    __aeabi_f2uiz                            0x0800d4ed   Thumb Code     0  ffixu.o(x$fpl$ffixu)
    _ffixu                                   0x0800d4ed   Thumb Code    62  ffixu.o(x$fpl$ffixu)
    __aeabi_i2f                              0x0800d52d   Thumb Code     0  fflt_clz.o(x$fpl$fflt)
    _fflt                                    0x0800d52d   Thumb Code    48  fflt_clz.o(x$fpl$fflt)
    __aeabi_ui2f                             0x0800d55d   Thumb Code     0  fflt_clz.o(x$fpl$ffltu)
    _ffltu                                   0x0800d55d   Thumb Code    38  fflt_clz.o(x$fpl$ffltu)
    __aeabi_fmul                             0x0800d585   Thumb Code     0  fmul.o(x$fpl$fmul)
    _fmul                                    0x0800d585   Thumb Code   258  fmul.o(x$fpl$fmul)
    __fpl_fnaninf                            0x0800d687   Thumb Code   140  fnaninf.o(x$fpl$fnaninf)
    __fpl_fretinf                            0x0800d713   Thumb Code    10  fretinf.o(x$fpl$fretinf)
    __aeabi_fsub                             0x0800d71d   Thumb Code     0  faddsub_clz.o(x$fpl$fsub)
    _fsub                                    0x0800d71d   Thumb Code   234  faddsub_clz.o(x$fpl$fsub)
    __I$use$fp                               0x0800d806   Number         0  usenofp.o(x$fpl$usenofp)
    asc2_1206                                0x0800d806   Data        1140  lcd.o(.constdata)
    asc2_1608                                0x0800dc7a   Data        1520  lcd.o(.constdata)
    asc2_2412                                0x0800e26a   Data        3420  lcd.o(.constdata)
    Region$$Table$$Base                      0x0800f154   Number         0  anon$$obj.o(Region$$Table)
    Region$$Table$$Limit                     0x0800f174   Number         0  anon$$obj.o(Region$$Table)
    SystemCoreClock                          0x20000000   Data           4  system_stm32f10x.o(.data)
    AHBPrescTable                            0x20000004   Data          16  system_stm32f10x.o(.data)
    POINT_COLOR                              0x20000014   Data           2  lcd.o(.data)
    BACK_COLOR                               0x20000016   Data           2  lcd.o(.data)
    target                                   0x2000001c   Data           1  pid.o(.data)
    myData                                   0x2000001e   Data           2  pid.o(.data)
    errNow                                   0x20000020   Data           4  pid.o(.data)
    errLast                                  0x20000024   Data           4  pid.o(.data)
    outPwm                                   0x20000028   Data           4  pid.o(.data)
    height_P                                 0x2000002c   Data           4  pid.o(.data)
    height_I                                 0x20000030   Data           4  pid.o(.data)
    USART_RX_STA                             0x20000038   Data           2  usart.o(.data)
    __stdout                                 0x2000003c   Data           4  usart.o(.data)
    DefaultTuningSettings                    0x20000054   Data         243  vl53l0x_api.o(.data)
    InterruptThresholdSettings               0x20000147   Data         438  vl53l0x_api.o(.data)
    refArrayQuadrants                        0x20000300   Data          16  vl53l0x_api_calibration.o(.data)
    AjustOK                                  0x20000310   Data           1  vl53l0x.o(.data)
    Mode_data                                0x20000311   Data          56  vl53l0x.o(.data)
    Distance_data                            0x2000034a   Data           2  vl53l0x_gen.o(.data)
    alarm_flag                               0x2000034c   Data           1  vl53l0x_it.o(.data)
    AlarmModes                               0x20000350   Data          12  vl53l0x_it.o(.data)
    sys_cmd_tab                              0x2000035c   Data          28  usmart.o(.data)
    usmart_nametab                           0x20000378   Data          48  usmart_config.o(.data)
    usmart_dev                               0x200003a8   Data         244  usmart_config.o(.data)
    lcddev                                   0x2000049c   Data          14  lcd.o(.bss)
    USART_RX_BUF                             0x200004aa   Data         200  usart.o(.bss)
    vl53l0x_dev                              0x20000574   Data         352  vl53l0x.o(.bss)
    vl53l0x_dev_info                         0x200006d4   Data          99  vl53l0x.o(.bss)
    Vl53l0x_adjust                           0x20000737   Data          24  vl53l0x_cali.o(.bss)
    Vl53l0x_data                             0x2000074f   Data          24  vl53l0x_cali.o(.bss)
    vl53l0x_data                             0x20000788   Data          28  vl53l0x_gen.o(.bss)
    __libspace_start                         0x200007c4   Data          96  libspace.o(.bss)
    __temporary_stack_top$libspace           0x20000824   Data           0  libspace.o(.bss)



==============================================================================

Memory Map of the image

  Image Entry point : 0x080000ed

  Load Region LR_IROM1 (Base: 0x08000000, Size: 0x0000f610, Max: 0x00010000, ABSOLUTE, COMPRESSED[0x0000f4ac])

    Execution Region ER_IROM1 (Exec base: 0x08000000, Load base: 0x08000000, Size: 0x0000f174, Max: 0x00010000, ABSOLUTE)

    Exec Addr    Load Addr    Size         Type   Attr      Idx    E Section Name        Object

    0x08000000   0x08000000   0x000000ec   Data   RO          622    RESET               startup_stm32f10x_md.o
    0x080000ec   0x080000ec   0x00000008   Code   RO         1046  * !!!main             c_w.l(__main.o)
    0x080000f4   0x080000f4   0x00000034   Code   RO         1259    !!!scatter          c_w.l(__scatter.o)
    0x08000128   0x08000128   0x0000005a   Code   RO         1257    !!dczerorl2         c_w.l(__dczerorl2.o)
    0x08000182   0x08000182   0x00000002   PAD
    0x08000184   0x08000184   0x0000001c   Code   RO         1261    !!handler_zi        c_w.l(__scatter_zi.o)
    0x080001a0   0x080001a0   0x00000000   Code   RO         1033    .ARM.Collect$$_printf_percent$$00000000  c_w.l(_printf_percent.o)
    0x080001a0   0x080001a0   0x00000006   Code   RO         1030    .ARM.Collect$$_printf_percent$$00000008  c_w.l(_printf_i.o)
    0x080001a6   0x080001a6   0x00000006   Code   RO         1031    .ARM.Collect$$_printf_percent$$00000009  c_w.l(_printf_d.o)
    0x080001ac   0x080001ac   0x00000006   Code   RO         1032    .ARM.Collect$$_printf_percent$$0000000A  c_w.l(_printf_u.o)
    0x080001b2   0x080001b2   0x00000006   Code   RO         1029    .ARM.Collect$$_printf_percent$$0000000C  c_w.l(_printf_x.o)
    0x080001b8   0x080001b8   0x00000006   Code   RO         1027    .ARM.Collect$$_printf_percent$$00000013  c_w.l(_printf_c.o)
    0x080001be   0x080001be   0x00000006   Code   RO         1028    .ARM.Collect$$_printf_percent$$00000014  c_w.l(_printf_s.o)
    0x080001c4   0x080001c4   0x00000004   Code   RO         1091    .ARM.Collect$$_printf_percent$$00000017  c_w.l(_printf_percent_end.o)
    0x080001c8   0x080001c8   0x00000002   Code   RO         1131    .ARM.Collect$$libinit$$00000000  c_w.l(libinit.o)
    0x080001ca   0x080001ca   0x00000000   Code   RO         1138    .ARM.Collect$$libinit$$00000002  c_w.l(libinit2.o)
    0x080001ca   0x080001ca   0x00000000   Code   RO         1140    .ARM.Collect$$libinit$$00000004  c_w.l(libinit2.o)
    0x080001ca   0x080001ca   0x00000000   Code   RO         1143    .ARM.Collect$$libinit$$0000000A  c_w.l(libinit2.o)
    0x080001ca   0x080001ca   0x00000000   Code   RO         1145    .ARM.Collect$$libinit$$0000000C  c_w.l(libinit2.o)
    0x080001ca   0x080001ca   0x00000000   Code   RO         1147    .ARM.Collect$$libinit$$0000000E  c_w.l(libinit2.o)
    0x080001ca   0x080001ca   0x00000000   Code   RO         1150    .ARM.Collect$$libinit$$00000011  c_w.l(libinit2.o)
    0x080001ca   0x080001ca   0x00000000   Code   RO         1152    .ARM.Collect$$libinit$$00000013  c_w.l(libinit2.o)
    0x080001ca   0x080001ca   0x00000000   Code   RO         1154    .ARM.Collect$$libinit$$00000015  c_w.l(libinit2.o)
    0x080001ca   0x080001ca   0x00000000   Code   RO         1156    .ARM.Collect$$libinit$$00000017  c_w.l(libinit2.o)
    0x080001ca   0x080001ca   0x00000000   Code   RO         1158    .ARM.Collect$$libinit$$00000019  c_w.l(libinit2.o)
    0x080001ca   0x080001ca   0x00000000   Code   RO         1160    .ARM.Collect$$libinit$$0000001B  c_w.l(libinit2.o)
    0x080001ca   0x080001ca   0x00000000   Code   RO         1162    .ARM.Collect$$libinit$$0000001D  c_w.l(libinit2.o)
    0x080001ca   0x080001ca   0x00000000   Code   RO         1164    .ARM.Collect$$libinit$$0000001F  c_w.l(libinit2.o)
    0x080001ca   0x080001ca   0x00000000   Code   RO         1166    .ARM.Collect$$libinit$$00000021  c_w.l(libinit2.o)
    0x080001ca   0x080001ca   0x00000000   Code   RO         1168    .ARM.Collect$$libinit$$00000023  c_w.l(libinit2.o)
    0x080001ca   0x080001ca   0x00000000   Code   RO         1170    .ARM.Collect$$libinit$$00000025  c_w.l(libinit2.o)
    0x080001ca   0x080001ca   0x00000000   Code   RO         1174    .ARM.Collect$$libinit$$0000002C  c_w.l(libinit2.o)
    0x080001ca   0x080001ca   0x00000000   Code   RO         1176    .ARM.Collect$$libinit$$0000002E  c_w.l(libinit2.o)
    0x080001ca   0x080001ca   0x00000000   Code   RO         1178    .ARM.Collect$$libinit$$00000030  c_w.l(libinit2.o)
    0x080001ca   0x080001ca   0x00000000   Code   RO         1180    .ARM.Collect$$libinit$$00000032  c_w.l(libinit2.o)
    0x080001ca   0x080001ca   0x00000002   Code   RO         1181    .ARM.Collect$$libinit$$00000033  c_w.l(libinit2.o)
    0x080001cc   0x080001cc   0x00000002   Code   RO         1199    .ARM.Collect$$libshutdown$$00000000  c_w.l(libshutdown.o)
    0x080001ce   0x080001ce   0x00000000   Code   RO         1209    .ARM.Collect$$libshutdown$$00000002  c_w.l(libshutdown2.o)
    0x080001ce   0x080001ce   0x00000000   Code   RO         1211    .ARM.Collect$$libshutdown$$00000004  c_w.l(libshutdown2.o)
    0x080001ce   0x080001ce   0x00000000   Code   RO         1214    .ARM.Collect$$libshutdown$$00000007  c_w.l(libshutdown2.o)
    0x080001ce   0x080001ce   0x00000000   Code   RO         1217    .ARM.Collect$$libshutdown$$0000000A  c_w.l(libshutdown2.o)
    0x080001ce   0x080001ce   0x00000000   Code   RO         1219    .ARM.Collect$$libshutdown$$0000000C  c_w.l(libshutdown2.o)
    0x080001ce   0x080001ce   0x00000000   Code   RO         1222    .ARM.Collect$$libshutdown$$0000000F  c_w.l(libshutdown2.o)
    0x080001ce   0x080001ce   0x00000002   Code   RO         1223    .ARM.Collect$$libshutdown$$00000010  c_w.l(libshutdown2.o)
    0x080001d0   0x080001d0   0x00000000   Code   RO         1080    .ARM.Collect$$rtentry$$00000000  c_w.l(__rtentry.o)
    0x080001d0   0x080001d0   0x00000000   Code   RO         1102    .ARM.Collect$$rtentry$$00000002  c_w.l(__rtentry2.o)
    0x080001d0   0x080001d0   0x00000006   Code   RO         1114    .ARM.Collect$$rtentry$$00000004  c_w.l(__rtentry4.o)
    0x080001d6   0x080001d6   0x00000000   Code   RO         1104    .ARM.Collect$$rtentry$$00000009  c_w.l(__rtentry2.o)
    0x080001d6   0x080001d6   0x00000004   Code   RO         1105    .ARM.Collect$$rtentry$$0000000A  c_w.l(__rtentry2.o)
    0x080001da   0x080001da   0x00000000   Code   RO         1107    .ARM.Collect$$rtentry$$0000000C  c_w.l(__rtentry2.o)
    0x080001da   0x080001da   0x00000008   Code   RO         1108    .ARM.Collect$$rtentry$$0000000D  c_w.l(__rtentry2.o)
    0x080001e2   0x080001e2   0x00000002   Code   RO         1135    .ARM.Collect$$rtexit$$00000000  c_w.l(rtexit.o)
    0x080001e4   0x080001e4   0x00000000   Code   RO         1183    .ARM.Collect$$rtexit$$00000002  c_w.l(rtexit2.o)
    0x080001e4   0x080001e4   0x00000004   Code   RO         1184    .ARM.Collect$$rtexit$$00000003  c_w.l(rtexit2.o)
    0x080001e8   0x080001e8   0x00000006   Code   RO         1185    .ARM.Collect$$rtexit$$00000004  c_w.l(rtexit2.o)
    0x080001ee   0x080001ee   0x00000002   PAD
    0x080001f0   0x080001f0   0x00000054   Code   RO            1    .text               main.o
    0x08000244   0x08000244   0x00000012   Code   RO          195    .text               stm32f10x_it.o
    0x08000256   0x08000256   0x00000002   PAD
    0x08000258   0x08000258   0x00000158   Code   RO          236    .text               system_stm32f10x.o
    0x080003b0   0x080003b0   0x00000038   Code   RO          254    .text               led.o
    0x080003e8   0x080003e8   0x00004dfc   Code   RO          266    .text               lcd.o
    0x080051e4   0x080051e4   0x000000ec   Code   RO          297    .text               key.o
    0x080052d0   0x080052d0   0x00000228   Code   RO          310    .text               myiic.o
    0x080054f8   0x080054f8   0x0000013e   Code   RO          322    .text               24cxx.o
    0x08005636   0x08005636   0x00000002   PAD
    0x08005638   0x08005638   0x00000114   Code   RO          334    .text               pid.o
    0x0800574c   0x0800574c   0x0000009c   Code   RO          513    .text               pwm.o
    0x080057e8   0x080057e8   0x0000005a   Code   RO          525    .text               tim.o
    0x08005842   0x08005842   0x00000002   PAD
    0x08005844   0x08005844   0x00000098   Code   RO          555    .text               delay.o
    0x080058dc   0x080058dc   0x00000114   Code   RO          586    .text               usart.o
    0x080059f0   0x080059f0   0x00000040   Code   RO          623    .text               startup_stm32f10x_md.o
    0x08005a30   0x08005a30   0x00000264   Code   RO          627    .text               stm32f10x_gpio.o
    0x08005c94   0x08005c94   0x000002b8   Code   RO          639    .text               stm32f10x_rcc.o
    0x08005f4c   0x08005f4c   0x00000328   Code   RO          653    .text               stm32f10x_usart.o
    0x08006274   0x08006274   0x000000b0   Code   RO          665    .text               misc.o
    0x08006324   0x08006324   0x000000e8   Code   RO          677    .text               stm32f10x_exti.o
    0x0800640c   0x0800640c   0x00000af0   Code   RO          689    .text               stm32f10x_tim.o
    0x08006efc   0x08006efc   0x000013a0   Code   RO          702    .text               vl53l0x_api.o
    0x0800829c   0x0800829c   0x000009f8   Code   RO          771    .text               vl53l0x_api_calibration.o
    0x08008c94   0x08008c94   0x00001244   Code   RO          787    .text               vl53l0x_api_core.o
    0x08009ed8   0x08009ed8   0x0000077c   Code   RO          806    .text               vl53l0x_api_strings.o
    0x0800a654   0x0800a654   0x0000042c   Code   RO          818    .text               vl53l0x_i2c.o
    0x0800aa80   0x0800aa80   0x00000114   Code   RO          831    .text               vl53l0x_platform.o
    0x0800ab94   0x0800ab94   0x00000394   Code   RO          843    .text               vl53l0x.o
    0x0800af28   0x0800af28   0x00000540   Code   RO          864    .text               vl53l0x_cali.o
    0x0800b468   0x0800b468   0x000001d0   Code   RO          883    .text               vl53l0x_gen.o
    0x0800b638   0x0800b638   0x00000580   Code   RO          906    .text               vl53l0x_it.o
    0x0800bbb8   0x0800bbb8   0x00000b0c   Code   RO          922    .text               usmart.o
    0x0800c6c4   0x0800c6c4   0x00000420   Code   RO          953    .text               usmart_str.o
    0x0800cae4   0x0800cae4   0x00000002   Code   RO          968    .text               c_w.l(use_no_semi_2.o)
    0x0800cae6   0x0800cae6   0x00000002   PAD
    0x0800cae8   0x0800cae8   0x00000018   Code   RO          974    .text               c_w.l(noretval__2printf.o)
    0x0800cb00   0x0800cb00   0x00000028   Code   RO          976    .text               c_w.l(noretval__2sprintf.o)
    0x0800cb28   0x0800cb28   0x0000004e   Code   RO          980    .text               c_w.l(_printf_pad.o)
    0x0800cb76   0x0800cb76   0x00000052   Code   RO          982    .text               c_w.l(_printf_str.o)
    0x0800cbc8   0x0800cbc8   0x00000078   Code   RO          984    .text               c_w.l(_printf_dec.o)
    0x0800cc40   0x0800cc40   0x00000058   Code   RO          989    .text               c_w.l(_printf_hex_int.o)
    0x0800cc98   0x0800cc98   0x00000188   Code   RO         1024    .text               c_w.l(__printf_flags_ss_wp.o)
    0x0800ce20   0x0800ce20   0x00000048   Code   RO         1034    .text               c_w.l(strcpy.o)
    0x0800ce68   0x0800ce68   0x0000008a   Code   RO         1036    .text               c_w.l(rt_memcpy_v6.o)
    0x0800cef2   0x0800cef2   0x00000064   Code   RO         1038    .text               c_w.l(rt_memcpy_w.o)
    0x0800cf56   0x0800cf56   0x00000044   Code   RO         1040    .text               c_w.l(rt_memclr.o)
    0x0800cf9a   0x0800cf9a   0x0000004e   Code   RO         1042    .text               c_w.l(rt_memclr_w.o)
    0x0800cfe8   0x0800cfe8   0x00000006   Code   RO         1044    .text               c_w.l(heapauxi.o)
    0x0800cfee   0x0800cfee   0x00000002   Code   RO         1078    .text               c_w.l(use_no_semi.o)
    0x0800cff0   0x0800cff0   0x000000b2   Code   RO         1081    .text               c_w.l(_printf_intcommon.o)
    0x0800d0a2   0x0800d0a2   0x00000002   PAD
    0x0800d0a4   0x0800d0a4   0x00000030   Code   RO         1083    .text               c_w.l(_printf_char_common.o)
    0x0800d0d4   0x0800d0d4   0x0000000a   Code   RO         1085    .text               c_w.l(_sputc.o)
    0x0800d0de   0x0800d0de   0x0000002c   Code   RO         1087    .text               c_w.l(_printf_char.o)
    0x0800d10a   0x0800d10a   0x00000002   PAD
    0x0800d10c   0x0800d10c   0x00000024   Code   RO         1089    .text               c_w.l(_printf_char_file.o)
    0x0800d130   0x0800d130   0x00000008   Code   RO         1118    .text               c_w.l(ferror.o)
    0x0800d138   0x0800d138   0x0000004a   Code   RO         1122    .text               c_w.l(sys_stackheap_outer.o)
    0x0800d182   0x0800d182   0x00000012   Code   RO         1124    .text               c_w.l(exit.o)
    0x0800d194   0x0800d194   0x00000008   Code   RO         1132    .text               c_w.l(libspace.o)
    0x0800d19c   0x0800d19c   0x0000000e   Code   RO         1017    i._is_digit         c_w.l(__printf_wp.o)
    0x0800d1aa   0x0800d1aa   0x00000002   PAD
    0x0800d1ac   0x0800d1ac   0x0000005a   Code   RO         1048    x$fpl$dfixu         fz_ws.l(dfixu.o)
    0x0800d206   0x0800d206   0x00000026   Code   RO         1052    x$fpl$dfltu         fz_ws.l(dflt_clz.o)
    0x0800d22c   0x0800d22c   0x00000154   Code   RO         1058    x$fpl$dmul          fz_ws.l(dmul.o)
    0x0800d380   0x0800d380   0x0000009c   Code   RO         1092    x$fpl$dnaninf       fz_ws.l(dnaninf.o)
    0x0800d41c   0x0800d41c   0x0000000c   Code   RO         1094    x$fpl$dretinf       fz_ws.l(dretinf.o)
    0x0800d428   0x0800d428   0x000000c4   Code   RO         1060    x$fpl$fadd          fz_ws.l(faddsub_clz.o)
    0x0800d4ec   0x0800d4ec   0x0000003e   Code   RO         1066    x$fpl$ffixu         fz_ws.l(ffixu.o)
    0x0800d52a   0x0800d52a   0x00000002   PAD
    0x0800d52c   0x0800d52c   0x00000030   Code   RO         1071    x$fpl$fflt          fz_ws.l(fflt_clz.o)
    0x0800d55c   0x0800d55c   0x00000026   Code   RO         1070    x$fpl$ffltu         fz_ws.l(fflt_clz.o)
    0x0800d582   0x0800d582   0x00000002   PAD
    0x0800d584   0x0800d584   0x00000102   Code   RO         1076    x$fpl$fmul          fz_ws.l(fmul.o)
    0x0800d686   0x0800d686   0x0000008c   Code   RO         1096    x$fpl$fnaninf       fz_ws.l(fnaninf.o)
    0x0800d712   0x0800d712   0x0000000a   Code   RO         1098    x$fpl$fretinf       fz_ws.l(fretinf.o)
    0x0800d71c   0x0800d71c   0x000000ea   Code   RO         1062    x$fpl$fsub          fz_ws.l(faddsub_clz.o)
    0x0800d806   0x0800d806   0x00000000   Code   RO         1100    x$fpl$usenofp       fz_ws.l(usenofp.o)
    0x0800d806   0x0800d806   0x000017c0   Data   RO          268    .constdata          lcd.o
    0x0800efc6   0x0800efc6   0x00000028   Data   RO          990    .constdata          c_w.l(_printf_hex_int.o)
    0x0800efee   0x0800efee   0x00000011   Data   RO         1025    .constdata          c_w.l(__printf_flags_ss_wp.o)
    0x0800efff   0x0800efff   0x00000001   PAD
    0x0800f000   0x0800f000   0x00000055   Data   RO          866    .conststring        vl53l0x_cali.o
    0x0800f055   0x0800f055   0x00000003   PAD
    0x0800f058   0x0800f058   0x00000028   Data   RO          923    .conststring        usmart.o
    0x0800f080   0x0800f080   0x000000d4   Data   RO          939    .conststring        usmart_config.o
    0x0800f154   0x0800f154   0x00000020   Data   RO         1255    Region$$Table       anon$$obj.o


    Execution Region RW_IRAM1 (Exec base: 0x20000000, Load base: 0x0800f174, Size: 0x00000e28, Max: 0x00005000, ABSOLUTE, COMPRESSED[0x00000338])

    Exec Addr    Load Addr    Size         Type   Attr      Idx    E Section Name        Object

    0x20000000   COMPRESSED   0x00000014   Data   RW          237    .data               system_stm32f10x.o
    0x20000014   COMPRESSED   0x00000004   Data   RW          269    .data               lcd.o
    0x20000018   COMPRESSED   0x00000001   Data   RW          298    .data               key.o
    0x20000019   COMPRESSED   0x00000003   PAD
    0x2000001c   COMPRESSED   0x00000018   Data   RW          335    .data               pid.o
    0x20000034   COMPRESSED   0x00000004   Data   RW          556    .data               delay.o
    0x20000038   COMPRESSED   0x00000002   Data   RW          588    .data               usart.o
    0x2000003a   COMPRESSED   0x00000002   PAD
    0x2000003c   COMPRESSED   0x00000004   Data   RW          589    .data               usart.o
    0x20000040   COMPRESSED   0x00000014   Data   RW          640    .data               stm32f10x_rcc.o
    0x20000054   COMPRESSED   0x000002a9   Data   RW          703    .data               vl53l0x_api.o
    0x200002fd   COMPRESSED   0x00000003   PAD
    0x20000300   COMPRESSED   0x00000010   Data   RW          772    .data               vl53l0x_api_calibration.o
    0x20000310   COMPRESSED   0x00000001   Data   RW          845    .data               vl53l0x.o
    0x20000311   COMPRESSED   0x00000038   Data   RW          846    .data               vl53l0x.o
    0x20000349   COMPRESSED   0x00000001   PAD
    0x2000034a   COMPRESSED   0x00000002   Data   RW          885    .data               vl53l0x_gen.o
    0x2000034c   COMPRESSED   0x00000010   Data   RW          908    .data               vl53l0x_it.o
    0x2000035c   COMPRESSED   0x0000001c   Data   RW          924    .data               usmart.o
    0x20000378   COMPRESSED   0x00000030   Data   RW          940    .data               usmart_config.o
    0x200003a8   COMPRESSED   0x000000f4   Data   RW          941    .data               usmart_config.o
    0x2000049c        -       0x0000000e   Zero   RW          267    .bss                lcd.o
    0x200004aa        -       0x000000c8   Zero   RW          587    .bss                usart.o
    0x20000572   COMPRESSED   0x00000002   PAD
    0x20000574        -       0x000001c3   Zero   RW          844    .bss                vl53l0x.o
    0x20000737        -       0x00000030   Zero   RW          865    .bss                vl53l0x_cali.o
    0x20000767   COMPRESSED   0x00000001   PAD
    0x20000768        -       0x0000003c   Zero   RW          884    .bss                vl53l0x_gen.o
    0x200007a4        -       0x00000020   Zero   RW          907    .bss                vl53l0x_it.o
    0x200007c4        -       0x00000060   Zero   RW         1133    .bss                c_w.l(libspace.o)
    0x20000824   COMPRESSED   0x00000004   PAD
    0x20000828        -       0x00000200   Zero   RW          621    HEAP                startup_stm32f10x_md.o
    0x20000a28        -       0x00000400   Zero   RW          620    STACK               startup_stm32f10x_md.o


==============================================================================

Image component sizes


      Code (inc. data)   RO Data    RW Data    ZI Data      Debug   Object Name

       318          0          0          0          0       2778   24cxx.o
       152         14          0          4          0       1063   delay.o
       236         12          0          1          0        876   key.o
     19964        134       6080          4         14      24977   lcd.o
        56          6          0          0          0        475   led.o
        84          8          0          0          0     269699   main.o
       176         14          0          0          0       1877   misc.o
       552         10          0          0          0       1960   myiic.o
       276         38          0         24          0     204014   pid.o
       156         10          0          0          0        728   pwm.o
        64         26        236          0       1536        780   startup_stm32f10x_md.o
       232          8          0          0          0       2383   stm32f10x_exti.o
       612         36          0          0          0       6005   stm32f10x_gpio.o
        18          0          0          0          0       1146   stm32f10x_it.o
       696         32          0         20          0       8972   stm32f10x_rcc.o
      2800         84          0          0          0      23942   stm32f10x_tim.o
       808         22          0          0          0       8868   stm32f10x_usart.o
         0          0          0          0          0         32   sys.o
       344         34          0         20          0       1747   system_stm32f10x.o
        90          0          0          0          0        620   tim.o
       276         16          0          6        200       3210   usart.o
      2828       1294         40         28          0       4572   usmart.o
         0          0        212        292          0       1628   usmart_config.o
      1056         12          0          0          0       6023   usmart_str.o
       916        326          0         57        451       4369   vl53l0x.o
      5024         70          0        681          0      56815   vl53l0x_api.o
      2552         14          0         16          0      16918   vl53l0x_api_calibration.o
      4676         16          0          0          0      20970   vl53l0x_api_core.o
      1916       1266          0          0          0       4637   vl53l0x_api_strings.o
      1344        846         85          0         48       2600   vl53l0x_cali.o
       464         40          0          2         60       2560   vl53l0x_gen.o
      1068          8          0          0          0       6877   vl53l0x_i2c.o
      1408        346          0         16         32       3111   vl53l0x_it.o
       276          0          0          0          0       4271   vl53l0x_platform.o

    ----------------------------------------------------------------------
     51444       4742       6688       1180       2344     701503   Object Totals
         0          0         32          0          0          0   (incl. Generated)
         6          0          3          9          3          0   (incl. Padding)

    ----------------------------------------------------------------------

      Code (inc. data)   RO Data    RW Data    ZI Data      Debug   Library Member Name

        90          0          0          0          0          0   __dczerorl2.o
         8          0          0          0          0         68   __main.o
       392          4         17          0          0         92   __printf_flags_ss_wp.o
        14          0          0          0          0         68   __printf_wp.o
         0          0          0          0          0          0   __rtentry.o
        12          0          0          0          0          0   __rtentry2.o
         6          0          0          0          0          0   __rtentry4.o
        52          8          0          0          0          0   __scatter.o
        28          0          0          0          0          0   __scatter_zi.o
         6          0          0          0          0          0   _printf_c.o
        44          0          0          0          0        108   _printf_char.o
        48          6          0          0          0         96   _printf_char_common.o
        36          4          0          0          0         80   _printf_char_file.o
         6          0          0          0          0          0   _printf_d.o
       120         16          0          0          0         92   _printf_dec.o
        88          4         40          0          0         88   _printf_hex_int.o
         6          0          0          0          0          0   _printf_i.o
       178          0          0          0          0         88   _printf_intcommon.o
        78          0          0          0          0        108   _printf_pad.o
         0          0          0          0          0          0   _printf_percent.o
         4          0          0          0          0          0   _printf_percent_end.o
         6          0          0          0          0          0   _printf_s.o
        82          0          0          0          0         80   _printf_str.o
         6          0          0          0          0          0   _printf_u.o
         6          0          0          0          0          0   _printf_x.o
        10          0          0          0          0         68   _sputc.o
        18          0          0          0          0         80   exit.o
         8          0          0          0          0         68   ferror.o
         6          0          0          0          0        152   heapauxi.o
         2          0          0          0          0          0   libinit.o
         2          0          0          0          0          0   libinit2.o
         2          0          0          0          0          0   libshutdown.o
         2          0          0          0          0          0   libshutdown2.o
         8          4          0          0         96         68   libspace.o
        24          4          0          0          0         84   noretval__2printf.o
        40          6          0          0          0         84   noretval__2sprintf.o
        68          0          0          0          0         68   rt_memclr.o
        78          0          0          0          0         80   rt_memclr_w.o
       138          0          0          0          0         68   rt_memcpy_v6.o
       100          0          0          0          0         80   rt_memcpy_w.o
         2          0          0          0          0          0   rtexit.o
        10          0          0          0          0          0   rtexit2.o
        72          0          0          0          0         80   strcpy.o
        74          0          0          0          0         80   sys_stackheap_outer.o
         2          0          0          0          0         68   use_no_semi.o
         2          0          0          0          0         68   use_no_semi_2.o
        90          4          0          0          0         92   dfixu.o
        38          0          0          0          0         68   dflt_clz.o
       340         12          0          0          0        104   dmul.o
       156          4          0          0          0         92   dnaninf.o
        12          0          0          0          0         68   dretinf.o
       430          8          0          0          0        168   faddsub_clz.o
        62          4          0          0          0         84   ffixu.o
        86          0          0          0          0        136   fflt_clz.o
       258          4          0          0          0         84   fmul.o
       140          4          0          0          0         84   fnaninf.o
        10          0          0          0          0         68   fretinf.o
         0          0          0          0          0          0   usenofp.o

    ----------------------------------------------------------------------
      3622         96         58          0        100       3212   Library Totals
        16          0          1          0          4          0   (incl. Padding)

    ----------------------------------------------------------------------

      Code (inc. data)   RO Data    RW Data    ZI Data      Debug   Library Name

      1984         56         57          0         96       2164   c_w.l
      1622         40          0          0          0       1048   fz_ws.l

    ----------------------------------------------------------------------
      3622         96         58          0        100       3212   Library Totals

    ----------------------------------------------------------------------

==============================================================================


      Code (inc. data)   RO Data    RW Data    ZI Data      Debug   

     55066       4838       6746       1180       2444     699147   Grand Totals
     55066       4838       6746        824       2444     699147   ELF Image Totals (compressed)
     55066       4838       6746        824          0          0   ROM Totals

==============================================================================

    Total RO  Size (Code + RO Data)                61812 (  60.36kB)
    Total RW  Size (RW Data + ZI Data)              3624 (   3.54kB)
    Total ROM Size (Code + RO Data + RW Data)      62636 (  61.17kB)

==============================================================================

