Component: ARM Compiler 5.06 update 6 (build 750) Tool: armlink [4d35ed]

==============================================================================

Section Cross References

    main.o(.text) refers to delay.o(.text) for delay_init
    main.o(.text) refers to usart.o(.text) for uart_init
    main.o(.text) refers to led.o(.text) for LED_Init
    main.o(.text) refers to lcd.o(.text) for LCD_Init
    main.o(.text) refers to rand.o(.text) for srand
    main.o(.text) refers to rand.o(.emb_text) for rand
    main.o(.text) refers to image2lcd.o(.text) for image_display
    main.o(.text) refers to image1.o(.constdata) for gImage_image1
    main.o(.text) refers to lcd.o(.bss) for lcddev
    main.o(.text) refers to lcd.o(.data) for POINT_COLOR
    system_stm32f10x.o(.text) refers to system_stm32f10x.o(.data) for SystemCoreClock
    led.o(.text) refers to stm32f10x_rcc.o(.text) for RCC_APB2PeriphClockCmd
    led.o(.text) refers to stm32f10x_gpio.o(.text) for GPIO_Init
    lcd.o(.text) refers to _printf_percent.o(.ARM.Collect$$_printf_percent$$00000000) for _printf_percent
    lcd.o(.text) refers to _printf_x.o(.ARM.Collect$$_printf_percent$$0000000C) for _printf_x
    lcd.o(.text) refers to _printf_hex_int.o(.text) for _printf_longlong_hex
    lcd.o(.text) refers to delay.o(.text) for delay_us
    lcd.o(.text) refers to lcd.o(.bss) for lcddev
    lcd.o(.text) refers to dflt_clz.o(x$fpl$dfltu) for __aeabi_ui2d
    lcd.o(.text) refers to dmul.o(x$fpl$dmul) for __aeabi_dmul
    lcd.o(.text) refers to dfixu.o(x$fpl$dfixu) for __aeabi_d2uiz
    lcd.o(.text) refers to lcd.o(.data) for POINT_COLOR
    lcd.o(.text) refers to stm32f10x_rcc.o(.text) for RCC_APB2PeriphClockCmd
    lcd.o(.text) refers to stm32f10x_gpio.o(.text) for GPIO_PinRemapConfig
    lcd.o(.text) refers to noretval__2printf.o(.text) for __2printf
    lcd.o(.text) refers to lcd.o(.constdata) for asc2_1206
    meau.o(.text) refers to lcd.o(.text) for LCD_Clear
    meau.o(.text) refers to lcd.o(.data) for POINT_COLOR
    pid.o(.text) refers to fflt_clz.o(x$fpl$fflt) for __aeabi_i2f
    pid.o(.text) refers to fmul.o(x$fpl$fmul) for __aeabi_fmul
    pid.o(.text) refers to faddsub_clz.o(x$fpl$fsub) for __aeabi_fsub
    pid.o(.text) refers to faddsub_clz.o(x$fpl$fadd) for __aeabi_fadd
    pid.o(.text) refers to frleqf.o(x$fpl$frleqf) for __aeabi_cfrcmple
    pid.o(.text) refers to ffixu.o(x$fpl$ffixu) for __aeabi_f2uiz
    pid.o(.text) refers to stm32f10x_tim.o(.text) for TIM_SetCompare1
    pid.o(.text) refers to vl53l0x.o(.text) for myV15310
    pid.o(.text) refers to fflt_clz.o(x$fpl$ffltu) for __aeabi_ui2f
    pid.o(.text) refers to pid.o(.data) for myData
    pid.o(.text) refers to vl53l0x_gen.o(.data) for Distance_data
    pwm.o(.text) refers to stm32f10x_rcc.o(.text) for RCC_APB2PeriphClockCmd
    pwm.o(.text) refers to stm32f10x_gpio.o(.text) for GPIO_Init
    pwm.o(.text) refers to stm32f10x_tim.o(.text) for TIM_TimeBaseInit
    tim.o(.text) refers to stm32f10x_rcc.o(.text) for RCC_APB1PeriphClockCmd
    tim.o(.text) refers to stm32f10x_tim.o(.text) for TIM_TimeBaseInit
    tim.o(.text) refers to misc.o(.text) for NVIC_Init
    exti.o(.text) refers to stm32f10x_rcc.o(.text) for RCC_APB2PeriphClockCmd
    exti.o(.text) refers to key.o(.text) for KEY_Init
    exti.o(.text) refers to stm32f10x_gpio.o(.text) for GPIO_EXTILineConfig
    exti.o(.text) refers to stm32f10x_exti.o(.text) for EXTI_Init
    exti.o(.text) refers to misc.o(.text) for NVIC_Init
    exti.o(.text) refers to delay.o(.text) for delay_ms
    exti.o(.text) refers to lcd.o(.text) for LCD_Clear
    exti.o(.text) refers to exti.o(.data) for a
    key.o(.text) refers to stm32f10x_rcc.o(.text) for RCC_APB2PeriphClockCmd
    key.o(.text) refers to stm32f10x_gpio.o(.text) for GPIO_PinRemapConfig
    key.o(.text) refers to delay.o(.text) for delay_ms
    key.o(.text) refers to key.o(.data) for key_up
    delay.o(.text) refers to misc.o(.text) for SysTick_CLKSourceConfig
    delay.o(.text) refers to system_stm32f10x.o(.data) for SystemCoreClock
    delay.o(.text) refers to delay.o(.data) for fac_us
    usart.o(.text) refers (Special) to use_no_semi_2.o(.text) for __use_no_semihosting
    usart.o(.text) refers to stm32f10x_rcc.o(.text) for RCC_APB2PeriphClockCmd
    usart.o(.text) refers to stm32f10x_gpio.o(.text) for GPIO_Init
    usart.o(.text) refers to misc.o(.text) for NVIC_Init
    usart.o(.text) refers to stm32f10x_usart.o(.text) for USART_Init
    usart.o(.text) refers to usart.o(.data) for USART_RX_STA
    usart.o(.text) refers to usart.o(.bss) for USART_RX_BUF
    usart.o(.bss) refers (Special) to use_no_semi_2.o(.text) for __use_no_semihosting
    usart.o(.data) refers (Special) to use_no_semi_2.o(.text) for __use_no_semihosting
    startup_stm32f10x_hd.o(STACK) refers (Special) to heapauxi.o(.text) for __use_two_region_memory
    startup_stm32f10x_hd.o(HEAP) refers (Special) to heapauxi.o(.text) for __use_two_region_memory
[...]
    __rt_entry                               0x08000219   Thumb Code     0  __rtentry.o(.ARM.Collect$$rtentry$$00000000)
    __rt_entry_presh_1                       0x08000219   Thumb Code     0  __rtentry2.o(.ARM.Collect$$rtentry$$00000002)
    __rt_entry_sh                            0x08000219   Thumb Code     0  __rtentry4.o(.ARM.Collect$$rtentry$$00000004)
    __rt_entry_li                            0x0800021f   Thumb Code     0  __rtentry2.o(.ARM.Collect$$rtentry$$0000000A)
    __rt_entry_postsh_1                      0x0800021f   Thumb Code     0  __rtentry2.o(.ARM.Collect$$rtentry$$00000009)
    __rt_entry_main                          0x08000223   Thumb Code     0  __rtentry2.o(.ARM.Collect$$rtentry$$0000000D)
    __rt_entry_postli_1                      0x08000223   Thumb Code     0  __rtentry2.o(.ARM.Collect$$rtentry$$0000000C)
    __rt_exit                                0x0800022b   Thumb Code     0  rtexit.o(.ARM.Collect$$rtexit$$00000000)
    __rt_exit_ls                             0x0800022d   Thumb Code     0  rtexit2.o(.ARM.Collect$$rtexit$$00000003)
    __rt_exit_prels_1                        0x0800022d   Thumb Code     0  rtexit2.o(.ARM.Collect$$rtexit$$00000002)
    __rt_exit_exit                           0x08000231   Thumb Code     0  rtexit2.o(.ARM.Collect$$rtexit$$00000004)
    rand                                     0x08000239   Thumb Code    48  rand.o(.emb_text)
    main                                     0x0800026d   Thumb Code   222  main.o(.text)
    NMI_Handler                              0x08000379   Thumb Code     2  stm32f10x_it.o(.text)
    HardFault_Handler                        0x0800037b   Thumb Code     4  stm32f10x_it.o(.text)
    MemManage_Handler                        0x0800037f   Thumb Code     4  stm32f10x_it.o(.text)
    BusFault_Handler                         0x08000383   Thumb Code     4  stm32f10x_it.o(.text)
    UsageFault_Handler                       0x08000387   Thumb Code     4  stm32f10x_it.o(.text)
    SVC_Handler                              0x0800038b   Thumb Code     2  stm32f10x_it.o(.text)
    DebugMon_Handler                         0x0800038d   Thumb Code     2  stm32f10x_it.o(.text)
    PendSV_Handler                           0x0800038f   Thumb Code     2  stm32f10x_it.o(.text)
    SysTick_Handler                          0x08000391   Thumb Code     2  stm32f10x_it.o(.text)
    SystemInit                               0x08000473   Thumb Code    78  system_stm32f10x.o(.text)
    SystemCoreClockUpdate                    0x080004c1   Thumb Code   142  system_stm32f10x.o(.text)
    LED_Init                                 0x08000575   Thumb Code    72  led.o(.text)
    LCD_WR_REG                               0x080005c5   Thumb Code    28  lcd.o(.text)
    LCD_WR_DATAX                             0x080005e1   Thumb Code    28  lcd.o(.text)
    LCD_RD_DATA                              0x080005fd   Thumb Code    98  lcd.o(.text)
    LCD_WriteReg                             0x0800065f   Thumb Code    40  lcd.o(.text)
    LCD_ReadReg                              0x08000687   Thumb Code    16  lcd.o(.text)
    LCD_WriteRAM_Prepare                     0x08000697   Thumb Code    12  lcd.o(.text)
    LCD_WriteRAM                             0x080006a3   Thumb Code    28  lcd.o(.text)
    LCD_BGR2RGB                              0x080006bf   Thumb Code    26  lcd.o(.text)
    opt_delay                                0x080006d9   Thumb Code    14  lcd.o(.text)
    LCD_SetCursor                            0x080006e7   Thumb Code   956  lcd.o(.text)
    LCD_ReadPoint                            0x08000aa3   Thumb Code   506  lcd.o(.text)
    LCD_DisplayOn                            0x08000c9d   Thumb Code    92  lcd.o(.text)
    LCD_DisplayOff                           0x08000cf9   Thumb Code    90  lcd.o(.text)
    LCD_Scan_Dir                             0x08000d53   Thumb Code  1126  lcd.o(.text)
    LCD_DrawPoint                            0x080011b9   Thumb Code    52  lcd.o(.text)
    LCD_Fast_DrawPoint                       0x080011ed   Thumb Code   854  lcd.o(.text)
    LCD_SSD_BackLightSet                     0x08001543   Thumb Code   220  lcd.o(.text)
    LCD_Display_Dir                          0x0800161f   Thumb Code   444  lcd.o(.text)
    LCD_Set_Window                           0x080017db   Thumb Code  1078  lcd.o(.text)
    LCD_Clear                                0x08001c11   Thumb Code   122  lcd.o(.text)
    LCD_Init                                 0x08001c8b   Thumb Code 15298  lcd.o(.text)
    LCD_Fill                                 0x0800584d   Thumb Code   200  lcd.o(.text)
    LCD_Color_Fill                           0x08005915   Thumb Code   116  lcd.o(.text)
    LCD_DrawLine                             0x08005989   Thumb Code   176  lcd.o(.text)
    LCD_DrawRectangle                        0x08005a39   Thumb Code    60  lcd.o(.text)
    LCD_Draw_Circle                          0x08005a75   Thumb Code   152  lcd.o(.text)
    LCD_ShowChar                             0x08005b0d   Thumb Code   272  lcd.o(.text)
    LCD_Pow                                  0x08005c1d   Thumb Code    22  lcd.o(.text)
    LCD_ShowNum                              0x08005c33   Thumb Code   180  lcd.o(.text)
    LCD_ShowxNum                             0x08005ce7   Thumb Code   190  lcd.o(.text)
    LCD_ShowString                           0x08005da5   Thumb Code   102  lcd.o(.text)
    control                                  0x08005e0d   Thumb Code   132  pid.o(.text)
    TIM2_IRQHandler                          0x08005e91   Thumb Code    32  pid.o(.text)
    getHeight                                0x08005eb1   Thumb Code    20  pid.o(.text)
    usartSend                                0x08005ec5   Thumb Code    22  pid.o(.text)
    usartPutBuff                             0x08005edb   Thumb Code    26  pid.o(.text)
    sendData                                 0x08005ef5   Thumb Code    40  pid.o(.text)
    control_location                         0x08005f1d   Thumb Code   166  pid.o(.text)
    exti_init                                0x0800602d   Thumb Code   212  exti.o(.text)
    EXTI0_IRQHandler                         0x08006101   Thumb Code    24  exti.o(.text)
    EXTI9_5_IRQHandler                       0x08006119   Thumb Code   182  exti.o(.text)
    EXTI15_10_IRQHandler                     0x080061cf   Thumb Code    28  exti.o(.text)
    KEY_Init                                 0x08006231   Thumb Code    82  key.o(.text)
    KEY_Scan                                 0x08006283   Thumb Code   154  key.o(.text)
    delay_init                               0x0800632d   Thumb Code    50  delay.o(.text)
    delay_us                                 0x0800635f   Thumb Code    72  delay.o(.text)
    delay_ms                                 0x080063a7   Thumb Code    72  delay.o(.text)
    _sys_exit                                0x08006401   Thumb Code     6  usart.o(.text)
    fputc                                    0x08006407   Thumb Code    24  usart.o(.text)
    uart_init                                0x0800641f   Thumb Code   152  usart.o(.text)
    USART1_IRQHandler                        0x080064b7   Thumb Code   122  usart.o(.text)
    Reset_Handler                            0x08006541   Thumb Code     8  startup_stm32f10x_hd.o(.text)
    ADC1_2_IRQHandler                        0x0800655b   Thumb Code     0  startup_stm32f10x_hd.o(.text)
    ADC3_IRQHandler                          0x0800655b   Thumb Code     0  startup_stm32f10x_hd.o(.text)
    CAN1_RX1_IRQHandler                      0x0800655b   Thumb Code     0  startup_stm32f10x_hd.o(.text)
    CAN1_SCE_IRQHandler                      0x0800655b   Thumb Code     0  startup_stm32f10x_hd.o(.text)
    DMA1_Channel1_IRQHandler                 0x0800655b   Thumb Code     0  startup_stm32f10x_hd.o(.text)
    DMA1_Channel2_IRQHandler                 0x0800655b   Thumb Code     0  startup_stm32f10x_hd.o(.text)
    DMA1_Channel3_IRQHandler                 0x0800655b   Thumb Code     0  startup_stm32f10x_hd.o(.text)
    DMA1_Channel4_IRQHandler                 0x0800655b   Thumb Code     0  startup_stm32f10x_hd.o(.text)
    DMA1_Channel5_IRQHandler                 0x0800655b   Thumb Code     0  startup_stm32f10x_hd.o(.text)
    DMA1_Channel6_IRQHandler                 0x0800655b   Thumb Code     0  startup_stm32f10x_hd.o(.text)
    DMA1_Channel7_IRQHandler                 0x0800655b   Thumb Code     0  startup_stm32f10x_hd.o(.text)
    DMA2_Channel1_IRQHandler                 0x0800655b   Thumb Code     0  startup_stm32f10x_hd.o(.text)
    DMA2_Channel2_IRQHandler                 0x0800655b   Thumb Code     0  startup_stm32f10x_hd.o(.text)
    DMA2_Channel3_IRQHandler                 0x0800655b   Thumb Code     0  startup_stm32f10x_hd.o(.text)
    DMA2_Channel4_5_IRQHandler               0x0800655b   Thumb Code     0  startup_stm32f10x_hd.o(.text)
    EXTI1_IRQHandler                         0x0800655b   Thumb Code     0  startup_stm32f10x_hd.o(.text)
    EXTI2_IRQHandler                         0x0800655b   Thumb Code     0  startup_stm32f10x_hd.o(.text)
    EXTI3_IRQHandler                         0x0800655b   Thumb Code     0  startup_stm32f10x_hd.o(.text)
    FLASH_IRQHandler                         0x0800655b   Thumb Code     0  startup_stm32f10x_hd.o(.text)
    FSMC_IRQHandler                          0x0800655b   Thumb Code     0  startup_stm32f10x_hd.o(.text)
    I2C1_ER_IRQHandler                       0x0800655b   Thumb Code     0  startup_stm32f10x_hd.o(.text)
    I2C1_EV_IRQHandler                       0x0800655b   Thumb Code     0  startup_stm32f10x_hd.o(.text)
    I2C2_ER_IRQHandler                       0x0800655b   Thumb Code     0  startup_stm32f10x_hd.o(.text)
    I2C2_EV_IRQHandler                       0x0800655b   Thumb Code     0  startup_stm32f10x_hd.o(.text)
    PVD_IRQHandler                           0x0800655b   Thumb Code     0  startup_stm32f10x_hd.o(.text)
    RCC_IRQHandler                           0x0800655b   Thumb Code     0  startup_stm32f10x_hd.o(.text)
    RTCAlarm_IRQHandler                      0x0800655b   Thumb Code     0  startup_stm32f10x_hd.o(.text)
    RTC_IRQHandler                           0x0800655b   Thumb Code     0  startup_stm32f10x_hd.o(.text)
    SDIO_IRQHandler                          0x0800655b   Thumb Code     0  startup_stm32f10x_hd.o(.text)
    SPI1_IRQHandler                          0x0800655b   Thumb Code     0  startup_stm32f10x_hd.o(.text)
    SPI2_IRQHandler                          0x0800655b   Thumb Code     0  startup_stm32f10x_hd.o(.text)
    SPI3_IRQHandler                          0x0800655b   Thumb Code     0  startup_stm32f10x_hd.o(.text)
    TAMPER_IRQHandler                        0x0800655b   Thumb Code     0  startup_stm32f10x_hd.o(.text)
    TIM1_BRK_IRQHandler                      0x0800655b   Thumb Code     0  startup_stm32f10x_hd.o(.text)
    TIM1_CC_IRQHandler                       0x0800655b   Thumb Code     0  startup_stm32f10x_hd.o(.text)
    TIM1_TRG_COM_IRQHandler                  0x0800655b   Thumb Code     0  startup_stm32f10x_hd.o(.text)
    TIM1_UP_IRQHandler                       0x0800655b   Thumb Code     0  startup_stm32f10x_hd.o(.text)
    TIM3_IRQHandler                          0x0800655b   Thumb Code     0  startup_stm32f10x_hd.o(.text)
    TIM5_IRQHandler                          0x0800655b   Thumb Code     0  startup_stm32f10x_hd.o(.text)
    TIM6_IRQHandler                          0x0800655b   Thumb Code     0  startup_stm32f10x_hd.o(.text)
    TIM7_IRQHandler                          0x0800655b   Thumb Code     0  startup_stm32f10x_hd.o(.text)
    TIM8_BRK_IRQHandler                      0x0800655b   Thumb Code     0  startup_stm32f10x_hd.o(.text)
    TIM8_CC_IRQHandler                       0x0800655b   Thumb Code     0  startup_stm32f10x_hd.o(.text)
    TIM8_TRG_COM_IRQHandler                  0x0800655b   Thumb Code     0  startup_stm32f10x_hd.o(.text)
    TIM8_UP_IRQHandler                       0x0800655b   Thumb Code     0  startup_stm32f10x_hd.o(.text)
    UART4_IRQHandler                         0x0800655b   Thumb Code     0  startup_stm32f10x_hd.o(.text)
    UART5_IRQHandler                         0x0800655b   Thumb Code     0  startup_stm32f10x_hd.o(.text)
    USART2_IRQHandler                        0x0800655b   Thumb Code     0  startup_stm32f10x_hd.o(.text)
    USART3_IRQHandler                        0x0800655b   Thumb Code     0  startup_stm32f10x_hd.o(.text)
    USBWakeUp_IRQHandler                     0x0800655b   Thumb Code     0  startup_stm32f10x_hd.o(.text)
    USB_HP_CAN1_TX_IRQHandler                0x0800655b   Thumb Code     0  startup_stm32f10x_hd.o(.text)
    USB_LP_CAN1_RX0_IRQHandler               0x0800655b   Thumb Code     0  startup_stm32f10x_hd.o(.text)
    WWDG_IRQHandler                          0x0800655b   Thumb Code     0  startup_stm32f10x_hd.o(.text)
    __user_initial_stackheap                 0x0800655d   Thumb Code     0  startup_stm32f10x_hd.o(.text)
    GPIO_DeInit                              0x08006581   Thumb Code   172  stm32f10x_gpio.o(.text)
    GPIO_AFIODeInit                          0x0800662d   Thumb Code    20  stm32f10x_gpio.o(.text)
    GPIO_Init                                0x08006641   Thumb Code   278  stm32f10x_gpio.o(.text)
    GPIO_StructInit                          0x08006757   Thumb Code    16  stm32f10x_gpio.o(.text)
    GPIO_ReadInputDataBit                    0x08006767   Thumb Code    18  stm32f10x_gpio.o(.text)
    GPIO_ReadInputData                       0x08006779   Thumb Code     8  stm32f10x_gpio.o(.text)
    GPIO_ReadOutputDataBit                   0x08006781   Thumb Code    18  stm32f10x_gpio.o(.text)
    GPIO_ReadOutputData                      0x08006793   Thumb Code     8  stm32f10x_gpio.o(.text)
    GPIO_SetBits                             0x0800679b   Thumb Code     4  stm32f10x_gpio.o(.text)
    GPIO_ResetBits                           0x0800679f   Thumb Code     4  stm32f10x_gpio.o(.text)
    GPIO_WriteBit                            0x080067a3   Thumb Code    10  stm32f10x_gpio.o(.text)
    GPIO_Write                               0x080067ad   Thumb Code     4  stm32f10x_gpio.o(.text)
    GPIO_PinLockConfig                       0x080067b1   Thumb Code    18  stm32f10x_gpio.o(.text)
    GPIO_EventOutputConfig                   0x080067c3   Thumb Code    26  stm32f10x_gpio.o(.text)
    GPIO_EventOutputCmd                      0x080067dd   Thumb Code     6  stm32f10x_gpio.o(.text)
    GPIO_PinRemapConfig                      0x080067e3   Thumb Code   138  stm32f10x_gpio.o(.text)
    GPIO_EXTILineConfig                      0x0800686d   Thumb Code    66  stm32f10x_gpio.o(.text)
    GPIO_ETH_MediaInterfaceConfig            0x080068af   Thumb Code     8  stm32f10x_gpio.o(.text)
    RCC_DeInit                               0x080068dd   Thumb Code    64  stm32f10x_rcc.o(.text)
    RCC_HSEConfig                            0x0800691d   Thumb Code    70  stm32f10x_rcc.o(.text)
    RCC_GetFlagStatus                        0x08006963   Thumb Code    56  stm32f10x_rcc.o(.text)
    RCC_WaitForHSEStartUp                    0x0800699b   Thumb Code    56  stm32f10x_rcc.o(.text)
    RCC_AdjustHSICalibrationValue            0x080069d3   Thumb Code    20  stm32f10x_rcc.o(.text)
    RCC_HSICmd                               0x080069e7   Thumb Code     6  stm32f10x_rcc.o(.text)
    RCC_PLLConfig                            0x080069ed   Thumb Code    24  stm32f10x_rcc.o(.text)
    RCC_PLLCmd                               0x08006a05   Thumb Code     6  stm32f10x_rcc.o(.text)
    RCC_SYSCLKConfig                         0x08006a0b   Thumb Code    18  stm32f10x_rcc.o(.text)
    RCC_GetSYSCLKSource                      0x08006a1d   Thumb Code    10  stm32f10x_rcc.o(.text)
    RCC_HCLKConfig                           0x08006a27   Thumb Code    18  stm32f10x_rcc.o(.text)
    RCC_PCLK1Config                          0x08006a39   Thumb Code    18  stm32f10x_rcc.o(.text)
    RCC_PCLK2Config                          0x08006a4b   Thumb Code    20  stm32f10x_rcc.o(.text)
    RCC_ITConfig                             0x08006a5f   Thumb Code    26  stm32f10x_rcc.o(.text)
    RCC_USBCLKConfig                         0x08006a79   Thumb Code     8  stm32f10x_rcc.o(.text)
    RCC_ADCCLKConfig                         0x08006a81   Thumb Code    18  stm32f10x_rcc.o(.text)
    RCC_LSEConfig                            0x08006a93   Thumb Code    50  stm32f10x_rcc.o(.text)
    RCC_LSICmd                               0x08006ac5   Thumb Code     6  stm32f10x_rcc.o(.text)
    RCC_RTCCLKConfig                         0x08006acb   Thumb Code    12  stm32f10x_rcc.o(.text)
    RCC_RTCCLKCmd                            0x08006ad7   Thumb Code     8  stm32f10x_rcc.o(.text)
    RCC_GetClocksFreq                        0x08006adf   Thumb Code   192  stm32f10x_rcc.o(.text)
    RCC_AHBPeriphClockCmd                    0x08006b9f   Thumb Code    26  stm32f10x_rcc.o(.text)
    RCC_APB2PeriphClockCmd                   0x08006bb9   Thumb Code    26  stm32f10x_rcc.o(.text)
    RCC_APB1PeriphClockCmd                   0x08006bd3   Thumb Code    26  stm32f10x_rcc.o(.text)
    RCC_APB2PeriphResetCmd                   0x08006bed   Thumb Code    26  stm32f10x_rcc.o(.text)
    RCC_APB1PeriphResetCmd                   0x08006c07   Thumb Code    26  stm32f10x_rcc.o(.text)
    RCC_BackupResetCmd                       0x08006c21   Thumb Code     8  stm32f10x_rcc.o(.text)
    RCC_ClockSecuritySystemCmd               0x08006c29   Thumb Code     6  stm32f10x_rcc.o(.text)
    RCC_MCOConfig                            0x08006c2f   Thumb Code     6  stm32f10x_rcc.o(.text)
    RCC_ClearFlag                            0x08006c35   Thumb Code    14  stm32f10x_rcc.o(.text)
    RCC_GetITStatus                          0x08006c43   Thumb Code    20  stm32f10x_rcc.o(.text)
    RCC_ClearITPendingBit                    0x08006c57   Thumb Code     6  stm32f10x_rcc.o(.text)
    USART_DeInit                             0x08006c81   Thumb Code   134  stm32f10x_usart.o(.text)
    USART_Init                               0x08006d07   Thumb Code   210  stm32f10x_usart.o(.text)
    USART_StructInit                         0x08006dd9   Thumb Code    24  stm32f10x_usart.o(.text)
    USART_ClockInit                          0x08006df1   Thumb Code    34  stm32f10x_usart.o(.text)
    USART_ClockStructInit                    0x08006e13   Thumb Code    12  stm32f10x_usart.o(.text)
    USART_Cmd                                0x08006e1f   Thumb Code    24  stm32f10x_usart.o(.text)
    USART_ITConfig                           0x08006e37   Thumb Code    74  stm32f10x_usart.o(.text)
    USART_DMACmd                             0x08006e81   Thumb Code    18  stm32f10x_usart.o(.text)
    USART_SetAddress                         0x08006e93   Thumb Code    18  stm32f10x_usart.o(.text)
    USART_WakeUpConfig                       0x08006ea5   Thumb Code    18  stm32f10x_usart.o(.text)
    USART_ReceiverWakeUpCmd                  0x08006eb7   Thumb Code    24  stm32f10x_usart.o(.text)
    USART_LINBreakDetectLengthConfig         0x08006ecf   Thumb Code    18  stm32f10x_usart.o(.text)
    USART_LINCmd                             0x08006ee1   Thumb Code    24  stm32f10x_usart.o(.text)
    USART_SendData                           0x08006ef9   Thumb Code     8  stm32f10x_usart.o(.text)
    USART_ReceiveData                        0x08006f01   Thumb Code    10  stm32f10x_usart.o(.text)
    USART_SendBreak                          0x08006f0b   Thumb Code    10  stm32f10x_usart.o(.text)
    USART_SetGuardTime                       0x08006f15   Thumb Code    16  stm32f10x_usart.o(.text)
    USART_SetPrescaler                       0x08006f25   Thumb Code    16  stm32f10x_usart.o(.text)
    USART_SmartCardCmd                       0x08006f35   Thumb Code    24  stm32f10x_usart.o(.text)
    USART_SmartCardNACKCmd                   0x08006f4d   Thumb Code    24  stm32f10x_usart.o(.text)
    USART_HalfDuplexCmd                      0x08006f65   Thumb Code    24  stm32f10x_usart.o(.text)
    USART_OverSampling8Cmd                   0x08006f7d   Thumb Code    22  stm32f10x_usart.o(.text)
    USART_OneBitMethodCmd                    0x08006f93   Thumb Code    24  stm32f10x_usart.o(.text)
    USART_IrDAConfig                         0x08006fab   Thumb Code    18  stm32f10x_usart.o(.text)
    USART_IrDACmd                            0x08006fbd   Thumb Code    24  stm32f10x_usart.o(.text)
    USART_GetFlagStatus                      0x08006fd5   Thumb Code    26  stm32f10x_usart.o(.text)
    USART_ClearFlag                          0x08006fef   Thumb Code    18  stm32f10x_usart.o(.text)
    USART_GetITStatus                        0x08007001   Thumb Code    84  stm32f10x_usart.o(.text)
    USART_ClearITPendingBit                  0x08007055   Thumb Code    52  stm32f10x_usart.o(.text)
    NVIC_PriorityGroupConfig                 0x08007089   Thumb Code    10  misc.o(.text)
    NVIC_Init                                0x08007093   Thumb Code   100  misc.o(.text)
    NVIC_SetVectorTable                      0x080070f7   Thumb Code    14  misc.o(.text)
    NVIC_SystemLPConfig                      0x08007105   Thumb Code    34  misc.o(.text)
    SysTick_CLKSourceConfig                  0x08007127   Thumb Code    40  misc.o(.text)
    EXTI_DeInit                              0x08007165   Thumb Code    28  stm32f10x_exti.o(.text)
    EXTI_Init                                0x08007181   Thumb Code   142  stm32f10x_exti.o(.text)
    EXTI_StructInit                          0x0800720f   Thumb Code    16  stm32f10x_exti.o(.text)
    EXTI_GenerateSWInterrupt                 0x0800721f   Thumb Code    16  stm32f10x_exti.o(.text)
    EXTI_GetFlagStatus                       0x0800722f   Thumb Code    22  stm32f10x_exti.o(.text)
    EXTI_ClearFlag                           0x08007245   Thumb Code     8  stm32f10x_exti.o(.text)
    EXTI_GetITStatus                         0x0800724d   Thumb Code    34  stm32f10x_exti.o(.text)
    EXTI_ClearITPendingBit                   0x0800726f   Thumb Code     8  stm32f10x_exti.o(.text)
    TIM_DeInit                               0x08007281   Thumb Code   424  stm32f10x_tim.o(.text)
    TIM_TimeBaseInit                         0x08007429   Thumb Code   122  stm32f10x_tim.o(.text)
    TIM_OC1Init                              0x080074a3   Thumb Code   132  stm32f10x_tim.o(.text)
    TIM_OC2Init                              0x08007527   Thumb Code   154  stm32f10x_tim.o(.text)
    TIM_OC3Init                              0x080075c1   Thumb Code   150  stm32f10x_tim.o(.text)
    TIM_OC4Init                              0x08007657   Thumb Code   182  stm32f10x_tim.o(.text)
    TIM_SetIC4Prescaler                      0x0800770d   Thumb Code    26  stm32f10x_tim.o(.text)
    TIM_SetIC3Prescaler                      0x080077a9   Thumb Code    18  stm32f10x_tim.o(.text)
    TIM_SetIC2Prescaler                      0x08007835   Thumb Code    26  stm32f10x_tim.o(.text)
    TIM_SetIC1Prescaler                      0x080078d1   Thumb Code    18  stm32f10x_tim.o(.text)
    TIM_ICInit                               0x0800794f   Thumb Code   150  stm32f10x_tim.o(.text)
    TIM_PWMIConfig                           0x080079e5   Thumb Code   124  stm32f10x_tim.o(.text)
    TIM_BDTRConfig                           0x08007a61   Thumb Code    32  stm32f10x_tim.o(.text)
    TIM_TimeBaseStructInit                   0x08007a81   Thumb Code    18  stm32f10x_tim.o(.text)
    TIM_OCStructInit                         0x08007a93   Thumb Code    20  stm32f10x_tim.o(.text)
    TIM_ICStructInit                         0x08007aa7   Thumb Code    18  stm32f10x_tim.o(.text)
    TIM_BDTRStructInit                       0x08007ab9   Thumb Code    40  stm32f10x_tim.o(.text)
    TIM_Cmd                                  0x08007ae1   Thumb Code    24  stm32f10x_tim.o(.text)
    TIM_CtrlPWMOutputs                       0x08007af9   Thumb Code    30  stm32f10x_tim.o(.text)
    TIM_ITConfig                             0x08007b17   Thumb Code    18  stm32f10x_tim.o(.text)
    TIM_GenerateEvent                        0x08007b29   Thumb Code     4  stm32f10x_tim.o(.text)
    TIM_DMAConfig                            0x08007b2d   Thumb Code    10  stm32f10x_tim.o(.text)
    TIM_DMACmd                               0x08007b37   Thumb Code    18  stm32f10x_tim.o(.text)
    TIM_InternalClockConfig                  0x08007b49   Thumb Code    12  stm32f10x_tim.o(.text)
    TIM_SelectInputTrigger                   0x08007b55   Thumb Code    18  stm32f10x_tim.o(.text)
    TIM_ITRxExternalClockConfig              0x08007b67   Thumb Code    24  stm32f10x_tim.o(.text)
    TIM_TIxExternalClockConfig               0x08007b7f   Thumb Code    62  stm32f10x_tim.o(.text)
    TIM_ETRConfig                            0x08007bbd   Thumb Code    28  stm32f10x_tim.o(.text)
    TIM_ETRClockMode1Config                  0x08007bd9   Thumb Code    54  stm32f10x_tim.o(.text)
    TIM_ETRClockMode2Config                  0x08007c0f   Thumb Code    32  stm32f10x_tim.o(.text)
    TIM_PrescalerConfig                      0x08007c2f   Thumb Code     6  stm32f10x_tim.o(.text)
    TIM_CounterModeConfig                    0x08007c35   Thumb Code    18  stm32f10x_tim.o(.text)
    TIM_EncoderInterfaceConfig               0x08007c47   Thumb Code    66  stm32f10x_tim.o(.text)
    TIM_ForcedOC1Config                      0x08007c89   Thumb Code    18  stm32f10x_tim.o(.text)
    TIM_ForcedOC2Config                      0x08007c9b   Thumb Code    26  stm32f10x_tim.o(.text)
    TIM_ForcedOC3Config                      0x08007cb5   Thumb Code    18  stm32f10x_tim.o(.text)
    TIM_ForcedOC4Config                      0x08007cc7   Thumb Code    26  stm32f10x_tim.o(.text)
    TIM_ARRPreloadConfig                     0x08007ce1   Thumb Code    24  stm32f10x_tim.o(.text)
    TIM_SelectCOM                            0x08007cf9   Thumb Code    24  stm32f10x_tim.o(.text)
    TIM_SelectCCDMA                          0x08007d11   Thumb Code    24  stm32f10x_tim.o(.text)
    TIM_CCPreloadControl                     0x08007d29   Thumb Code    24  stm32f10x_tim.o(.text)
    TIM_OC1PreloadConfig                     0x08007d41   Thumb Code    18  stm32f10x_tim.o(.text)
    TIM_OC2PreloadConfig                     0x08007d53   Thumb Code    26  stm32f10x_tim.o(.text)
    TIM_OC3PreloadConfig                     0x08007d6d   Thumb Code    18  stm32f10x_tim.o(.text)
    TIM_OC4PreloadConfig                     0x08007d7f   Thumb Code    26  stm32f10x_tim.o(.text)
    TIM_OC1FastConfig                        0x08007d99   Thumb Code    18  stm32f10x_tim.o(.text)
    TIM_OC2FastConfig                        0x08007dab   Thumb Code    26  stm32f10x_tim.o(.text)
    TIM_OC3FastConfig                        0x08007dc5   Thumb Code    18  stm32f10x_tim.o(.text)
    TIM_OC4FastConfig                        0x08007dd7   Thumb Code    26  stm32f10x_tim.o(.text)
    TIM_ClearOC1Ref                          0x08007df1   Thumb Code    18  stm32f10x_tim.o(.text)
    TIM_ClearOC2Ref                          0x08007e03   Thumb Code    24  stm32f10x_tim.o(.text)
    TIM_ClearOC3Ref                          0x08007e1b   Thumb Code    18  stm32f10x_tim.o(.text)
    TIM_ClearOC4Ref                          0x08007e2d   Thumb Code    24  stm32f10x_tim.o(.text)
    TIM_OC1PolarityConfig                    0x08007e45   Thumb Code    18  stm32f10x_tim.o(.text)
    TIM_OC1NPolarityConfig                   0x08007e57   Thumb Code    18  stm32f10x_tim.o(.text)
    TIM_OC2PolarityConfig                    0x08007e69   Thumb Code    26  stm32f10x_tim.o(.text)
    TIM_OC2NPolarityConfig                   0x08007e83   Thumb Code    26  stm32f10x_tim.o(.text)
    TIM_OC3PolarityConfig                    0x08007e9d   Thumb Code    26  stm32f10x_tim.o(.text)
    TIM_OC3NPolarityConfig                   0x08007eb7   Thumb Code    26  stm32f10x_tim.o(.text)
    TIM_OC4PolarityConfig                    0x08007ed1   Thumb Code    26  stm32f10x_tim.o(.text)
    TIM_CCxCmd                               0x08007eeb   Thumb Code    30  stm32f10x_tim.o(.text)
    TIM_CCxNCmd                              0x08007f09   Thumb Code    30  stm32f10x_tim.o(.text)
    TIM_SelectOCxM                           0x08007f27   Thumb Code    82  stm32f10x_tim.o(.text)
    TIM_UpdateDisableConfig                  0x08007f79   Thumb Code    24  stm32f10x_tim.o(.text)
    TIM_UpdateRequestConfig                  0x08007f91   Thumb Code    24  stm32f10x_tim.o(.text)
    TIM_SelectHallSensor                     0x08007fa9   Thumb Code    24  stm32f10x_tim.o(.text)
    TIM_SelectOnePulseMode                   0x08007fc1   Thumb Code    18  stm32f10x_tim.o(.text)
    TIM_SelectOutputTrigger                  0x08007fd3   Thumb Code    18  stm32f10x_tim.o(.text)
    TIM_SelectSlaveMode                      0x08007fe5   Thumb Code    18  stm32f10x_tim.o(.text)
    TIM_SelectMasterSlaveMode                0x08007ff7   Thumb Code    18  stm32f10x_tim.o(.text)
    TIM_SetCounter                           0x08008009   Thumb Code     4  stm32f10x_tim.o(.text)
    TIM_SetAutoreload                        0x0800800d   Thumb Code     4  stm32f10x_tim.o(.text)
    TIM_SetCompare1                          0x08008011   Thumb Code     4  stm32f10x_tim.o(.text)
    TIM_SetCompare2                          0x08008015   Thumb Code     4  stm32f10x_tim.o(.text)
    TIM_SetCompare3                          0x08008019   Thumb Code     4  stm32f10x_tim.o(.text)
    TIM_SetCompare4                          0x0800801d   Thumb Code     6  stm32f10x_tim.o(.text)
    TIM_SetClockDivision                     0x08008023   Thumb Code    18  stm32f10x_tim.o(.text)
    TIM_GetCapture1                          0x08008035   Thumb Code     6  stm32f10x_tim.o(.text)
    TIM_GetCapture2                          0x0800803b   Thumb Code     6  stm32f10x_tim.o(.text)
    TIM_GetCapture3                          0x08008041   Thumb Code     6  stm32f10x_tim.o(.text)
    TIM_GetCapture4                          0x08008047   Thumb Code     8  stm32f10x_tim.o(.text)
    TIM_GetCounter                           0x0800804f   Thumb Code     6  stm32f10x_tim.o(.text)
    TIM_GetPrescaler                         0x08008055   Thumb Code     6  stm32f10x_tim.o(.text)
    TIM_GetFlagStatus                        0x0800805b   Thumb Code    18  stm32f10x_tim.o(.text)
    TIM_ClearFlag                            0x0800806d   Thumb Code     6  stm32f10x_tim.o(.text)
    TIM_GetITStatus                          0x08008073   Thumb Code    34  stm32f10x_tim.o(.text)
    TIM_ClearITPendingBit                    0x08008095   Thumb Code     6  stm32f10x_tim.o(.text)
    image_getcolor                           0x0800809d   Thumb Code    30  image2lcd.o(.text)
    image_show                               0x080080bb   Thumb Code   158  image2lcd.o(.text)
    image_display                            0x08008159   Thumb Code    42  image2lcd.o(.text)
    VL53L0X_i2c_init                         0x08008191   Thumb Code    46  vl53l0x_i2c.o(.text)
    VL_IIC_Start                             0x080081bf   Thumb Code    64  vl53l0x_i2c.o(.text)
    VL_IIC_Stop                              0x080081ff   Thumb Code    66  vl53l0x_i2c.o(.text)
    VL_IIC_Wait_Ack                          0x08008241   Thumb Code    86  vl53l0x_i2c.o(.text)
    VL_IIC_Ack                               0x08008297   Thumb Code    70  vl53l0x_i2c.o(.text)
    VL_IIC_NAck                              0x080082dd   Thumb Code    70  vl53l0x_i2c.o(.text)
    VL_IIC_Send_Byte                         0x08008323   Thumb Code   104  vl53l0x_i2c.o(.text)
    VL_IIC_Read_Byte                         0x0800838b   Thumb Code   100  vl53l0x_i2c.o(.text)
    VL_IIC_Write_1Byte                       0x080083ef   Thumb Code    60  vl53l0x_i2c.o(.text)
    VL_IIC_Read_1Byte                        0x0800842b   Thumb Code    74  vl53l0x_i2c.o(.text)
    VL_IIC_Write_nByte                       0x08008475   Thumb Code    80  vl53l0x_i2c.o(.text)
    VL_IIC_Read_nByte                        0x080084c5   Thumb Code   106  vl53l0x_i2c.o(.text)
    VL53L0X_write_multi                      0x0800852f   Thumb Code    40  vl53l0x_i2c.o(.text)
    VL53L0X_read_multi                       0x08008557   Thumb Code    40  vl53l0x_i2c.o(.text)
    VL53L0X_write_byte                       0x0800857f   Thumb Code    38  vl53l0x_i2c.o(.text)
    VL53L0X_write_word                       0x080085a5   Thumb Code    86  vl53l0x_i2c.o(.text)
    VL53L0X_write_dword                      0x080085fb   Thumb Code    52  vl53l0x_i2c.o(.text)
    VL53L0X_read_byte                        0x0800862f   Thumb Code    32  vl53l0x_i2c.o(.text)
    VL53L0X_read_word                        0x0800864f   Thumb Code    42  vl53l0x_i2c.o(.text)
    VL53L0X_read_dword                       0x08008679   Thumb Code    58  vl53l0x_i2c.o(.text)
    VL53L0X_WriteMulti                       0x080086b3   Thumb Code    60  vl53l0x_platform.o(.text)
    VL53L0X_ReadMulti                        0x080086ef   Thumb Code    54  vl53l0x_platform.o(.text)
    VL53L0X_WrByte                           0x08008725   Thumb Code    44  vl53l0x_platform.o(.text)
    VL53L0X_WrWord                           0x08008751   Thumb Code    44  vl53l0x_platform.o(.text)
    VL53L0X_WrDWord                          0x0800877d   Thumb Code    44  vl53l0x_platform.o(.text)
    VL53L0X_UpdateByte                       0x080087a9   Thumb Code    82  vl53l0x_platform.o(.text)
    VL53L0X_RdByte                           0x080087fb   Thumb Code    44  vl53l0x_platform.o(.text)
    VL53L0X_RdWord                           0x08008827   Thumb Code    44  vl53l0x_platform.o(.text)
    VL53L0X_RdDWord                          0x08008853   Thumb Code    44  vl53l0x_platform.o(.text)
    VL53L0X_PollingDelay                     0x0800887f   Thumb Code    26  vl53l0x_platform.o(.text)
    VL53L0X_GetVersion                       0x08008899   Thumb Code    24  vl53l0x_api.o(.text)
    VL53L0X_GetPalSpecVersion                0x080088b1   Thumb Code    24  vl53l0x_api.o(.text)
    VL53L0X_GetProductRevision               0x080088c9   Thumb Code    38  vl53l0x_api.o(.text)
    VL53L0X_GetDeviceInfo                    0x080088ef   Thumb Code    22  vl53l0x_api.o(.text)
    VL53L0X_GetDeviceErrorStatus             0x08008905   Thumb Code    34  vl53l0x_api.o(.text)
    VL53L0X_GetDeviceErrorString             0x08008927   Thumb Code    22  vl53l0x_api.o(.text)
    VL53L0X_GetRangeStatusString             0x0800893d   Thumb Code    22  vl53l0x_api.o(.text)
    VL53L0X_GetPalErrorString                0x08008953   Thumb Code    22  vl53l0x_api.o(.text)
    VL53L0X_GetPalStateString                0x08008969   Thumb Code    22  vl53l0x_api.o(.text)
    VL53L0X_GetPalState                      0x0800897f   Thumb Code    12  vl53l0x_api.o(.text)
    VL53L0X_GetVcselPulsePeriod              0x0800898b   Thumb Code    30  vl53l0x_api.o(.text)
    VL53L0X_SetMeasurementTimingBudgetMicroSeconds 0x080089a9   Thumb Code    22  vl53l0x_api.o(.text)
    VL53L0X_SetSequenceStepEnable            0x080089bf   Thumb Code   196  vl53l0x_api.o(.text)
    VL53L0X_GetFractionEnable                0x08008a83   Thumb Code    34  vl53l0x_api.o(.text)
    VL53L0X_GetMeasurementTimingBudgetMicroSeconds 0x08008aa5   Thumb Code    22  vl53l0x_api.o(.text)
    VL53L0X_GetWrapAroundCheckEnable         0x08008abb   Thumb Code    62  vl53l0x_api.o(.text)
    VL53L0X_GetLimitCheckEnable              0x08008af9   Thumb Code    28  vl53l0x_api.o(.text)
    VL53L0X_GetLimitCheckValue               0x08008b15   Thumb Code   182  vl53l0x_api.o(.text)
    VL53L0X_GetOffsetCalibrationDataMicroMeter 0x08008bcb   Thumb Code    22  vl53l0x_api.o(.text)
    VL53L0X_GetXTalkCompensationRateMegaCps  0x08008be1   Thumb Code    56  vl53l0x_api.o(.text)
    VL53L0X_GetInterMeasurementPeriodMilliSeconds 0x08008c19   Thumb Code    62  vl53l0x_api.o(.text)
    VL53L0X_GetDeviceMode                    0x08008c57   Thumb Code    10  vl53l0x_api.o(.text)
    VL53L0X_GetDeviceParameters              0x08008c61   Thumb Code   160  vl53l0x_api.o(.text)
    VL53L0X_ClearInterruptMask               0x08008d01   Thumb Code    82  vl53l0x_api.o(.text)
    VL53L0X_SetGpioConfig                    0x08008d53   Thumb Code   358  vl53l0x_api.o(.text)
    VL53L0X_StaticInit                       0x08008eb9   Thumb Code   410  vl53l0x_api.o(.text)
    VL53L0X_SetPowerMode                     0x08009053   Thumb Code    84  vl53l0x_api.o(.text)
    VL53L0X_GetPowerMode                     0x080090a7   Thumb Code    48  vl53l0x_api.o(.text)
    VL53L0X_SetOffsetCalibrationDataMicroMeter 0x080090d7   Thumb Code    22  vl53l0x_api.o(.text)
    VL53L0X_SetLinearityCorrectiveGain       0x080090ed   Thumb Code    50  vl53l0x_api.o(.text)
    VL53L0X_GetLinearityCorrectiveGain       0x0800911f   Thumb Code    12  vl53l0x_api.o(.text)
    VL53L0X_SetGroupParamHold                0x0800912b   Thumb Code     8  vl53l0x_api.o(.text)
    VL53L0X_GetUpperLimitMilliMeter          0x08009133   Thumb Code     8  vl53l0x_api.o(.text)
    VL53L0X_GetTotalSignalRate               0x0800913b   Thumb Code    40  vl53l0x_api.o(.text)
    VL53L0X_SetDeviceAddress                 0x08009163   Thumb Code    36  vl53l0x_api.o(.text)
    VL53L0X_SetLimitCheckValue               0x08009187   Thumb Code   118  vl53l0x_api.o(.text)
    VL53L0X_SetLimitCheckEnable              0x080091fd   Thumb Code   194  vl53l0x_api.o(.text)
    VL53L0X_DataInit                         0x080092bf   Thumb Code   420  vl53l0x_api.o(.text)
    VL53L0X_SetTuningSettingBuffer           0x08009463   Thumb Code    40  vl53l0x_api.o(.text)
    VL53L0X_GetTuningSettingBuffer           0x0800948b   Thumb Code    20  vl53l0x_api.o(.text)
    VL53L0X_WaitDeviceBooted                 0x0800949f   Thumb Code     8  vl53l0x_api.o(.text)
    VL53L0X_ResetDevice                      0x080094a7   Thumb Code   102  vl53l0x_api.o(.text)
    VL53L0X_SetWrapAroundCheckEnable         0x0800950d   Thumb Code    80  vl53l0x_api.o(.text)
    VL53L0X_SetXTalkCompensationRateMegaCps  0x0800955d   Thumb Code    64  vl53l0x_api.o(.text)
    VL53L0X_SetInterMeasurementPeriodMilliSeconds 0x0800959d   Thumb Code    60  vl53l0x_api.o(.text)
    VL53L0X_SetDeviceMode                    0x080095d9   Thumb Code    50  vl53l0x_api.o(.text)
    VL53L0X_SetDeviceParameters              0x0800960b   Thumb Code   146  vl53l0x_api.o(.text)
    VL53L0X_SetRangeFractionEnable           0x0800969d   Thumb Code    30  vl53l0x_api.o(.text)
    VL53L0X_SetHistogramMode                 0x080096bb   Thumb Code     8  vl53l0x_api.o(.text)
    VL53L0X_GetHistogramMode                 0x080096c3   Thumb Code     8  vl53l0x_api.o(.text)
    VL53L0X_SetVcselPulsePeriod              0x080096cb   Thumb Code    42  vl53l0x_api.o(.text)
    sequence_step_enabled                    0x080096f5   Thumb Code    72  vl53l0x_api.o(.text)
    VL53L0X_GetSequenceStepEnable            0x0800973d   Thumb Code    48  vl53l0x_api.o(.text)
    VL53L0X_GetSequenceStepEnables           0x0800976d   Thumb Code   118  vl53l0x_api.o(.text)
    VL53L0X_GetNumberOfSequenceSteps         0x080097e3   Thumb Code    10  vl53l0x_api.o(.text)
    VL53L0X_GetSequenceStepsInfo             0x080097ed   Thumb Code    22  vl53l0x_api.o(.text)
    VL53L0X_SetSequenceStepTimeout           0x08009803   Thumb Code   110  vl53l0x_api.o(.text)
    VL53L0X_GetSequenceStepTimeout           0x08009871   Thumb Code    56  vl53l0x_api.o(.text)
    VL53L0X_SetXTalkCompensationEnable       0x080098a9   Thumb Code    62  vl53l0x_api.o(.text)
    VL53L0X_GetXTalkCompensationEnable       0x080098e7   Thumb Code    12  vl53l0x_api.o(.text)
    VL53L0X_SetRefCalibration                0x080098f3   Thumb Code    30  vl53l0x_api.o(.text)
    VL53L0X_GetRefCalibration                0x08009911   Thumb Code    30  vl53l0x_api.o(.text)
    VL53L0X_GetNumberOfLimitCheck            0x0800992f   Thumb Code    10  vl53l0x_api.o(.text)
    VL53L0X_GetLimitCheckInfo                0x08009939   Thumb Code    30  vl53l0x_api.o(.text)
    VL53L0X_GetLimitCheckStatus              0x08009957   Thumb Code    24  vl53l0x_api.o(.text)
    VL53L0X_GetLimitCheckCurrent             0x0800996f   Thumb Code   136  vl53l0x_api.o(.text)
    VL53L0X_SetDmaxCalParameters             0x080099f7   Thumb Code    62  vl53l0x_api.o(.text)
    VL53L0X_GetDmaxCalParameters             0x08009a35   Thumb Code    20  vl53l0x_api.o(.text)
    VL53L0X_GetInterruptThresholds           0x08009a49   Thumb Code    66  vl53l0x_api.o(.text)
    VL53L0X_CheckAndLoadInterruptSettings    0x08009a8b   Thumb Code   126  vl53l0x_api.o(.text)
    VL53L0X_StartMeasurement                 0x08009b09   Thumb Code   268  vl53l0x_api.o(.text)
    VL53L0X_PerformSingleMeasurement         0x08009c15   Thumb Code    60  vl53l0x_api.o(.text)
    VL53L0X_PerformSingleHistogramMeasurement 0x08009c51   Thumb Code     8  vl53l0x_api.o(.text)
    VL53L0X_PerformRefCalibration            0x08009c59   Thumb Code    32  vl53l0x_api.o(.text)
    VL53L0X_PerformXTalkMeasurement          0x08009c79   Thumb Code    10  vl53l0x_api.o(.text)
    VL53L0X_PerformXTalkCalibration          0x08009c83   Thumb Code    30  vl53l0x_api.o(.text)
    VL53L0X_PerformOffsetCalibration         0x08009ca1   Thumb Code    30  vl53l0x_api.o(.text)
    VL53L0X_StopMeasurement                  0x08009cbf   Thumb Code   102  vl53l0x_api.o(.text)
    VL53L0X_GetInterruptMaskStatus           0x08009d25   Thumb Code    48  vl53l0x_api.o(.text)
    VL53L0X_GetMeasurementDataReady          0x08009d55   Thumb Code    86  vl53l0x_api.o(.text)
    VL53L0X_WaitDeviceReadyForNewMeasurement 0x08009dab   Thumb Code     8  vl53l0x_api.o(.text)
    VL53L0X_GetRangingMeasurementData        0x08009db3   Thumb Code   372  vl53l0x_api.o(.text)
    VL53L0X_GetMeasurementRefSignal          0x08009f27   Thumb Code    46  vl53l0x_api.o(.text)
    VL53L0X_GetHistogramMeasurementData      0x08009f55   Thumb Code     8  vl53l0x_api.o(.text)
    VL53L0X_PerformSingleRangingMeasurement  0x08009f5d   Thumb Code    56  vl53l0x_api.o(.text)
    VL53L0X_SetNumberOfROIZones              0x08009f95   Thumb Code    12  vl53l0x_api.o(.text)
    VL53L0X_GetNumberOfROIZones              0x08009fa1   Thumb Code    10  vl53l0x_api.o(.text)
    VL53L0X_GetMaxNumberOfROIZones           0x08009fab   Thumb Code    10  vl53l0x_api.o(.text)
    VL53L0X_GetGpioConfig                    0x08009fb5   Thumb Code   160  vl53l0x_api.o(.text)
    VL53L0X_SetInterruptThresholds           0x0800a055   Thumb Code    54  vl53l0x_api.o(.text)
    VL53L0X_GetStopCompletedStatus           0x0800a08b   Thumb Code   154  vl53l0x_api.o(.text)
    VL53L0X_EnableInterruptMask              0x0800a125   Thumb Code     8  vl53l0x_api.o(.text)
    VL53L0X_SetSpadAmbientDamperThreshold    0x0800a12d   Thumb Code    48  vl53l0x_api.o(.text)
    VL53L0X_GetSpadAmbientDamperThreshold    0x0800a15d   Thumb Code    48  vl53l0x_api.o(.text)
    VL53L0X_SetSpadAmbientDamperFactor       0x0800a18d   Thumb Code    54  vl53l0x_api.o(.text)
    VL53L0X_GetSpadAmbientDamperFactor       0x0800a1c3   Thumb Code    54  vl53l0x_api.o(.text)
    VL53L0X_SetReferenceSpads                0x0800a1f9   Thumb Code    30  vl53l0x_api.o(.text)
    VL53L0X_GetReferenceSpads                0x0800a217   Thumb Code    30  vl53l0x_api.o(.text)
    VL53L0X_PerformRefSpadManagement         0x0800a235   Thumb Code    30  vl53l0x_api.o(.text)
    VL53L0X_perform_xtalk_calibration        0x0800a255   Thumb Code   296  vl53l0x_api_calibration.o(.text)
    VL53L0X_perform_offset_calibration       0x0800a37d   Thumb Code   228  vl53l0x_api_calibration.o(.text)
    VL53L0X_set_offset_calibration_data_micro_meter 0x0800a461   Thumb Code    74  vl53l0x_api_calibration.o(.text)
    VL53L0X_get_offset_calibration_data_micro_meter 0x0800a4ab   Thumb Code    86  vl53l0x_api_calibration.o(.text)
    VL53L0X_apply_offset_adjustment          0x0800a501   Thumb Code    58  vl53l0x_api_calibration.o(.text)
    get_next_good_spad                       0x0800a53b   Thumb Code   104  vl53l0x_api_calibration.o(.text)
    is_aperture                              0x0800a5a3   Thumb Code    18  vl53l0x_api_calibration.o(.text)
    enable_spad_bit                          0x0800a5b5   Thumb Code    50  vl53l0x_api_calibration.o(.text)
    count_enabled_spads                      0x0800a5e7   Thumb Code   180  vl53l0x_api_calibration.o(.text)
    set_ref_spad_map                         0x0800a69b   Thumb Code    24  vl53l0x_api_calibration.o(.text)
    get_ref_spad_map                         0x0800a6b3   Thumb Code    24  vl53l0x_api_calibration.o(.text)
    enable_ref_spads                         0x0800a6cb   Thumb Code   172  vl53l0x_api_calibration.o(.text)
    perform_ref_signal_measurement           0x0800a777   Thumb Code   110  vl53l0x_api_calibration.o(.text)
    VL53L0X_ref_calibration_io               0x0800a7e5   Thumb Code   190  vl53l0x_api_calibration.o(.text)
    VL53L0X_perform_single_ref_calibration   0x0800a8a3   Thumb Code    64  vl53l0x_api_calibration.o(.text)
    VL53L0X_perform_phase_calibration        0x0800a8e3   Thumb Code   124  vl53l0x_api_calibration.o(.text)
    VL53L0X_perform_vhv_calibration          0x0800a95f   Thumb Code   126  vl53l0x_api_calibration.o(.text)
    VL53L0X_perform_ref_calibration          0x0800a9dd   Thumb Code    76  vl53l0x_api_calibration.o(.text)
    VL53L0X_perform_ref_spad_management      0x0800aa29   Thumb Code   658  vl53l0x_api_calibration.o(.text)
    VL53L0X_set_reference_spads              0x0800acbb   Thumb Code   194  vl53l0x_api_calibration.o(.text)
    VL53L0X_get_reference_spads              0x0800ad7d   Thumb Code   120  vl53l0x_api_calibration.o(.text)
    VL53L0X_set_ref_calibration              0x0800adf5   Thumb Code    46  vl53l0x_api_calibration.o(.text)
    VL53L0X_get_ref_calibration              0x0800ae23   Thumb Code    48  vl53l0x_api_calibration.o(.text)
    VL53L0X_reverse_bytes                    0x0800ae55   Thumb Code    34  vl53l0x_api_core.o(.text)
    VL53L0X_measurement_poll_for_completion  0x0800ae77   Thumb Code    66  vl53l0x_api_core.o(.text)
    VL53L0X_decode_vcsel_period              0x0800aeb9   Thumb Code    12  vl53l0x_api_core.o(.text)
    VL53L0X_encode_vcsel_period              0x0800aec5   Thumb Code    14  vl53l0x_api_core.o(.text)
    VL53L0X_isqrt                            0x0800aed3   Thumb Code    44  vl53l0x_api_core.o(.text)
    VL53L0X_quadrature_sum                   0x0800aeff   Thumb Code    44  vl53l0x_api_core.o(.text)
    VL53L0X_device_read_strobe               0x0800af2b   Thumb Code    82  vl53l0x_api_core.o(.text)
    VL53L0X_get_info_from_device             0x0800af7d   Thumb Code  1354  vl53l0x_api_core.o(.text)
    VL53L0X_calc_macro_period_ps             0x0800b4c7   Thumb Code    22  vl53l0x_api_core.o(.text)
    VL53L0X_encode_timeout                   0x0800b4dd   Thumb Code    40  vl53l0x_api_core.o(.text)
    VL53L0X_decode_timeout                   0x0800b505   Thumb Code    14  vl53l0x_api_core.o(.text)
    VL53L0X_calc_timeout_mclks               0x0800b513   Thumb Code    52  vl53l0x_api_core.o(.text)
    VL53L0X_calc_timeout_us                  0x0800b547   Thumb Code    52  vl53l0x_api_core.o(.text)
    get_sequence_step_timeout                0x0800b57b   Thumb Code   290  vl53l0x_api_core.o(.text)
    set_sequence_step_timeout                0x0800b69d   Thumb Code   306  vl53l0x_api_core.o(.text)
    VL53L0X_set_vcsel_pulse_period           0x0800b7cf   Thumb Code   766  vl53l0x_api_core.o(.text)
    VL53L0X_get_vcsel_pulse_period           0x0800bacd   Thumb Code    70  vl53l0x_api_core.o(.text)
    VL53L0X_set_measurement_timing_budget_micro_seconds 0x0800bb13   Thumb Code   294  vl53l0x_api_core.o(.text)
    VL53L0X_get_measurement_timing_budget_micro_seconds 0x0800bc39   Thumb Code   238  vl53l0x_api_core.o(.text)
    VL53L0X_load_tuning_settings             0x0800bd27   Thumb Code   234  vl53l0x_api_core.o(.text)
    VL53L0X_get_total_xtalk_rate             0x0800be11   Thumb Code    58  vl53l0x_api_core.o(.text)
    VL53L0X_get_total_signal_rate            0x0800be4b   Thumb Code    40  vl53l0x_api_core.o(.text)
    VL53L0X_calc_dmax                        0x0800be73   Thumb Code   390  vl53l0x_api_core.o(.text)
    VL53L0X_calc_sigma_estimate              0x0800bff9   Thumb Code   788  vl53l0x_api_core.o(.text)
    VL53L0X_get_pal_range_status             0x0800c30d   Thumb Code   564  vl53l0x_api_core.o(.text)
    VL53L0X_check_part_used                  0x0800c541   Thumb Code    74  vl53l0x_api_strings.o(.text)
    VL53L0X_get_device_info                  0x0800c58b   Thumb Code   152  vl53l0x_api_strings.o(.text)
    VL53L0X_get_device_error_string          0x0800c623   Thumb Code   198  vl53l0x_api_strings.o(.text)
    VL53L0X_get_range_status_string          0x0800c6e9   Thumb Code    98  vl53l0x_api_strings.o(.text)
    VL53L0X_get_pal_error_string             0x0800c74b   Thumb Code   298  vl53l0x_api_strings.o(.text)
    VL53L0X_get_pal_state_string             0x0800c875   Thumb Code  1078  vl53l0x_api_strings.o(.text)
    VL53L0X_get_sequence_steps_info          0x0800ccab   Thumb Code    84  vl53l0x_api_strings.o(.text)
    VL53L0X_get_limit_check_info             0x0800ccff   Thumb Code   106  vl53l0x_api_strings.o(.text)
    print_pal_error                          0x0800ce85   Thumb Code    28  vl53l0x.o(.text)
    mode_string                              0x0800cea1   Thumb Code    66  vl53l0x.o(.text)
    vl53l0x_Addr_set                         0x0800cee3   Thumb Code   150  vl53l0x.o(.text)
    vl53l0x_reset                            0x0800cf79   Thumb Code    56  vl53l0x.o(.text)
    vl53l0x_init                             0x0800cfb1   Thumb Code   176  vl53l0x.o(.text)
    vl53l0x_mtest_ui                         0x0800d061   Thumb Code     2  vl53l0x.o(.text)
    vl53l0x_test                             0x0800d063   Thumb Code    96  vl53l0x.o(.text)
    vl53l0x_info                             0x0800d0c3   Thumb Code    70  vl53l0x.o(.text)
    One_measurement                          0x0800d109   Thumb Code    32  vl53l0x.o(.text)
    myV15310                                 0x0800d129   Thumb Code    10  vl53l0x.o(.text)
    vl53l0x_adjust                           0x0800d27d   Thumb Code   446  vl53l0x_cali.o(.text)
    vl53l0x_calibration_test                 0x0800d43b   Thumb Code    88  vl53l0x_cali.o(.text)
    vl53l0x_set_mode                         0x0800d7e1   Thumb Code   400  vl53l0x_gen.o(.text)
    vl53l0x_start_single_test                0x0800d971   Thumb Code    58  vl53l0x_gen.o(.text)
    vl53l0x_general_start                    0x0800d9ab   Thumb Code    48  vl53l0x_gen.o(.text)
    general_ui                               0x0800d9db   Thumb Code     2  vl53l0x_gen.o(.text)
    vl53l0x_general_test                     0x0800d9dd   Thumb Code    14  vl53l0x_gen.o(.text)
    EXTI4_IRQHandler                         0x0800da7b   Thumb Code    16  vl53l0x_it.o(.text)
    vl53l0x_interrupt_start                  0x0800da8b   Thumb Code   656  vl53l0x_it.o(.text)
    interrupt_ui                             0x0800dd1b   Thumb Code     2  vl53l0x_it.o(.text)
    vl53l0x_interrupt_test                   0x0800dd1d   Thumb Code   108  vl53l0x_it.o(.text)
    usmart_sys_cmd_exe                       0x0800dddd   Thumb Code  1554  usmart.o(.text)
    usmart_reset_runtime                     0x0800e3ef   Thumb Code    38  usmart.o(.text)
    usmart_get_runtime                       0x0800e415   Thumb Code    56  usmart.o(.text)
    TIM4_IRQHandler                          0x0800e44d   Thumb Code    50  usmart.o(.text)
    Timer4_Init                              0x0800e47f   Thumb Code    94  usmart.o(.text)
    usmart_init                              0x0800e4dd   Thumb Code    36  usmart.o(.text)
    usmart_cmd_rec                           0x0800e501   Thumb Code   170  usmart.o(.text)
    usmart_exe                               0x0800e5ab   Thumb Code   872  usmart.o(.text)
    usmart_scan                              0x0800e913   Thumb Code   120  usmart.o(.text)
    read_addr                                0x0800e98b   Thumb Code     6  usmart.o(.text)
    write_addr                               0x0800e991   Thumb Code     4  usmart.o(.text)
    usmart_strcmp                            0x0800ea1d   Thumb Code    34  usmart_str.o(.text)
    usmart_strcopy                           0x0800ea3f   Thumb Code    22  usmart_str.o(.text)
    usmart_strlen                            0x0800ea55   Thumb Code    24  usmart_str.o(.text)
    usmart_pow                               0x0800ea6d   Thumb Code    22  usmart_str.o(.text)
    usmart_str2num                           0x0800ea83   Thumb Code   202  usmart_str.o(.text)
    usmart_get_cmdname                       0x0800eb4d   Thumb Code    54  usmart_str.o(.text)
    usmart_search_nextc                      0x0800eb83   Thumb Code    22  usmart_str.o(.text)
    usmart_get_fname                         0x0800eb99   Thumb Code   440  usmart_str.o(.text)
    usmart_get_aparm                         0x0800ed51   Thumb Code   200  usmart_str.o(.text)
    usmart_get_parmpos                       0x0800ee19   Thumb Code    26  usmart_str.o(.text)
    usmart_get_fparam                        0x0800ee33   Thumb Code   262  usmart_str.o(.text)
    __use_no_semihosting                     0x0800ef45   Thumb Code     2  use_no_semi_2.o(.text)
    __2printf                                0x0800ef49   Thumb Code    20  noretval__2printf.o(.text)
    __2sprintf                               0x0800ef61   Thumb Code    34  noretval__2sprintf.o(.text)
    _printf_pre_padding                      0x0800ef89   Thumb Code    44  _printf_pad.o(.text)
    _printf_post_padding                     0x0800efb5   Thumb Code    34  _printf_pad.o(.text)
    _printf_str                              0x0800efd7   Thumb Code    82  _printf_str.o(.text)
    _printf_int_dec                          0x0800f029   Thumb Code   104  _printf_dec.o(.text)
    _printf_int_hex                          0x0800f0a1   Thumb Code    84  _printf_hex_int.o(.text)
    _printf_longlong_hex                     0x0800f0a1   Thumb Code     0  _printf_hex_int.o(.text)
    __printf                                 0x0800f0f9   Thumb Code   388  __printf_flags_ss_wp.o(.text)
    srand                                    0x0800f281   Thumb Code    42  rand.o(.text)
    _rand_init                               0x0800f2ab   Thumb Code     4  rand.o(.text)
    strcpy                                   0x0800f2bd   Thumb Code    72  strcpy.o(.text)
    __aeabi_memcpy                           0x0800f305   Thumb Code     0  rt_memcpy_v6.o(.text)
    __rt_memcpy                              0x0800f305   Thumb Code   138  rt_memcpy_v6.o(.text)
    _memcpy_lastbytes                        0x0800f36b   Thumb Code     0  rt_memcpy_v6.o(.text)
    __aeabi_memcpy4                          0x0800f38f   Thumb Code     0  rt_memcpy_w.o(.text)
    __aeabi_memcpy8                          0x0800f38f   Thumb Code     0  rt_memcpy_w.o(.text)
    __rt_memcpy_w                            0x0800f38f   Thumb Code   100  rt_memcpy_w.o(.text)
    _memcpy_lastbytes_aligned                0x0800f3d7   Thumb Code     0  rt_memcpy_w.o(.text)
    __aeabi_memclr                           0x0800f3f3   Thumb Code     0  rt_memclr.o(.text)
    __rt_memclr                              0x0800f3f3   Thumb Code    68  rt_memclr.o(.text)
    _memset                                  0x0800f3f7   Thumb Code     0  rt_memclr.o(.text)
    __aeabi_memclr4                          0x0800f437   Thumb Code     0  rt_memclr_w.o(.text)
    __aeabi_memclr8                          0x0800f437   Thumb Code     0  rt_memclr_w.o(.text)
    __rt_memclr_w                            0x0800f437   Thumb Code    78  rt_memclr_w.o(.text)
    _memset_w                                0x0800f43b   Thumb Code     0  rt_memclr_w.o(.text)
    __use_two_region_memory                  0x0800f485   Thumb Code     2  heapauxi.o(.text)
    __rt_heap_escrow$2region                 0x0800f487   Thumb Code     2  heapauxi.o(.text)
    __rt_heap_expand$2region                 0x0800f489   Thumb Code     2  heapauxi.o(.text)
    __I$use$semihosting                      0x0800f48b   Thumb Code     0  use_no_semi.o(.text)
    __use_no_semihosting_swi                 0x0800f48b   Thumb Code     2  use_no_semi.o(.text)
    _printf_int_common                       0x0800f48d   Thumb Code   178  _printf_intcommon.o(.text)
    _printf_char_common                      0x0800f54b   Thumb Code    32  _printf_char_common.o(.text)
    _sputc                                   0x0800f571   Thumb Code    10  _sputc.o(.text)
    _printf_cs_common                        0x0800f57b   Thumb Code    20  _printf_char.o(.text)
    _printf_char                             0x0800f58f   Thumb Code    16  _printf_char.o(.text)
    _printf_string                           0x0800f59f   Thumb Code     8  _printf_char.o(.text)
    _printf_char_file                        0x0800f5a9   Thumb Code    32  _printf_char_file.o(.text)
    ferror                                   0x0800f5cd   Thumb Code     8  ferror.o(.text)
    __user_setup_stackheap                   0x0800f5d5   Thumb Code    74  sys_stackheap_outer.o(.text)
    exit                                     0x0800f61f   Thumb Code    18  exit.o(.text)
    __user_libspace                          0x0800f631   Thumb Code     8  libspace.o(.text)
    __user_perproc_libspace                  0x0800f631   Thumb Code     0  libspace.o(.text)
    __user_perthread_libspace                0x0800f631   Thumb Code     0  libspace.o(.text)
    _is_digit                                0x0800f639   Thumb Code    14  __printf_wp.o(i._is_digit)
    __aeabi_d2uiz                            0x0800f649   Thumb Code     0  dfixu.o(x$fpl$dfixu)
    _dfixu                                   0x0800f649   Thumb Code    90  dfixu.o(x$fpl$dfixu)
    __aeabi_ui2d                             0x0800f6a3   Thumb Code     0  dflt_clz.o(x$fpl$dfltu)
    _dfltu                                   0x0800f6a3   Thumb Code    38  dflt_clz.o(x$fpl$dfltu)
    __aeabi_dmul                             0x0800f6c9   Thumb Code     0  dmul.o(x$fpl$dmul)
    _dmul                                    0x0800f6c9   Thumb Code   332  dmul.o(x$fpl$dmul)
    __fpl_dnaninf                            0x0800f81d   Thumb Code   156  dnaninf.o(x$fpl$dnaninf)
    __fpl_dretinf                            0x0800f8b9   Thumb Code    12  dretinf.o(x$fpl$dretinf)
    __aeabi_fadd                             0x0800f8c5   Thumb Code     0  faddsub_clz.o(x$fpl$fadd)
    _fadd                                    0x0800f8c5   Thumb Code   196  faddsub_clz.o(x$fpl$fadd)
    __fpl_fcmp_Inf                           0x0800f989   Thumb Code    24  fcmpi.o(x$fpl$fcmpinf)
    __aeabi_f2uiz                            0x0800f9a1   Thumb Code     0  ffixu.o(x$fpl$ffixu)
    _ffixu                                   0x0800f9a1   Thumb Code    62  ffixu.o(x$fpl$ffixu)
    __aeabi_i2f                              0x0800f9e1   Thumb Code     0  fflt_clz.o(x$fpl$fflt)
    _fflt                                    0x0800f9e1   Thumb Code    48  fflt_clz.o(x$fpl$fflt)
    __aeabi_ui2f                             0x0800fa11   Thumb Code     0  fflt_clz.o(x$fpl$ffltu)
    _ffltu                                   0x0800fa11   Thumb Code    38  fflt_clz.o(x$fpl$ffltu)
    __aeabi_cfcmple                          0x0800fa39   Thumb Code     0  fleqf.o(x$fpl$fleqf)
    _fcmple                                  0x0800fa39   Thumb Code   104  fleqf.o(x$fpl$fleqf)
    __fpl_fcmple_InfNaN                      0x0800fa8b   Thumb Code     0  fleqf.o(x$fpl$fleqf)
    __aeabi_fmul                             0x0800faa1   Thumb Code     0  fmul.o(x$fpl$fmul)
    _fmul                                    0x0800faa1   Thumb Code   258  fmul.o(x$fpl$fmul)
    __fpl_fnaninf                            0x0800fba3   Thumb Code   140  fnaninf.o(x$fpl$fnaninf)
    __fpl_fretinf                            0x0800fc2f   Thumb Code    10  fretinf.o(x$fpl$fretinf)
    __aeabi_cfrcmple                         0x0800fc39   Thumb Code     0  frleqf.o(x$fpl$frleqf)
    _frcmple                                 0x0800fc39   Thumb Code    98  frleqf.o(x$fpl$frleqf)
    __aeabi_fsub                             0x0800fc9d   Thumb Code     0  faddsub_clz.o(x$fpl$fsub)
    _fsub                                    0x0800fc9d   Thumb Code   234  faddsub_clz.o(x$fpl$fsub)
    __I$use$fp                               0x0800fd86   Number         0  usenofp.o(x$fpl$usenofp)
    asc2_1206                                0x0800fd86   Data        1140  lcd.o(.constdata)
    asc2_1608                                0x080101fa   Data        1520  lcd.o(.constdata)
    asc2_2412                                0x080107ea   Data        3420  lcd.o(.constdata)
    gImage_image1                            0x08011546   Data       80008  image1.o(.constdata)
    Region$$Table$$Base                      0x08024efc   Number         0  anon$$obj.o(Region$$Table)
    Region$$Table$$Limit                     0x08024f1c   Number         0  anon$$obj.o(Region$$Table)
    SystemCoreClock                          0x20000000   Data           4  system_stm32f10x.o(.data)
    AHBPrescTable                            0x20000004   Data          16  system_stm32f10x.o(.data)
    POINT_COLOR                              0x20000014   Data           2  lcd.o(.data)
    BACK_COLOR                               0x20000016   Data           2  lcd.o(.data)
    heigh                                    0x20000018   Data           4  pid.o(.data)
    hei                                      0x2000001c   Data           1  pid.o(.data)
    errNow                                   0x20000020   Data           4  pid.o(.data)
    errLast                                  0x20000024   Data           4  pid.o(.data)
    target                                   0x20000028   Data           2  pid.o(.data)
    outPwm                                   0x2000002c   Data           4  pid.o(.data)
    height_P                                 0x20000030   Data           4  pid.o(.data)
    height_I                                 0x20000034   Data           4  pid.o(.data)
    myData                                   0x20000038   Data           2  pid.o(.data)
    a                                        0x2000003c   Data           4  exti.o(.data)
    __stdout                                 0x20000048   Data           4  usart.o(.data)
    USART_RX_STA                             0x2000004c   Data           2  usart.o(.data)
    DefaultTuningSettings                    0x20000062   Data         243  vl53l0x_api.o(.data)
    InterruptThresholdSettings               0x20000155   Data         438  vl53l0x_api.o(.data)
    refArrayQuadrants                        0x2000030c   Data          16  vl53l0x_api_calibration.o(.data)
    AjustOK                                  0x2000031c   Data           1  vl53l0x.o(.data)
    Mode_data                                0x2000031d   Data          56  vl53l0x.o(.data)
    dis                                      0x20000356   Data           1  vl53l0x_gen.o(.data)
    Distance_data                            0x20000358   Data           2  vl53l0x_gen.o(.data)
    AlarmModes                               0x2000035c   Data          12  vl53l0x_it.o(.data)
    alarm_flag                               0x20000368   Data           1  vl53l0x_it.o(.data)
    sys_cmd_tab                              0x2000036c   Data          28  usmart.o(.data)
    usmart_nametab                           0x20000388   Data          32  usmart_config.o(.data)
    usmart_dev                               0x200003a8   Data         244  usmart_config.o(.data)
    lcddev                                   0x2000049c   Data          14  lcd.o(.bss)
    USART_RX_BUF                             0x200004aa   Data         200  usart.o(.bss)
    vl53l0x_dev                              0x20000574   Data         352  vl53l0x.o(.bss)
    vl53l0x_dev_info                         0x200006d4   Data          99  vl53l0x.o(.bss)
    Vl53l0x_adjust                           0x20000737   Data          24  vl53l0x_cali.o(.bss)
    Vl53l0x_data                             0x2000074f   Data          24  vl53l0x_cali.o(.bss)
    vl53l0x_data                             0x20000768   Data          28  vl53l0x_gen.o(.bss)
    _random_number_data                      0x200007c4   Data         228  rand.o(.bss)
    __libspace_start                         0x200008a8   Data          96  libspace.o(.bss)
    __temporary_stack_top$libspace           0x20000908   Data           0  libspace.o(.bss)



==============================================================================

Memory Map of the image

  Image Entry point : 0x08000131

  Load Region LR_IROM1 (Base: 0x08000000, Size: 0x000253b8, Max: 0x00040000, ABSOLUTE, COMPRESSED[0x00025240])

    Execution Region ER_IROM1 (Exec base: 0x08000000, Load base: 0x08000000, Size: 0x00024f1c, Max: 0x00040000, ABSOLUTE)

    Exec Addr    Load Addr    Size         Type   Attr      Idx    E Section Name        Object

    0x08000000   0x08000000   0x00000130   Data   RO          456    RESET               startup_stm32f10x_hd.o
    0x08000130   0x08000130   0x00000008   Code   RO         1099  * !!!main             c_w.l(__main.o)
    0x08000138   0x08000138   0x00000034   Code   RO         1318    !!!scatter          c_w.l(__scatter.o)
    0x0800016c   0x0800016c   0x0000005a   Code   RO         1316    !!dczerorl2         c_w.l(__dczerorl2.o)
    0x080001c6   0x080001c6   0x00000002   PAD
    0x080001c8   0x080001c8   0x0000001c   Code   RO         1320    !!handler_zi        c_w.l(__scatter_zi.o)
    0x080001e4   0x080001e4   0x00000000   Code   RO         1081    .ARM.Collect$$_printf_percent$$00000000  c_w.l(_printf_percent.o)
    0x080001e4   0x080001e4   0x00000006   Code   RO         1078    .ARM.Collect$$_printf_percent$$00000008  c_w.l(_printf_i.o)
    0x080001ea   0x080001ea   0x00000006   Code   RO         1079    .ARM.Collect$$_printf_percent$$00000009  c_w.l(_printf_d.o)
    0x080001f0   0x080001f0   0x00000006   Code   RO         1080    .ARM.Collect$$_printf_percent$$0000000A  c_w.l(_printf_u.o)
    0x080001f6   0x080001f6   0x00000006   Code   RO         1077    .ARM.Collect$$_printf_percent$$0000000C  c_w.l(_printf_x.o)
    0x080001fc   0x080001fc   0x00000006   Code   RO         1075    .ARM.Collect$$_printf_percent$$00000013  c_w.l(_printf_c.o)
    0x08000202   0x08000202   0x00000006   Code   RO         1076    .ARM.Collect$$_printf_percent$$00000014  c_w.l(_printf_s.o)
    0x08000208   0x08000208   0x00000004   Code   RO         1146    .ARM.Collect$$_printf_percent$$00000017  c_w.l(_printf_percent_end.o)
    0x0800020c   0x0800020c   0x00000002   Code   RO         1243    .ARM.Collect$$libinit$$00000000  c_w.l(libinit.o)
    0x0800020e   0x0800020e   0x00000000   Code   RO         1148    .ARM.Collect$$libinit$$00000002  c_w.l(libinit2.o)
    0x0800020e   0x0800020e   0x00000000   Code   RO         1150    .ARM.Collect$$libinit$$00000004  c_w.l(libinit2.o)
    0x0800020e   0x0800020e   0x00000000   Code   RO         1153    .ARM.Collect$$libinit$$0000000A  c_w.l(libinit2.o)
    0x0800020e   0x0800020e   0x00000000   Code   RO         1155    .ARM.Collect$$libinit$$0000000C  c_w.l(libinit2.o)
    0x0800020e   0x0800020e   0x00000004   Code   RO         1156    .ARM.Collect$$libinit$$0000000D  c_w.l(libinit2.o)
    0x08000212   0x08000212   0x00000000   Code   RO         1157    .ARM.Collect$$libinit$$0000000E  c_w.l(libinit2.o)
    0x08000212   0x08000212   0x00000000   Code   RO         1160    .ARM.Collect$$libinit$$00000011  c_w.l(libinit2.o)
    0x08000212   0x08000212   0x00000000   Code   RO         1162    .ARM.Collect$$libinit$$00000013  c_w.l(libinit2.o)
    0x08000212   0x08000212   0x00000000   Code   RO         1164    .ARM.Collect$$libinit$$00000015  c_w.l(libinit2.o)
    0x08000212   0x08000212   0x00000000   Code   RO         1166    .ARM.Collect$$libinit$$00000017  c_w.l(libinit2.o)
    0x08000212   0x08000212   0x00000000   Code   RO         1168    .ARM.Collect$$libinit$$00000019  c_w.l(libinit2.o)
    0x08000212   0x08000212   0x00000000   Code   RO         1170    .ARM.Collect$$libinit$$0000001B  c_w.l(libinit2.o)
    0x08000212   0x08000212   0x00000000   Code   RO         1172    .ARM.Collect$$libinit$$0000001D  c_w.l(libinit2.o)
    0x08000212   0x08000212   0x00000000   Code   RO         1174    .ARM.Collect$$libinit$$0000001F  c_w.l(libinit2.o)
    0x08000212   0x08000212   0x00000000   Code   RO         1176    .ARM.Collect$$libinit$$00000021  c_w.l(libinit2.o)
    0x08000212   0x08000212   0x00000000   Code   RO         1178    .ARM.Collect$$libinit$$00000023  c_w.l(libinit2.o)
    0x08000212   0x08000212   0x00000000   Code   RO         1180    .ARM.Collect$$libinit$$00000025  c_w.l(libinit2.o)
    0x08000212   0x08000212   0x00000000   Code   RO         1184    .ARM.Collect$$libinit$$0000002C  c_w.l(libinit2.o)
    0x08000212   0x08000212   0x00000000   Code   RO         1186    .ARM.Collect$$libinit$$0000002E  c_w.l(libinit2.o)
    0x08000212   0x08000212   0x00000000   Code   RO         1188    .ARM.Collect$$libinit$$00000030  c_w.l(libinit2.o)
    0x08000212   0x08000212   0x00000000   Code   RO         1190    .ARM.Collect$$libinit$$00000032  c_w.l(libinit2.o)
    0x08000212   0x08000212   0x00000002   Code   RO         1191    .ARM.Collect$$libinit$$00000033  c_w.l(libinit2.o)
    0x08000214   0x08000214   0x00000002   Code   RO         1277    .ARM.Collect$$libshutdown$$00000000  c_w.l(libshutdown.o)
    0x08000216   0x08000216   0x00000000   Code   RO         1283    .ARM.Collect$$libshutdown$$00000002  c_w.l(libshutdown2.o)
    0x08000216   0x08000216   0x00000000   Code   RO         1285    .ARM.Collect$$libshutdown$$00000004  c_w.l(libshutdown2.o)
    0x08000216   0x08000216   0x00000000   Code   RO         1288    .ARM.Collect$$libshutdown$$00000007  c_w.l(libshutdown2.o)
    0x08000216   0x08000216   0x00000000   Code   RO         1291    .ARM.Collect$$libshutdown$$0000000A  c_w.l(libshutdown2.o)
    0x08000216   0x08000216   0x00000000   Code   RO         1293    .ARM.Collect$$libshutdown$$0000000C  c_w.l(libshutdown2.o)
    0x08000216   0x08000216   0x00000000   Code   RO         1296    .ARM.Collect$$libshutdown$$0000000F  c_w.l(libshutdown2.o)
    0x08000216   0x08000216   0x00000002   Code   RO         1297    .ARM.Collect$$libshutdown$$00000010  c_w.l(libshutdown2.o)
    0x08000218   0x08000218   0x00000000   Code   RO         1135    .ARM.Collect$$rtentry$$00000000  c_w.l(__rtentry.o)
    0x08000218   0x08000218   0x00000000   Code   RO         1204    .ARM.Collect$$rtentry$$00000002  c_w.l(__rtentry2.o)
    0x08000218   0x08000218   0x00000006   Code   RO         1216    .ARM.Collect$$rtentry$$00000004  c_w.l(__rtentry4.o)
    0x0800021e   0x0800021e   0x00000000   Code   RO         1206    .ARM.Collect$$rtentry$$00000009  c_w.l(__rtentry2.o)
    0x0800021e   0x0800021e   0x00000004   Code   RO         1207    .ARM.Collect$$rtentry$$0000000A  c_w.l(__rtentry2.o)
    0x08000222   0x08000222   0x00000000   Code   RO         1209    .ARM.Collect$$rtentry$$0000000C  c_w.l(__rtentry2.o)
    0x08000222   0x08000222   0x00000008   Code   RO         1210    .ARM.Collect$$rtentry$$0000000D  c_w.l(__rtentry2.o)
    0x0800022a   0x0800022a   0x00000002   Code   RO         1249    .ARM.Collect$$rtexit$$00000000  c_w.l(rtexit.o)
    0x0800022c   0x0800022c   0x00000000   Code   RO         1259    .ARM.Collect$$rtexit$$00000002  c_w.l(rtexit2.o)
    0x0800022c   0x0800022c   0x00000004   Code   RO         1260    .ARM.Collect$$rtexit$$00000003  c_w.l(rtexit2.o)
    0x08000230   0x08000230   0x00000006   Code   RO         1261    .ARM.Collect$$rtexit$$00000004  c_w.l(rtexit2.o)
    0x08000236   0x08000236   0x00000002   PAD
    0x08000238   0x08000238   0x00000034   Code   RO         1082    .emb_text           c_w.l(rand.o)
    0x0800026c   0x0800026c   0x0000010c   Code   RO            1    .text               main.o
    0x08000378   0x08000378   0x0000001a   Code   RO          139    .text               stm32f10x_it.o
    0x08000392   0x08000392   0x00000002   PAD
    0x08000394   0x08000394   0x000001e0   Code   RO          180    .text               system_stm32f10x.o
    0x08000574   0x08000574   0x00000050   Code   RO          198    .text               led.o
    0x080005c4   0x080005c4   0x00005846   Code   RO          210    .text               lcd.o
    0x08005e0a   0x08005e0a   0x00000002   PAD
    0x08005e0c   0x08005e0c   0x00000220   Code   RO          259    .text               pid.o
    0x0800602c   0x0800602c   0x00000204   Code   RO          362    .text               exti.o
    0x08006230   0x08006230   0x000000fc   Code   RO          377    .text               key.o
    0x0800632c   0x0800632c   0x000000d4   Code   RO          390    .text               delay.o
    0x08006400   0x08006400   0x00000140   Code   RO          421    .text               usart.o
    0x08006540   0x08006540   0x00000040   Code   RO          457    .text               startup_stm32f10x_hd.o
    0x08006580   0x08006580   0x0000035c   Code   RO          461    .text               stm32f10x_gpio.o
    0x080068dc   0x080068dc   0x000003a4   Code   RO          473    .text               stm32f10x_rcc.o
    0x08006c80   0x08006c80   0x00000408   Code   RO          487    .text               stm32f10x_usart.o
    0x08007088   0x08007088   0x000000dc   Code   RO          499    .text               misc.o
    0x08007164   0x08007164   0x0000011c   Code   RO          607    .text               stm32f10x_exti.o
    0x08007280   0x08007280   0x00000e1a   Code   RO          715    .text               stm32f10x_tim.o
    0x0800809a   0x0800809a   0x00000002   PAD
    0x0800809c   0x0800809c   0x000000f4   Code   RO          746    .text               image2lcd.o
    0x08008190   0x08008190   0x00000522   Code   RO          758    .text               vl53l0x_i2c.o
    0x080086b2   0x080086b2   0x000001e6   Code   RO          770    .text               vl53l0x_platform.o
    0x08008898   0x08008898   0x000019ba   Code   RO          792    .text               vl53l0x_api.o
    0x0800a252   0x0800a252   0x00000002   PAD
    0x0800a254   0x0800a254   0x00000bfe   Code   RO          822    .text               vl53l0x_api_calibration.o
    0x0800ae52   0x0800ae52   0x00000002   PAD
    0x0800ae54   0x0800ae54   0x000016ec   Code   RO          837    .text               vl53l0x_api_core.o
    0x0800c540   0x0800c540   0x00000944   Code   RO          855    .text               vl53l0x_api_strings.o
    0x0800ce84   0x0800ce84   0x000003f8   Code   RO          867    .text               vl53l0x.o
    0x0800d27c   0x0800d27c   0x00000564   Code   RO          886    .text               vl53l0x_cali.o
    0x0800d7e0   0x0800d7e0   0x00000230   Code   RO          905    .text               vl53l0x_gen.o
    0x0800da10   0x0800da10   0x000003cc   Code   RO          947    .text               vl53l0x_it.o
    0x0800dddc   0x0800dddc   0x00000c40   Code   RO          963    .text               usmart.o
    0x0800ea1c   0x0800ea1c   0x00000528   Code   RO         1002    .text               usmart_str.o
    0x0800ef44   0x0800ef44   0x00000002   Code   RO         1016    .text               c_w.l(use_no_semi_2.o)
    0x0800ef46   0x0800ef46   0x00000002   PAD
    0x0800ef48   0x0800ef48   0x00000018   Code   RO         1022    .text               c_w.l(noretval__2printf.o)
    0x0800ef60   0x0800ef60   0x00000028   Code   RO         1024    .text               c_w.l(noretval__2sprintf.o)
    0x0800ef88   0x0800ef88   0x0000004e   Code   RO         1028    .text               c_w.l(_printf_pad.o)
    0x0800efd6   0x0800efd6   0x00000052   Code   RO         1030    .text               c_w.l(_printf_str.o)
    0x0800f028   0x0800f028   0x00000078   Code   RO         1032    .text               c_w.l(_printf_dec.o)
    0x0800f0a0   0x0800f0a0   0x00000058   Code   RO         1037    .text               c_w.l(_printf_hex_int.o)
    0x0800f0f8   0x0800f0f8   0x00000188   Code   RO         1072    .text               c_w.l(__printf_flags_ss_wp.o)
    0x0800f280   0x0800f280   0x0000003c   Code   RO         1083    .text               c_w.l(rand.o)
    0x0800f2bc   0x0800f2bc   0x00000048   Code   RO         1087    .text               c_w.l(strcpy.o)
    0x0800f304   0x0800f304   0x0000008a   Code   RO         1089    .text               c_w.l(rt_memcpy_v6.o)
    0x0800f38e   0x0800f38e   0x00000064   Code   RO         1091    .text               c_w.l(rt_memcpy_w.o)
    0x0800f3f2   0x0800f3f2   0x00000044   Code   RO         1093    .text               c_w.l(rt_memclr.o)
    0x0800f436   0x0800f436   0x0000004e   Code   RO         1095    .text               c_w.l(rt_memclr_w.o)
    0x0800f484   0x0800f484   0x00000006   Code   RO         1097    .text               c_w.l(heapauxi.o)
    0x0800f48a   0x0800f48a   0x00000002   Code   RO         1133    .text               c_w.l(use_no_semi.o)
    0x0800f48c   0x0800f48c   0x000000b2   Code   RO         1136    .text               c_w.l(_printf_intcommon.o)
    0x0800f53e   0x0800f53e   0x00000002   PAD
    0x0800f540   0x0800f540   0x00000030   Code   RO         1138    .text               c_w.l(_printf_char_common.o)
    0x0800f570   0x0800f570   0x0000000a   Code   RO         1140    .text               c_w.l(_sputc.o)
    0x0800f57a   0x0800f57a   0x0000002c   Code   RO         1142    .text               c_w.l(_printf_char.o)
    0x0800f5a6   0x0800f5a6   0x00000002   PAD
    0x0800f5a8   0x0800f5a8   0x00000024   Code   RO         1144    .text               c_w.l(_printf_char_file.o)
    0x0800f5cc   0x0800f5cc   0x00000008   Code   RO         1220    .text               c_w.l(ferror.o)
    0x0800f5d4   0x0800f5d4   0x0000004a   Code   RO         1230    .text               c_w.l(sys_stackheap_outer.o)
    0x0800f61e   0x0800f61e   0x00000012   Code   RO         1232    .text               c_w.l(exit.o)
    0x0800f630   0x0800f630   0x00000008   Code   RO         1246    .text               c_w.l(libspace.o)
    0x0800f638   0x0800f638   0x0000000e   Code   RO         1065    i._is_digit         c_w.l(__printf_wp.o)
    0x0800f646   0x0800f646   0x00000002   PAD
    0x0800f648   0x0800f648   0x0000005a   Code   RO         1101    x$fpl$dfixu         fz_ws.l(dfixu.o)
    0x0800f6a2   0x0800f6a2   0x00000026   Code   RO         1105    x$fpl$dfltu         fz_ws.l(dflt_clz.o)
    0x0800f6c8   0x0800f6c8   0x00000154   Code   RO         1111    x$fpl$dmul          fz_ws.l(dmul.o)
    0x0800f81c   0x0800f81c   0x0000009c   Code   RO         1192    x$fpl$dnaninf       fz_ws.l(dnaninf.o)
    0x0800f8b8   0x0800f8b8   0x0000000c   Code   RO         1194    x$fpl$dretinf       fz_ws.l(dretinf.o)
    0x0800f8c4   0x0800f8c4   0x000000c4   Code   RO         1113    x$fpl$fadd          fz_ws.l(faddsub_clz.o)
    0x0800f988   0x0800f988   0x00000018   Code   RO         1226    x$fpl$fcmpinf       fz_ws.l(fcmpi.o)
    0x0800f9a0   0x0800f9a0   0x0000003e   Code   RO         1119    x$fpl$ffixu         fz_ws.l(ffixu.o)
    0x0800f9de   0x0800f9de   0x00000002   PAD
    0x0800f9e0   0x0800f9e0   0x00000030   Code   RO         1124    x$fpl$fflt          fz_ws.l(fflt_clz.o)
    0x0800fa10   0x0800fa10   0x00000026   Code   RO         1123    x$fpl$ffltu         fz_ws.l(fflt_clz.o)
    0x0800fa36   0x0800fa36   0x00000002   PAD
    0x0800fa38   0x0800fa38   0x00000068   Code   RO         1196    x$fpl$fleqf         fz_ws.l(fleqf.o)
    0x0800faa0   0x0800faa0   0x00000102   Code   RO         1129    x$fpl$fmul          fz_ws.l(fmul.o)
    0x0800fba2   0x0800fba2   0x0000008c   Code   RO         1198    x$fpl$fnaninf       fz_ws.l(fnaninf.o)
    0x0800fc2e   0x0800fc2e   0x0000000a   Code   RO         1200    x$fpl$fretinf       fz_ws.l(fretinf.o)
    0x0800fc38   0x0800fc38   0x00000062   Code   RO         1131    x$fpl$frleqf        fz_ws.l(frleqf.o)
    0x0800fc9a   0x0800fc9a   0x00000002   PAD
    0x0800fc9c   0x0800fc9c   0x000000ea   Code   RO         1115    x$fpl$fsub          fz_ws.l(faddsub_clz.o)
    0x0800fd86   0x0800fd86   0x00000000   Code   RO         1202    x$fpl$usenofp       fz_ws.l(usenofp.o)
    0x0800fd86   0x0800fd86   0x000017c0   Data   RO          212    .constdata          lcd.o
    0x08011546   0x08011546   0x00013888   Data   RO          739    .constdata          image1.o
    0x08024dce   0x08024dce   0x00000028   Data   RO         1038    .constdata          c_w.l(_printf_hex_int.o)
    0x08024df6   0x08024df6   0x00000011   Data   RO         1073    .constdata          c_w.l(__printf_flags_ss_wp.o)
    0x08024e07   0x08024e07   0x00000001   PAD
    0x08024e08   0x08024e08   0x00000055   Data   RO          888    .conststring        vl53l0x_cali.o
    0x08024e5d   0x08024e5d   0x00000003   PAD
    0x08024e60   0x08024e60   0x00000028   Data   RO          964    .conststring        usmart.o
    0x08024e88   0x08024e88   0x00000074   Data   RO          986    .conststring        usmart_config.o
    0x08024efc   0x08024efc   0x00000020   Data   RO         1314    Region$$Table       anon$$obj.o


    Execution Region RW_IRAM1 (Exec base: 0x20000000, Load base: 0x08024f1c, Size: 0x00000f08, Max: 0x0000c000, ABSOLUTE, COMPRESSED[0x00000324])

    Exec Addr    Load Addr    Size         Type   Attr      Idx    E Section Name        Object

    0x20000000   COMPRESSED   0x00000014   Data   RW          181    .data               system_stm32f10x.o
    0x20000014   COMPRESSED   0x00000004   Data   RW          213    .data               lcd.o
    0x20000018   COMPRESSED   0x00000022   Data   RW          260    .data               pid.o
    0x2000003a   COMPRESSED   0x00000002   PAD
    0x2000003c   COMPRESSED   0x00000004   Data   RW          363    .data               exti.o
    0x20000040   COMPRESSED   0x00000001   Data   RW          378    .data               key.o
    0x20000041   COMPRESSED   0x00000001   PAD
    0x20000042   COMPRESSED   0x00000004   Data   RW          391    .data               delay.o
    0x20000046   COMPRESSED   0x00000002   PAD
    0x20000048   COMPRESSED   0x00000006   Data   RW          423    .data               usart.o
    0x2000004e   COMPRESSED   0x00000014   Data   RW          474    .data               stm32f10x_rcc.o
    0x20000062   COMPRESSED   0x000002a9   Data   RW          793    .data               vl53l0x_api.o
    0x2000030b   COMPRESSED   0x00000001   PAD
    0x2000030c   COMPRESSED   0x00000010   Data   RW          823    .data               vl53l0x_api_calibration.o
    0x2000031c   COMPRESSED   0x00000039   Data   RW          869    .data               vl53l0x.o
    0x20000355   COMPRESSED   0x00000001   PAD
    0x20000356   COMPRESSED   0x00000004   Data   RW          907    .data               vl53l0x_gen.o
    0x2000035a   COMPRESSED   0x00000002   PAD
    0x2000035c   COMPRESSED   0x0000000d   Data   RW          949    .data               vl53l0x_it.o
    0x20000369   COMPRESSED   0x00000003   PAD
    0x2000036c   COMPRESSED   0x0000001c   Data   RW          965    .data               usmart.o
    0x20000388   COMPRESSED   0x00000114   Data   RW          987    .data               usmart_config.o
    0x2000049c        -       0x0000000e   Zero   RW          211    .bss                lcd.o
    0x200004aa        -       0x000000c8   Zero   RW          422    .bss                usart.o
    0x20000572   COMPRESSED   0x00000002   PAD
    0x20000574        -       0x000001c3   Zero   RW          868    .bss                vl53l0x.o
    0x20000737        -       0x00000030   Zero   RW          887    .bss                vl53l0x_cali.o
    0x20000767   COMPRESSED   0x00000001   PAD
    0x20000768        -       0x0000003c   Zero   RW          906    .bss                vl53l0x_gen.o
    0x200007a4        -       0x00000020   Zero   RW          948    .bss                vl53l0x_it.o
    0x200007c4        -       0x000000e4   Zero   RW         1084    .bss                c_w.l(rand.o)
    0x200008a8        -       0x00000060   Zero   RW         1247    .bss                c_w.l(libspace.o)
    0x20000908        -       0x00000200   Zero   RW          455    HEAP                startup_stm32f10x_hd.o
    0x20000b08        -       0x00000400   Zero   RW          454    STACK               startup_stm32f10x_hd.o


==============================================================================

Image component sizes


      Code (inc. data)   RO Data    RW Data    ZI Data      Debug   Object Name

       212         18          0          4          0       1019   delay.o
       516         70          0          4          0       1305   exti.o
         0          0      80008          0          0        416   image1.o
       244         14          0          0          0       1722   image2lcd.o
       252         16          0          1          0        824   key.o
     22598        208       6080          4         14      24947   lcd.o
        80          8          0          0          0        487   led.o
       268         46          0          0          0     256583   main.o
       220         22          0          0          0       1777   misc.o
       544        114          0         34          0      18247   pid.o
        64         26        304          0       1536        784   startup_stm32f10x_hd.o
       284         10          0          0          0       2231   stm32f10x_exti.o
       860         38          0          0          0       5709   stm32f10x_gpio.o
        26          0          0          0          0       1170   stm32f10x_it.o
       932         36          0         20          0       8876   stm32f10x_rcc.o
      3610         88          0          0          0      22816   stm32f10x_tim.o
      1032         22          0          0          0       8436   stm32f10x_usart.o
         0          0          0          0          0         32   sys.o
       480         38          0         20          0       1707   system_stm32f10x.o
       320         16          0          6        200       3134   usart.o
      3136       1288         40         28          0       4294   usmart.o
         0          0        116        276          0       1608   usmart_config.o
      1320         12          0          0          0       5205   usmart_str.o
      1016        330          0         57        451       4363   vl53l0x.o
      6586         70          0        681          0      39389   vl53l0x_api.o
      3070         12          0         16          0      14844   vl53l0x_api_calibration.o
      5868         16          0          0          0      20760   vl53l0x_api_core.o
      2372       1266          0          0          0       4569   vl53l0x_api_strings.o
      1380        846         85          0         48       2436   vl53l0x_cali.o
       560         38          0          4         60      18652   vl53l0x_gen.o
      1314         12          0          0          0       6903   vl53l0x_i2c.o
       972         84          0         13         32       2863   vl53l0x_it.o
       486          0          0          0          0       4655   vl53l0x_platform.o

    ----------------------------------------------------------------------
     60632       4764      86668       1180       2344     492763   Object Totals
         0          0         32          0          0          0   (incl. Generated)
        10          0          3         12          3          0   (incl. Padding)

    ----------------------------------------------------------------------

      Code (inc. data)   RO Data    RW Data    ZI Data      Debug   Library Member Name

        90          0          0          0          0          0   __dczerorl2.o
         8          0          0          0          0         68   __main.o
       392          4         17          0          0         92   __printf_flags_ss_wp.o
        14          0          0          0          0         68   __printf_wp.o
         0          0          0          0          0          0   __rtentry.o
        12          0          0          0          0          0   __rtentry2.o
         6          0          0          0          0          0   __rtentry4.o
        52          8          0          0          0          0   __scatter.o
        28          0          0          0          0          0   __scatter_zi.o
         6          0          0          0          0          0   _printf_c.o
        44          0          0          0          0        108   _printf_char.o
        48          6          0          0          0         96   _printf_char_common.o
        36          4          0          0          0         80   _printf_char_file.o
         6          0          0          0          0          0   _printf_d.o
       120         16          0          0          0         92   _printf_dec.o
        88          4         40          0          0         88   _printf_hex_int.o
         6          0          0          0          0          0   _printf_i.o
       178          0          0          0          0         88   _printf_intcommon.o
        78          0          0          0          0        108   _printf_pad.o
         0          0          0          0          0          0   _printf_percent.o
         4          0          0          0          0          0   _printf_percent_end.o
         6          0          0          0          0          0   _printf_s.o
        82          0          0          0          0         80   _printf_str.o
         6          0          0          0          0          0   _printf_u.o
         6          0          0          0          0          0   _printf_x.o
        10          0          0          0          0         68   _sputc.o
        18          0          0          0          0         80   exit.o
         8          0          0          0          0         68   ferror.o
         6          0          0          0          0        152   heapauxi.o
         2          0          0          0          0          0   libinit.o
         6          0          0          0          0          0   libinit2.o
         2          0          0          0          0          0   libshutdown.o
         2          0          0          0          0          0   libshutdown2.o
         8          4          0          0         96         68   libspace.o
        24          4          0          0          0         84   noretval__2printf.o
        40          6          0          0          0         84   noretval__2sprintf.o
       112         18          0          0        228        160   rand.o
        68          0          0          0          0         68   rt_memclr.o
        78          0          0          0          0         80   rt_memclr_w.o
       138          0          0          0          0         68   rt_memcpy_v6.o
       100          0          0          0          0         80   rt_memcpy_w.o
         2          0          0          0          0          0   rtexit.o
        10          0          0          0          0          0   rtexit2.o
        72          0          0          0          0         80   strcpy.o
        74          0          0          0          0         80   sys_stackheap_outer.o
         2          0          0          0          0         68   use_no_semi.o
         2          0          0          0          0         68   use_no_semi_2.o
        90          4          0          0          0         92   dfixu.o
        38          0          0          0          0         68   dflt_clz.o
       340         12          0          0          0        104   dmul.o
       156          4          0          0          0         92   dnaninf.o
        12          0          0          0          0         68   dretinf.o
       430          8          0          0          0        168   faddsub_clz.o
        24          0          0          0          0         68   fcmpi.o
        62          4          0          0          0         84   ffixu.o
        86          0          0          0          0        136   fflt_clz.o
       104          4          0          0          0         84   fleqf.o
       258          4          0          0          0         84   fmul.o
       140          4          0          0          0         84   fnaninf.o
        10          0          0          0          0         68   fretinf.o
        98          0          0          0          0         68   frleqf.o
         0          0          0          0          0          0   usenofp.o

    ----------------------------------------------------------------------
      3966        118         58          0        324       3592   Library Totals
        18          0          1          0          0          0   (incl. Padding)

    ----------------------------------------------------------------------

      Code (inc. data)   RO Data    RW Data    ZI Data      Debug   Library Name

      2100         74         57          0        324       2324   c_w.l
      1848         44          0          0          0       1268   fz_ws.l

    ----------------------------------------------------------------------
      3966        118         58          0        324       3592   Library Totals

    ----------------------------------------------------------------------

==============================================================================


      Code (inc. data)   RO Data    RW Data    ZI Data      Debug   

     64598       4882      86726       1180       2668     491775   Grand Totals
     64598       4882      86726        804       2668     491775   ELF Image Totals (compressed)
     64598       4882      86726        804          0          0   ROM Totals

==============================================================================

    Total RO  Size (Code + RO Data)               151324 ( 147.78kB)
    Total RW  Size (RW Data + ZI Data)              3848 (   3.76kB)
    Total ROM Size (Code + RO Data + RW Data)     152128 ( 148.56kB)

==============================================================================

