<html>
<body>
<pre>
<h1>µVision Build Log</h1>
<h2>Tool Versions:</h2>
IDE-Version: ¦ÌVision V5.27.1.0
Copyright (C) 2019 ARM Ltd and ARM Germany GmbH. All rights reserved.
License Information: 11 wyw, 222, LIC=BL2BS-LI653-5BVEB-2IAUW-P71GP-RNRZB
 
Tool Versions:
Toolchain:       MDK-ARM Professional  Version: 5.27.1.0
Toolchain Path:  E:\Keil_v5\ARM\ARMCC\Bin
C Compiler:      Armcc.exe V5.06 update 6 (build 750)
Assembler:       Armasm.exe V5.06 update 6 (build 750)
Linker/Locator:  ArmLink.exe V5.06 update 6 (build 750)
Library Manager: ArmAr.exe V5.06 update 6 (build 750)
Hex Converter:   FromElf.exe V5.06 update 6 (build 750)
CPU DLL:         SARMCM3.DLL V5.27.1.0
Dialog DLL:      DCM.DLL V1.17.2.0
Target DLL:      STLink\ST-LINKIII-KEIL_SWO.dll V3.0.6.0
Dialog DLL:      TCM.DLL V1.36.1.0
 
<h2>Project:</h2>
F:\mystm32programme\Ð£Èü³ÌÐò\2019.8.28.9.44\USER\VL53L0X.uvprojx
Project File Date:  08/29/2019

<h2>Output:</h2>
*** Using Compiler 'V5.06 update 6 (build 750)', folder: 'E:\Keil_v5\ARM\ARMCC\Bin'
Build target 'VL53L0X'
compiling led.c...
compiling exti.c...
compiling key.c...
compiling pwm.c...
compiling stm32f10x_it.c...
compiling system_stm32f10x.c...
compiling meau.c...
compiling tim.c...
compiling main.c...
compiling pid.c...
..\HARDWARE\pid.c(30): warning:  #167-D: argument of type "char *" is incompatible with parameter of type "u8 *"
          LCD_ShowString(160,120,200,16,16,dis);
..\HARDWARE\pid.c(349): warning:  #1-D: last line of file ends without a newline
  }
..\HARDWARE\pid.c: 2 warnings, 0 errors
compiling gt9147.c...
compiling ctiic.c...
compiling ft5206.c...
compiling lcd.c...
assembling startup_stm32f10x_hd.s...
compiling usart.c...
compiling ott2001a.c...
compiling touch.c...
compiling myiic.c...
compiling delay.c...
compiling 24cxx.c...
compiling stm32f10x_rcc.c...
compiling stm32f10x_gpio.c...
compiling vl53l0x_api_calibration.c...
compiling stm32f10x_i2c.c...
compiling stm32f10x_usart.c...
compiling sys.c...
compiling stm32f10x_exti.c...
compiling core_cm3.c...
compiling stm32f10x_tim.c...
compiling misc.c...
compiling vl53l0x_api.c...
compiling vl53l0x_api_ranging.c...
compiling vl53l0x_api_core.c...
compiling vl53l0x_it.c...
compiling image1.c...
compiling vl53l0x_api_strings.c...
compiling vl53l0x_gen.c...
compiling usmart_str.c...
compiling vl53l0x.c...
compiling vl53l0x_platform.c...
compiling vl53l0x_i2c.c...
compiling vl53l0x_cali.c...
compiling usmart.c...
compiling usmart_config.c...
compiling image2lcd.c...
linking...
Program Size: Code=81058 RO-data=165646 RW-data=1248 ZI-data=2672  
FromELF: creating hex file...
"..\OBJ\VL53L0X.axf" - 0 Error(s), 2 Warning(s).

<h2>Software Packages used:</h2>

Package Vendor: Keil
                http://www.keil.com/pack/Keil.STM32F1xx_DFP.1.0.5.pack
                Keil.STM32F1xx_DFP.1.0.5
                STMicroelectronics STM32F1 Series Device Support, Drivers and Examples

<h2>Collection of Component include folders:</h2>
  .\RTE\_VL53L0X
  E:\Users\wyw\AppData\Local\Arm\Packs\Keil\STM32F1xx_DFP\1.0.5\Device\Include

<h2>Collection of Component Files used:</h2>
Build Time Elapsed:  00:00:07
</pre>
</body>
</html>
